[     497ms] [INFO] %cDownload the React DevTools for a better development experience: https://react.dev/link/react-devtools font-weight:bold @ http://localhost:3000/_next/static/chunks/d6e4c_next_dist_f826b2eb._.js:2287
[     530ms] [LOG] [HMR] connected @ http://localhost:3000/_next/static/chunks/d6e4c_next_dist_f826b2eb._.js:2287
[     653ms] [LOG] %c[Vercel Web Analytics]%c Debug mode is enabled by default in development. No requests will be sent to the server. color: rgb(120, 120, 120) color: inherit @ http://localhost:3000/_next/static/chunks/d6e4c_next_dist_f826b2eb._.js:2287
[     653ms] [LOG] %c[Vercel Web Analytics]%c Running queued event color: rgb(120, 120, 120) color: inherit pageview {route: /memes, path: /memes} @ http://localhost:3000/_next/static/chunks/d6e4c_next_dist_f826b2eb._.js:2287
[     653ms] [LOG] %c[Vercel Web Analytics]%c [view] http://localhost:3000/memes color: rgb(120, 120, 120) color: inherit {o: http://localhost:3000/memes, sv: 0.1.3, sdkn: @vercel/analytics/next, sdkv: 1.3.1, ts: 1778097587616} /_vercel/insights/view @ http://localhost:3000/_next/static/chunks/d6e4c_next_dist_f826b2eb._.js:2287
[    2033ms] [ERROR] ErrorUtils caught an error:

Could not find element "u_1_u_3z" [Caught in: Module "__elem_a588f507_1_0_bh"]

Subsequent non-fatal errors won't be logged; see https://fburl.com/debugjs. {column: 180, clientTime: 1778097588, extra: Object, guardList: Array(4), hash: uvs1nz} @ https://static.xx.fbcdn.net/rsrc.php/v4/yb/r/rnHa3YCp_r6.js:77
[    2034ms] [ERROR] ErrorUtils caught an error:

DataStore.get: namespace is required, got undefined

Subsequent non-fatal errors won't be logged; see https://fburl.com/debugjs. {column: 712, clientTime: 1778097588, extra: Object, guardList: Array(4), hash: vrgny0} @ https://static.xx.fbcdn.net/rsrc.php/v4/yb/r/rnHa3YCp_r6.js:77
[    2035ms] [ERROR] ErrorUtils caught an error:

Could not find element "u_1_1_Iy" [Caught in: Module "__elem_9fc087ed_1_0_5z"]

Subsequent non-fatal errors won't be logged; see https://fburl.com/debugjs. {column: 180, clientTime: 1778097588, extra: Object, guardList: Array(4), hash: uvs1nz} @ https://static.xx.fbcdn.net/rsrc.php/v4/yb/r/rnHa3YCp_r6.js:77
[    2036ms] [ERROR] ErrorUtils caught an error:

Could not find element "u_1_1_Iy" [Caught in: Module "__elem_9fc087ed_1_0_5z"] [Caught in: Requiring module "__elem_9fc087ed_1_0_5z" which threw an exception]

Subsequent non-fatal errors won't be logged; see https://fburl.com/debugjs. {column: 180, clientTime: 1778097588, extra: Object, guardList: Array(4), hash: uvs1nz} @ https://static.xx.fbcdn.net/rsrc.php/v4/yb/r/rnHa3YCp_r6.js:77
[    2036ms] [ERROR] ErrorUtils caught an error:

Could not find element "u_1_0_nZ" [Caught in: Module "__elem_9fc087ed_1_1_wh"]

Subsequent non-fatal errors won't be logged; see https://fburl.com/debugjs. {column: 180, clientTime: 1778097589, extra: Object, guardList: Array(4), hash: uvs1nz} @ https://static.xx.fbcdn.net/rsrc.php/v4/yb/r/rnHa3YCp_r6.js:77
[    2037ms] [ERROR] ErrorUtils caught an error:

Could not find element "u_1_0_nZ" [Caught in: Module "__elem_9fc087ed_1_1_wh"] [Caught in: Requiring module "__elem_9fc087ed_1_1_wh" which threw an exception]

Subsequent non-fatal errors won't be logged; see https://fburl.com/debugjs. {column: 180, clientTime: 1778097589, extra: Object, guardList: Array(4), hash: uvs1nz} @ https://static.xx.fbcdn.net/rsrc.php/v4/yb/r/rnHa3YCp_r6.js:77
[    2037ms] [ERROR] ErrorUtils caught an error:

Could not find element "u_1_7_1G" [Caught in: Module "__elem_a588f507_1_2_mZ"]

Subsequent non-fatal errors won't be logged; see https://fburl.com/debugjs. {column: 180, clientTime: 1778097589, extra: Object, guardList: Array(4), hash: uvs1nz} @ https://static.xx.fbcdn.net/rsrc.php/v4/yb/r/rnHa3YCp_r6.js:77
[    2038ms] [ERROR] ErrorUtils caught an error:

Could not find element "u_1_8_pw" [Caught in: Module "__elem_de92090e_1_0_Mj"]

Subsequent non-fatal errors won't be logged; see https://fburl.com/debugjs. {column: 180, clientTime: 1778097589, extra: Object, guardList: Array(4), hash: uvs1nz} @ https://static.xx.fbcdn.net/rsrc.php/v4/yb/r/rnHa3YCp_r6.js:77
[    2039ms] [ERROR] ErrorUtils caught an error:

Could not find element "u_1_9_at" [Caught in: Module "__elem_072b8e64_1_0_/o"]

Subsequent non-fatal errors won't be logged; see https://fburl.com/debugjs. {column: 180, clientTime: 1778097589, extra: Object, guardList: Array(4), hash: uvs1nz} @ https://static.xx.fbcdn.net/rsrc.php/v4/yb/r/rnHa3YCp_r6.js:77
[    2039ms] [ERROR] ErrorUtils caught an error:

Could not find element "u_1_d_5J" [Caught in: Module "__elem_fc9f538f_1_0_3+"]

Subsequent non-fatal errors won't be logged; see https://fburl.com/debugjs. {column: 180, clientTime: 1778097589, extra: Object, guardList: Array(4), hash: 5afhib} @ https://static.xx.fbcdn.net/rsrc.php/v4/yb/r/rnHa3YCp_r6.js:77
[    2040ms] [ERROR] ErrorUtils caught an error:

Could not find element "u_1_h_z2" [Caught in: Module "__elem_fc9f538f_1_1_u9"]

Subsequent non-fatal errors won't be logged; see https://fburl.com/debugjs. {column: 180, clientTime: 1778097589, extra: Object, guardList: Array(4), hash: 5afhib} @ https://static.xx.fbcdn.net/rsrc.php/v4/yb/r/rnHa3YCp_r6.js:77
[    2040ms] [ERROR] ErrorUtils caught an error:

Could not find element "u_1_a_QD" [Caught in: Module "__elem_a588f507_1_3_rR"]

Subsequent non-fatal errors won't be logged; see https://fburl.com/debugjs. {column: 180, clientTime: 1778097589, extra: Object, guardList: Array(4), hash: uvs1nz} @ https://static.xx.fbcdn.net/rsrc.php/v4/yb/r/rnHa3YCp_r6.js:77
[    2041ms] [ERROR] ErrorUtils caught an error:

Could not find element "u_1_b_Si" [Caught in: Module "__elem_de92090e_1_1_TC"]

Subsequent non-fatal errors won't be logged; see https://fburl.com/debugjs. {column: 180, clientTime: 1778097589, extra: Object, guardList: Array(4), hash: uvs1nz} @ https://static.xx.fbcdn.net/rsrc.php/v4/yb/r/rnHa3YCp_r6.js:77
[    2041ms] [ERROR] ErrorUtils caught an error:

Could not find element "u_1_c_/q" [Caught in: Module "__elem_072b8e64_1_1_EJ"]

Subsequent non-fatal errors won't be logged; see https://fburl.com/debugjs. {column: 180, clientTime: 1778097589, extra: Object, guardList: Array(4), hash: uvs1nz} @ https://static.xx.fbcdn.net/rsrc.php/v4/yb/r/rnHa3YCp_r6.js:77
[    2041ms] [ERROR] ErrorUtils caught an error:

Could not find element "u_1_2_4t" [Caught in: Module "__elem_9fc087ed_1_2_kR"]

Subsequent non-fatal errors won't be logged; see https://fburl.com/debugjs. {column: 180, clientTime: 1778097589, extra: Object, guardList: Array(4), hash: uvs1nz} @ https://static.xx.fbcdn.net/rsrc.php/v4/yb/r/rnHa3YCp_r6.js:77
[    2042ms] [ERROR] ErrorUtils caught an error:

Could not find element "u_1_2_4t" [Caught in: Module "__elem_9fc087ed_1_2_kR"] [Caught in: Requiring module "__elem_9fc087ed_1_2_kR" which threw an exception]

Subsequent non-fatal errors won't be logged; see https://fburl.com/debugjs. {column: 180, clientTime: 1778097589, extra: Object, guardList: Array(4), hash: uvs1nz} @ https://static.xx.fbcdn.net/rsrc.php/v4/yb/r/rnHa3YCp_r6.js:77
[    2042ms] [ERROR] ErrorUtils caught an error:

Could not find element "u_1_4_Zd" [Caught in: Module "__elem_9fc087ed_1_3_Gs"]

Subsequent non-fatal errors won't be logged; see https://fburl.com/debugjs. {column: 180, clientTime: 1778097589, extra: Object, guardList: Array(4), hash: uvs1nz} @ https://static.xx.fbcdn.net/rsrc.php/v4/yb/r/rnHa3YCp_r6.js:77
[    2042ms] [ERROR] ErrorUtils caught an error:

Could not find element "u_1_4_Zd" [Caught in: Module "__elem_9fc087ed_1_3_Gs"] [Caught in: Requiring module "__elem_9fc087ed_1_3_Gs" which threw an exception]

Subsequent non-fatal errors won't be logged; see https://fburl.com/debugjs. {column: 180, clientTime: 1778097589, extra: Object, guardList: Array(4), hash: uvs1nz} @ https://static.xx.fbcdn.net/rsrc.php/v4/yb/r/rnHa3YCp_r6.js:77
[    2043ms] [ERROR] ErrorUtils caught an error:

Could not find element "u_1_3_Io" [Caught in: Module "__elem_9fc087ed_1_4_TZ"]

Subsequent non-fatal errors won't be logged; see https://fburl.com/debugjs. {column: 180, clientTime: 1778097589, extra: Object, guardList: Array(4), hash: uvs1nz} @ https://static.xx.fbcdn.net/rsrc.php/v4/yb/r/rnHa3YCp_r6.js:77
[    2043ms] [ERROR] ErrorUtils caught an error:

Could not find element "u_1_3_Io" [Caught in: Module "__elem_9fc087ed_1_4_TZ"] [Caught in: Requiring module "__elem_9fc087ed_1_4_TZ" which threw an exception]

Subsequent non-fatal errors won't be logged; see https://fburl.com/debugjs. {column: 180, clientTime: 1778097589, extra: Object, guardList: Array(4), hash: uvs1nz} @ https://static.xx.fbcdn.net/rsrc.php/v4/yb/r/rnHa3YCp_r6.js:77
[    2043ms] [ERROR] ErrorUtils caught an error:

Could not find element "u_1_p_8O" [Caught in: Module "__elem_fc9f538f_1_2_VH"]

Subsequent non-fatal errors won't be logged; see https://fburl.com/debugjs. {column: 180, clientTime: 1778097589, extra: Object, guardList: Array(4), hash: 5afhib} @ https://static.xx.fbcdn.net/rsrc.php/v4/yb/r/rnHa3YCp_r6.js:77
[    2044ms] [ERROR] ErrorUtils caught an error:

Could not find element "u_1_o_q6" [Caught in: Module "__elem_fc9f538f_1_3_f1"]

Subsequent non-fatal errors won't be logged; see https://fburl.com/debugjs. {column: 180, clientTime: 1778097589, extra: Object, guardList: Array(4), hash: 5afhib} @ https://static.xx.fbcdn.net/rsrc.php/v4/yb/r/rnHa3YCp_r6.js:77
[    2044ms] [ERROR] ErrorUtils caught an error:

Could not find element "u_1_t_pn" [Caught in: Module "__elem_fc9f538f_1_4_N2"]

Subsequent non-fatal errors won't be logged; see https://fburl.com/debugjs. {column: 180, clientTime: 1778097589, extra: Object, guardList: Array(4), hash: 5afhib} @ https://static.xx.fbcdn.net/rsrc.php/v4/yb/r/rnHa3YCp_r6.js:77
[    2045ms] [ERROR] ErrorUtils caught an error:

Could not find element "u_1_i_8n" [Caught in: Module "__elem_a588f507_1_4_OV"]

Subsequent non-fatal errors won't be logged; see https://fburl.com/debugjs. {column: 180, clientTime: 1778097589, extra: Object, guardList: Array(4), hash: uvs1nz} @ https://static.xx.fbcdn.net/rsrc.php/v4/yb/r/rnHa3YCp_r6.js:77
[    2046ms] [ERROR] ErrorUtils caught an error:

Could not find element "u_1_j_7c" [Caught in: Module "__elem_de92090e_1_2_dy"]

Subsequent non-fatal errors won't be logged; see https://fburl.com/debugjs. {column: 180, clientTime: 1778097589, extra: Object, guardList: Array(4), hash: uvs1nz} @ https://static.xx.fbcdn.net/rsrc.php/v4/yb/r/rnHa3YCp_r6.js:77
[    2046ms] [ERROR] ErrorUtils caught an error:

Could not find element "u_1_k_2O" [Caught in: Module "__elem_072b8e64_1_2_OW"]

Subsequent non-fatal errors won't be logged; see https://fburl.com/debugjs. {column: 180, clientTime: 1778097589, extra: Object, guardList: Array(4), hash: uvs1nz} @ https://static.xx.fbcdn.net/rsrc.php/v4/yb/r/rnHa3YCp_r6.js:77
[    2047ms] [ERROR] ErrorUtils caught an error:

Could not find element "u_1_l_di" [Caught in: Module "__elem_a588f507_1_5_7Y"]

Subsequent non-fatal errors won't be logged; see https://fburl.com/debugjs. {column: 180, clientTime: 1778097589, extra: Object, guardList: Array(4), hash: uvs1nz} @ https://static.xx.fbcdn.net/rsrc.php/v4/yb/r/rnHa3YCp_r6.js:77
[    2047ms] [ERROR] ErrorUtils caught an error:

Could not find element "u_1_m_oR" [Caught in: Module "__elem_de92090e_1_3_XY"]

Subsequent non-fatal errors won't be logged; see https://fburl.com/debugjs. {column: 180, clientTime: 1778097589, extra: Object, guardList: Array(4), hash: uvs1nz} @ https://static.xx.fbcdn.net/rsrc.php/v4/yb/r/rnHa3YCp_r6.js:77
[    2047ms] [ERROR] ErrorUtils caught an error:

Could not find element "u_1_n_H0" [Caught in: Module "__elem_072b8e64_1_3_Ys"]

Subsequent non-fatal errors won't be logged; see https://fburl.com/debugjs. {column: 180, clientTime: 1778097589, extra: Object, guardList: Array(4), hash: uvs1nz} @ https://static.xx.fbcdn.net/rsrc.php/v4/yb/r/rnHa3YCp_r6.js:77
[    2047ms] [ERROR] ErrorUtils caught an error:

Could not find element "u_1_q_QQ" [Caught in: Module "__elem_a588f507_1_6_bR"]

Subsequent non-fatal errors won't be logged; see https://fburl.com/debugjs. {column: 180, clientTime: 1778097589, extra: Object, guardList: Array(4), hash: uvs1nz} @ https://static.xx.fbcdn.net/rsrc.php/v4/yb/r/rnHa3YCp_r6.js:77
[    2047ms] [ERROR] ErrorUtils caught an error:

Could not find element "u_1_r_hn" [Caught in: Module "__elem_de92090e_1_4_G9"]

Subsequent non-fatal errors won't be logged; see https://fburl.com/debugjs. {column: 180, clientTime: 1778097589, extra: Object, guardList: Array(4), hash: uvs1nz} @ https://static.xx.fbcdn.net/rsrc.php/v4/yb/r/rnHa3YCp_r6.js:77
[    2048ms] [ERROR] ErrorUtils caught an error:

Could not find element "u_1_s_8r" [Caught in: Module "__elem_072b8e64_1_4_O6"]

Subsequent non-fatal errors won't be logged; see https://fburl.com/debugjs. {column: 180, clientTime: 1778097589, extra: Object, guardList: Array(4), hash: uvs1nz} @ https://static.xx.fbcdn.net/rsrc.php/v4/yb/r/rnHa3YCp_r6.js:77
