[    1028ms] [INFO] %cDownload the React DevTools for a better development experience: https://react.dev/link/react-devtools font-weight:bold @ http://localhost:3000/_next/static/chunks/d6e4c_next_dist_f826b2eb._.js:2287
[    1069ms] [LOG] [HMR] connected @ http://localhost:3000/_next/static/chunks/d6e4c_next_dist_f826b2eb._.js:2287
[    1177ms] [LOG] %c[Vercel Web Analytics]%c Debug mode is enabled by default in development. No requests will be sent to the server. color: rgb(120, 120, 120) color: inherit @ http://localhost:3000/_next/static/chunks/d6e4c_next_dist_f826b2eb._.js:2287
[    1177ms] [LOG] %c[Vercel Web Analytics]%c Running queued event color: rgb(120, 120, 120) color: inherit pageview {route: /memes, path: /memes} @ http://localhost:3000/_next/static/chunks/d6e4c_next_dist_f826b2eb._.js:2287
[    1178ms] [LOG] %c[Vercel Web Analytics]%c [view] http://localhost:3000/memes color: rgb(120, 120, 120) color: inherit {o: http://localhost:3000/memes, sv: 0.1.3, sdkn: @vercel/analytics/next, sdkv: 1.3.1, ts: 1778097389905} /_vercel/insights/view @ http://localhost:3000/_next/static/chunks/d6e4c_next_dist_f826b2eb._.js:2287
[    2122ms] [ERROR] ErrorUtils caught an error:

Could not find element "u_1_u_0R" [Caught in: Module "__elem_a588f507_1_0_p0"]

Subsequent non-fatal errors won't be logged; see https://fburl.com/debugjs. {column: 180, clientTime: 1778097390, extra: Object, guardList: Array(4), hash: uvs1nz} @ https://static.xx.fbcdn.net/rsrc.php/v4/yb/r/rnHa3YCp_r6.js:77
[    2123ms] [ERROR] ErrorUtils caught an error:

DataStore.get: namespace is required, got undefined

Subsequent non-fatal errors won't be logged; see https://fburl.com/debugjs. {column: 712, clientTime: 1778097390, extra: Object, guardList: Array(4), hash: vrgny0} @ https://static.xx.fbcdn.net/rsrc.php/v4/yb/r/rnHa3YCp_r6.js:77
[    2123ms] [ERROR] ErrorUtils caught an error:

Could not find element "u_1_1_0u" [Caught in: Module "__elem_9fc087ed_1_0_bR"]

Subsequent non-fatal errors won't be logged; see https://fburl.com/debugjs. {column: 180, clientTime: 1778097390, extra: Object, guardList: Array(4), hash: uvs1nz} @ https://static.xx.fbcdn.net/rsrc.php/v4/yb/r/rnHa3YCp_r6.js:77
[    2124ms] [ERROR] ErrorUtils caught an error:

Could not find element "u_1_1_0u" [Caught in: Module "__elem_9fc087ed_1_0_bR"] [Caught in: Requiring module "__elem_9fc087ed_1_0_bR" which threw an exception]

Subsequent non-fatal errors won't be logged; see https://fburl.com/debugjs. {column: 180, clientTime: 1778097390, extra: Object, guardList: Array(4), hash: uvs1nz} @ https://static.xx.fbcdn.net/rsrc.php/v4/yb/r/rnHa3YCp_r6.js:77
[    2124ms] [ERROR] ErrorUtils caught an error:

Could not find element "u_1_0_6+" [Caught in: Module "__elem_9fc087ed_1_1_EG"]

Subsequent non-fatal errors won't be logged; see https://fburl.com/debugjs. {column: 180, clientTime: 1778097390, extra: Object, guardList: Array(4), hash: uvs1nz} @ https://static.xx.fbcdn.net/rsrc.php/v4/yb/r/rnHa3YCp_r6.js:77
[    2124ms] [ERROR] ErrorUtils caught an error:

Could not find element "u_1_0_6+" [Caught in: Module "__elem_9fc087ed_1_1_EG"] [Caught in: Requiring module "__elem_9fc087ed_1_1_EG" which threw an exception]

Subsequent non-fatal errors won't be logged; see https://fburl.com/debugjs. {column: 180, clientTime: 1778097390, extra: Object, guardList: Array(4), hash: uvs1nz} @ https://static.xx.fbcdn.net/rsrc.php/v4/yb/r/rnHa3YCp_r6.js:77
[    2125ms] [ERROR] ErrorUtils caught an error:

Could not find element "u_1_3_xc" [Caught in: Module "__elem_9fc087ed_1_2_Jd"]

Subsequent non-fatal errors won't be logged; see https://fburl.com/debugjs. {column: 180, clientTime: 1778097390, extra: Object, guardList: Array(4), hash: uvs1nz} @ https://static.xx.fbcdn.net/rsrc.php/v4/yb/r/rnHa3YCp_r6.js:77
[    2125ms] [ERROR] ErrorUtils caught an error:

Could not find element "u_1_3_xc" [Caught in: Module "__elem_9fc087ed_1_2_Jd"] [Caught in: Requiring module "__elem_9fc087ed_1_2_Jd" which threw an exception]

Subsequent non-fatal errors won't be logged; see https://fburl.com/debugjs. {column: 180, clientTime: 1778097390, extra: Object, guardList: Array(4), hash: uvs1nz} @ https://static.xx.fbcdn.net/rsrc.php/v4/yb/r/rnHa3YCp_r6.js:77
[    2126ms] [ERROR] ErrorUtils caught an error:

Could not find element "u_1_2_GA" [Caught in: Module "__elem_9fc087ed_1_3_jE"]

Subsequent non-fatal errors won't be logged; see https://fburl.com/debugjs. {column: 180, clientTime: 1778097390, extra: Object, guardList: Array(4), hash: uvs1nz} @ https://static.xx.fbcdn.net/rsrc.php/v4/yb/r/rnHa3YCp_r6.js:77
[    2127ms] [ERROR] ErrorUtils caught an error:

Could not find element "u_1_2_GA" [Caught in: Module "__elem_9fc087ed_1_3_jE"] [Caught in: Requiring module "__elem_9fc087ed_1_3_jE" which threw an exception]

Subsequent non-fatal errors won't be logged; see https://fburl.com/debugjs. {column: 180, clientTime: 1778097390, extra: Object, guardList: Array(4), hash: uvs1nz} @ https://static.xx.fbcdn.net/rsrc.php/v4/yb/r/rnHa3YCp_r6.js:77
[    2127ms] [ERROR] ErrorUtils caught an error:

Could not find element "u_1_h_s9" [Caught in: Module "__elem_fc9f538f_1_0_NW"]

Subsequent non-fatal errors won't be logged; see https://fburl.com/debugjs. {column: 180, clientTime: 1778097390, extra: Object, guardList: Array(4), hash: 5afhib} @ https://static.xx.fbcdn.net/rsrc.php/v4/yb/r/rnHa3YCp_r6.js:77
[    2127ms] [ERROR] ErrorUtils caught an error:

Could not find element "u_1_7_yR" [Caught in: Module "__elem_a588f507_1_2_4J"]

Subsequent non-fatal errors won't be logged; see https://fburl.com/debugjs. {column: 180, clientTime: 1778097390, extra: Object, guardList: Array(4), hash: uvs1nz} @ https://static.xx.fbcdn.net/rsrc.php/v4/yb/r/rnHa3YCp_r6.js:77
[    2128ms] [ERROR] ErrorUtils caught an error:

Could not find element "u_1_8_uK" [Caught in: Module "__elem_de92090e_1_0_nB"]

Subsequent non-fatal errors won't be logged; see https://fburl.com/debugjs. {column: 180, clientTime: 1778097390, extra: Object, guardList: Array(4), hash: uvs1nz} @ https://static.xx.fbcdn.net/rsrc.php/v4/yb/r/rnHa3YCp_r6.js:77
[    2128ms] [ERROR] ErrorUtils caught an error:

Could not find element "u_1_9_O1" [Caught in: Module "__elem_072b8e64_1_0_kA"]

Subsequent non-fatal errors won't be logged; see https://fburl.com/debugjs. {column: 180, clientTime: 1778097390, extra: Object, guardList: Array(4), hash: uvs1nz} @ https://static.xx.fbcdn.net/rsrc.php/v4/yb/r/rnHa3YCp_r6.js:77
[    2128ms] [ERROR] ErrorUtils caught an error:

Could not find element "u_1_d_9W" [Caught in: Module "__elem_fc9f538f_1_1_R4"]

Subsequent non-fatal errors won't be logged; see https://fburl.com/debugjs. {column: 180, clientTime: 1778097390, extra: Object, guardList: Array(4), hash: 5afhib} @ https://static.xx.fbcdn.net/rsrc.php/v4/yb/r/rnHa3YCp_r6.js:77
[    2129ms] [ERROR] ErrorUtils caught an error:

Could not find element "u_1_a_11" [Caught in: Module "__elem_a588f507_1_3_WY"]

Subsequent non-fatal errors won't be logged; see https://fburl.com/debugjs. {column: 180, clientTime: 1778097390, extra: Object, guardList: Array(4), hash: uvs1nz} @ https://static.xx.fbcdn.net/rsrc.php/v4/yb/r/rnHa3YCp_r6.js:77
[    2129ms] [ERROR] ErrorUtils caught an error:

Could not find element "u_1_b_jr" [Caught in: Module "__elem_de92090e_1_1_yA"]

Subsequent non-fatal errors won't be logged; see https://fburl.com/debugjs. {column: 180, clientTime: 1778097390, extra: Object, guardList: Array(4), hash: uvs1nz} @ https://static.xx.fbcdn.net/rsrc.php/v4/yb/r/rnHa3YCp_r6.js:77
[    2129ms] [ERROR] ErrorUtils caught an error:

Could not find element "u_1_c_fY" [Caught in: Module "__elem_072b8e64_1_1_Lq"]

Subsequent non-fatal errors won't be logged; see https://fburl.com/debugjs. {column: 180, clientTime: 1778097390, extra: Object, guardList: Array(4), hash: uvs1nz} @ https://static.xx.fbcdn.net/rsrc.php/v4/yb/r/rnHa3YCp_r6.js:77
[    2130ms] [ERROR] ErrorUtils caught an error:

Could not find element "u_1_4_XF" [Caught in: Module "__elem_9fc087ed_1_4_Ld"]

Subsequent non-fatal errors won't be logged; see https://fburl.com/debugjs. {column: 180, clientTime: 1778097390, extra: Object, guardList: Array(4), hash: uvs1nz} @ https://static.xx.fbcdn.net/rsrc.php/v4/yb/r/rnHa3YCp_r6.js:77
[    2130ms] [ERROR] ErrorUtils caught an error:

Could not find element "u_1_4_XF" [Caught in: Module "__elem_9fc087ed_1_4_Ld"] [Caught in: Requiring module "__elem_9fc087ed_1_4_Ld" which threw an exception]

Subsequent non-fatal errors won't be logged; see https://fburl.com/debugjs. {column: 180, clientTime: 1778097390, extra: Object, guardList: Array(4), hash: uvs1nz} @ https://static.xx.fbcdn.net/rsrc.php/v4/yb/r/rnHa3YCp_r6.js:77
[    2130ms] [ERROR] ErrorUtils caught an error:

Could not find element "u_1_t_Zy" [Caught in: Module "__elem_fc9f538f_1_2_LX"]

Subsequent non-fatal errors won't be logged; see https://fburl.com/debugjs. {column: 180, clientTime: 1778097390, extra: Object, guardList: Array(4), hash: 5afhib} @ https://static.xx.fbcdn.net/rsrc.php/v4/yb/r/rnHa3YCp_r6.js:77
[    2131ms] [ERROR] ErrorUtils caught an error:

Could not find element "u_1_s_G6" [Caught in: Module "__elem_fc9f538f_1_3_lS"]

Subsequent non-fatal errors won't be logged; see https://fburl.com/debugjs. {column: 180, clientTime: 1778097390, extra: Object, guardList: Array(4), hash: 5afhib} @ https://static.xx.fbcdn.net/rsrc.php/v4/yb/r/rnHa3YCp_r6.js:77
[    2131ms] [ERROR] ErrorUtils caught an error:

Could not find element "u_1_r_IT" [Caught in: Module "__elem_fc9f538f_1_4_ir"]

Subsequent non-fatal errors won't be logged; see https://fburl.com/debugjs. {column: 180, clientTime: 1778097390, extra: Object, guardList: Array(4), hash: 5afhib} @ https://static.xx.fbcdn.net/rsrc.php/v4/yb/r/rnHa3YCp_r6.js:77
[    2131ms] [ERROR] ErrorUtils caught an error:

Could not find element "u_1_i_O1" [Caught in: Module "__elem_a588f507_1_4_H/"]

Subsequent non-fatal errors won't be logged; see https://fburl.com/debugjs. {column: 180, clientTime: 1778097390, extra: Object, guardList: Array(4), hash: uvs1nz} @ https://static.xx.fbcdn.net/rsrc.php/v4/yb/r/rnHa3YCp_r6.js:77
[    2132ms] [ERROR] ErrorUtils caught an error:

Could not find element "u_1_j_NM" [Caught in: Module "__elem_de92090e_1_2_Wj"]

Subsequent non-fatal errors won't be logged; see https://fburl.com/debugjs. {column: 180, clientTime: 1778097390, extra: Object, guardList: Array(4), hash: uvs1nz} @ https://static.xx.fbcdn.net/rsrc.php/v4/yb/r/rnHa3YCp_r6.js:77
[    2132ms] [ERROR] ErrorUtils caught an error:

Could not find element "u_1_k_UN" [Caught in: Module "__elem_072b8e64_1_2_QY"]

Subsequent non-fatal errors won't be logged; see https://fburl.com/debugjs. {column: 180, clientTime: 1778097390, extra: Object, guardList: Array(4), hash: uvs1nz} @ https://static.xx.fbcdn.net/rsrc.php/v4/yb/r/rnHa3YCp_r6.js:77
[    2132ms] [ERROR] ErrorUtils caught an error:

Could not find element "u_1_l_05" [Caught in: Module "__elem_a588f507_1_5_a5"]

Subsequent non-fatal errors won't be logged; see https://fburl.com/debugjs. {column: 180, clientTime: 1778097390, extra: Object, guardList: Array(4), hash: uvs1nz} @ https://static.xx.fbcdn.net/rsrc.php/v4/yb/r/rnHa3YCp_r6.js:77
[    2132ms] [ERROR] ErrorUtils caught an error:

Could not find element "u_1_m_QD" [Caught in: Module "__elem_de92090e_1_3_ZT"]

Subsequent non-fatal errors won't be logged; see https://fburl.com/debugjs. {column: 180, clientTime: 1778097390, extra: Object, guardList: Array(4), hash: uvs1nz} @ https://static.xx.fbcdn.net/rsrc.php/v4/yb/r/rnHa3YCp_r6.js:77
[    2133ms] [ERROR] ErrorUtils caught an error:

Could not find element "u_1_n_MK" [Caught in: Module "__elem_072b8e64_1_3_oh"]

Subsequent non-fatal errors won't be logged; see https://fburl.com/debugjs. {column: 180, clientTime: 1778097390, extra: Object, guardList: Array(4), hash: uvs1nz} @ https://static.xx.fbcdn.net/rsrc.php/v4/yb/r/rnHa3YCp_r6.js:77
[    2133ms] [ERROR] ErrorUtils caught an error:

Could not find element "u_1_o_pg" [Caught in: Module "__elem_a588f507_1_6_aW"]

Subsequent non-fatal errors won't be logged; see https://fburl.com/debugjs. {column: 180, clientTime: 1778097390, extra: Object, guardList: Array(4), hash: uvs1nz} @ https://static.xx.fbcdn.net/rsrc.php/v4/yb/r/rnHa3YCp_r6.js:77
[    2133ms] [ERROR] ErrorUtils caught an error:

Could not find element "u_1_p_es" [Caught in: Module "__elem_de92090e_1_4_iu"]

Subsequent non-fatal errors won't be logged; see https://fburl.com/debugjs. {column: 180, clientTime: 1778097390, extra: Object, guardList: Array(4), hash: uvs1nz} @ https://static.xx.fbcdn.net/rsrc.php/v4/yb/r/rnHa3YCp_r6.js:77
[    2134ms] [ERROR] ErrorUtils caught an error:

Could not find element "u_1_q_42" [Caught in: Module "__elem_072b8e64_1_4_gc"]

Subsequent non-fatal errors won't be logged; see https://fburl.com/debugjs. {column: 180, clientTime: 1778097390, extra: Object, guardList: Array(4), hash: uvs1nz} @ https://static.xx.fbcdn.net/rsrc.php/v4/yb/r/rnHa3YCp_r6.js:77
[    7391ms] [LOG] [Fast Refresh] rebuilding @ http://localhost:3000/_next/static/chunks/d6e4c_next_dist_f826b2eb._.js:2287
[    7563ms] [LOG] [Fast Refresh] done in 281ms @ http://localhost:3000/_next/static/chunks/d6e4c_next_dist_f826b2eb._.js:2287
