[     171ms] [LOG] [Fast Refresh] rebuilding @ http://localhost:3000/_next/static/chunks/d6e4c_next_dist_f826b2eb._.js:2287
[   10830ms] [LOG] [Fast Refresh] done in 10766ms @ http://localhost:3000/_next/static/chunks/d6e4c_next_dist_f826b2eb._.js:2287
[   10957ms] [INFO] %cDownload the React DevTools for a better development experience: https://react.dev/link/react-devtools font-weight:bold @ http://localhost:3000/_next/static/chunks/d6e4c_next_dist_f826b2eb._.js:2287
[   11005ms] [LOG] [HMR] connected @ http://localhost:3000/_next/static/chunks/d6e4c_next_dist_f826b2eb._.js:2287
[   11117ms] [LOG] %c[Vercel Web Analytics]%c Debug mode is enabled by default in development. No requests will be sent to the server. color: rgb(120, 120, 120) color: inherit @ http://localhost:3000/_next/static/chunks/d6e4c_next_dist_f826b2eb._.js:2287
[   11117ms] [LOG] %c[Vercel Web Analytics]%c Running queued event color: rgb(120, 120, 120) color: inherit pageview {route: /kontak, path: /kontak} @ http://localhost:3000/_next/static/chunks/d6e4c_next_dist_f826b2eb._.js:2287
[   11117ms] [LOG] %c[Vercel Web Analytics]%c [view] http://localhost:3000/kontak color: rgb(120, 120, 120) color: inherit {o: http://localhost:3000/kontak, sv: 0.1.3, sdkn: @vercel/analytics/next, sdkv: 1.3.1, ts: 1778097682029} /_vercel/insights/view @ http://localhost:3000/_next/static/chunks/d6e4c_next_dist_f826b2eb._.js:2287
[   17369ms] [LOG] [Fast Refresh] rebuilding @ http://localhost:3000/_next/static/chunks/d6e4c_next_dist_f826b2eb._.js:2287
[   17509ms] [LOG] [Fast Refresh] done in 242ms @ http://localhost:3000/_next/static/chunks/d6e4c_next_dist_f826b2eb._.js:2287
[   40802ms] [LOG] [Fast Refresh] rebuilding @ http://localhost:3000/_next/static/chunks/d6e4c_next_dist_f826b2eb._.js:2287
[   40927ms] [LOG] [Fast Refresh] done in 229ms @ http://localhost:3000/_next/static/chunks/d6e4c_next_dist_f826b2eb._.js:2287
[   88418ms] [LOG] [Fast Refresh] rebuilding @ http://localhost:3000/_next/static/chunks/d6e4c_next_dist_f826b2eb._.js:2287
[   88513ms] [LOG] [Fast Refresh] done in 204ms @ http://localhost:3000/_next/static/chunks/d6e4c_next_dist_f826b2eb._.js:2287
[   95087ms] [LOG] [Fast Refresh] rebuilding @ http://localhost:3000/_next/static/chunks/d6e4c_next_dist_f826b2eb._.js:2287
[   95134ms] [LOG] [Fast Refresh] done in 156ms @ http://localhost:3000/_next/static/chunks/d6e4c_next_dist_f826b2eb._.js:2287
[  105824ms] [LOG] [Fast Refresh] rebuilding @ http://localhost:3000/_next/static/chunks/d6e4c_next_dist_f826b2eb._.js:2287
[  105919ms] [LOG] [Fast Refresh] done in 202ms @ http://localhost:3000/_next/static/chunks/d6e4c_next_dist_f826b2eb._.js:2287
[  115319ms] [LOG] [Fast Refresh] rebuilding @ http://localhost:3000/_next/static/chunks/d6e4c_next_dist_f826b2eb._.js:2287
[  115382ms] [LOG] [Fast Refresh] done in 170ms @ http://localhost:3000/_next/static/chunks/d6e4c_next_dist_f826b2eb._.js:2287
[  125396ms] [LOG] [Fast Refresh] rebuilding @ http://localhost:3000/_next/static/chunks/d6e4c_next_dist_f826b2eb._.js:2287
[  125460ms] [LOG] [Fast Refresh] done in 171ms @ http://localhost:3000/_next/static/chunks/d6e4c_next_dist_f826b2eb._.js:2287
[  133843ms] [LOG] [Fast Refresh] rebuilding @ http://localhost:3000/_next/static/chunks/d6e4c_next_dist_f826b2eb._.js:2287
[  133910ms] [LOG] [Fast Refresh] done in 172ms @ http://localhost:3000/_next/static/chunks/d6e4c_next_dist_f826b2eb._.js:2287
[  144010ms] [LOG] [Fast Refresh] rebuilding @ http://localhost:3000/_next/static/chunks/d6e4c_next_dist_f826b2eb._.js:2287
[  144058ms] [LOG] [Fast Refresh] done in 156ms @ http://localhost:3000/_next/static/chunks/d6e4c_next_dist_f826b2eb._.js:2287
[  153687ms] [LOG] [Fast Refresh] rebuilding @ http://localhost:3000/_next/static/chunks/d6e4c_next_dist_f826b2eb._.js:2287
[  153750ms] [LOG] [Fast Refresh] done in 172ms @ http://localhost:3000/_next/static/chunks/d6e4c_next_dist_f826b2eb._.js:2287
[  177909ms] [LOG] [Fast Refresh] rebuilding @ http://localhost:3000/_next/static/chunks/d6e4c_next_dist_f826b2eb._.js:2287
[  178052ms] [LOG] [Fast Refresh] done in 249ms @ http://localhost:3000/_next/static/chunks/d6e4c_next_dist_f826b2eb._.js:2287
[33258837ms] [LOG] [Fast Refresh] rebuilding @ http://localhost:3000/_next/static/chunks/d6e4c_next_dist_f826b2eb._.js:2287
[33259117ms] [LOG] [Fast Refresh] done in 385ms @ http://localhost:3000/_next/static/chunks/d6e4c_next_dist_f826b2eb._.js:2287
[33260530ms] [LOG] %c[Vercel Web Analytics]%c [view] http://localhost:3000/ color: rgb(120, 120, 120) color: inherit {o: http://localhost:3000/, sv: 0.1.3, sdkn: @vercel/analytics/next, sdkv: 1.3.1, ts: 1778130931441} /_vercel/insights/view @ http://localhost:3000/_next/static/chunks/d6e4c_next_dist_f826b2eb._.js:2287
[33260546ms] [LOG] [Fast Refresh] rebuilding @ http://localhost:3000/_next/static/chunks/d6e4c_next_dist_f826b2eb._.js:2287
[33260552ms] [WARNING] Image with src "/images/screenshot-202026-02-02-20183618.png" has "fill" but is missing "sizes" prop. Please add it to improve page performance. Read more: https://nextjs.org/docs/api-reference/next/image#sizes @ http://localhost:3000/_next/static/chunks/d6e4c_next_dist_f826b2eb._.js:2287
[33260577ms] [LOG] [Fast Refresh] done in 136ms @ http://localhost:3000/_next/static/chunks/d6e4c_next_dist_f826b2eb._.js:2287
[33262454ms] [ERROR] ErrorUtils caught an error:

Could not find element "u_1_u_Kt" [Caught in: Module "__elem_a588f507_1_0_h3"]

Subsequent non-fatal errors won't be logged; see https://fburl.com/debugjs. {column: 180, clientTime: 1778130933, extra: Object, guardList: Array(4), hash: uvs1nz} @ https://static.xx.fbcdn.net/rsrc.php/v4/yb/r/rnHa3YCp_r6.js:77
[33262455ms] [ERROR] ErrorUtils caught an error:

DataStore.get: namespace is required, got undefined

Subsequent non-fatal errors won't be logged; see https://fburl.com/debugjs. {column: 712, clientTime: 1778130933, extra: Object, guardList: Array(4), hash: vrgny0} @ https://static.xx.fbcdn.net/rsrc.php/v4/yb/r/rnHa3YCp_r6.js:77
[33262457ms] [ERROR] ErrorUtils caught an error:

Could not find element "u_1_3_hS" [Caught in: Module "__elem_9fc087ed_1_0_ua"]

Subsequent non-fatal errors won't be logged; see https://fburl.com/debugjs. {column: 180, clientTime: 1778130933, extra: Object, guardList: Array(4), hash: uvs1nz} @ https://static.xx.fbcdn.net/rsrc.php/v4/yb/r/rnHa3YCp_r6.js:77
[33262458ms] [ERROR] ErrorUtils caught an error:

Could not find element "u_1_3_hS" [Caught in: Module "__elem_9fc087ed_1_0_ua"] [Caught in: Requiring module "__elem_9fc087ed_1_0_ua" which threw an exception]

Subsequent non-fatal errors won't be logged; see https://fburl.com/debugjs. {column: 180, clientTime: 1778130933, extra: Object, guardList: Array(4), hash: uvs1nz} @ https://static.xx.fbcdn.net/rsrc.php/v4/yb/r/rnHa3YCp_r6.js:77
[33262459ms] [ERROR] ErrorUtils caught an error:

Could not find element "u_1_2_rH" [Caught in: Module "__elem_9fc087ed_1_1_DH"]

Subsequent non-fatal errors won't be logged; see https://fburl.com/debugjs. {column: 180, clientTime: 1778130933, extra: Object, guardList: Array(4), hash: uvs1nz} @ https://static.xx.fbcdn.net/rsrc.php/v4/yb/r/rnHa3YCp_r6.js:77
[33262459ms] [ERROR] ErrorUtils caught an error:

Could not find element "u_1_2_rH" [Caught in: Module "__elem_9fc087ed_1_1_DH"] [Caught in: Requiring module "__elem_9fc087ed_1_1_DH" which threw an exception]

Subsequent non-fatal errors won't be logged; see https://fburl.com/debugjs. {column: 180, clientTime: 1778130933, extra: Object, guardList: Array(4), hash: uvs1nz} @ https://static.xx.fbcdn.net/rsrc.php/v4/yb/r/rnHa3YCp_r6.js:77
[33262460ms] [ERROR] ErrorUtils caught an error:

Could not find element "u_1_4_Y3" [Caught in: Module "__elem_9fc087ed_1_2_Q9"]

Subsequent non-fatal errors won't be logged; see https://fburl.com/debugjs. {column: 180, clientTime: 1778130933, extra: Object, guardList: Array(4), hash: uvs1nz} @ https://static.xx.fbcdn.net/rsrc.php/v4/yb/r/rnHa3YCp_r6.js:77
[33262460ms] [ERROR] ErrorUtils caught an error:

Could not find element "u_1_4_Y3" [Caught in: Module "__elem_9fc087ed_1_2_Q9"] [Caught in: Requiring module "__elem_9fc087ed_1_2_Q9" which threw an exception]

Subsequent non-fatal errors won't be logged; see https://fburl.com/debugjs. {column: 180, clientTime: 1778130933, extra: Object, guardList: Array(4), hash: uvs1nz} @ https://static.xx.fbcdn.net/rsrc.php/v4/yb/r/rnHa3YCp_r6.js:77
[33262461ms] [ERROR] ErrorUtils caught an error:

Could not find element "u_1_1_5n" [Caught in: Module "__elem_9fc087ed_1_3_Eg"]

Subsequent non-fatal errors won't be logged; see https://fburl.com/debugjs. {column: 180, clientTime: 1778130933, extra: Object, guardList: Array(4), hash: uvs1nz} @ https://static.xx.fbcdn.net/rsrc.php/v4/yb/r/rnHa3YCp_r6.js:77
[33262461ms] [ERROR] ErrorUtils caught an error:

Could not find element "u_1_1_5n" [Caught in: Module "__elem_9fc087ed_1_3_Eg"] [Caught in: Requiring module "__elem_9fc087ed_1_3_Eg" which threw an exception]

Subsequent non-fatal errors won't be logged; see https://fburl.com/debugjs. {column: 180, clientTime: 1778130933, extra: Object, guardList: Array(4), hash: uvs1nz} @ https://static.xx.fbcdn.net/rsrc.php/v4/yb/r/rnHa3YCp_r6.js:77
[33262461ms] [ERROR] ErrorUtils caught an error:

Could not find element "u_1_0_bH" [Caught in: Module "__elem_9fc087ed_1_4_vt"]

Subsequent non-fatal errors won't be logged; see https://fburl.com/debugjs. {column: 180, clientTime: 1778130933, extra: Object, guardList: Array(4), hash: uvs1nz} @ https://static.xx.fbcdn.net/rsrc.php/v4/yb/r/rnHa3YCp_r6.js:77
[33262461ms] [ERROR] ErrorUtils caught an error:

Could not find element "u_1_0_bH" [Caught in: Module "__elem_9fc087ed_1_4_vt"] [Caught in: Requiring module "__elem_9fc087ed_1_4_vt" which threw an exception]

Subsequent non-fatal errors won't be logged; see https://fburl.com/debugjs. {column: 180, clientTime: 1778130933, extra: Object, guardList: Array(4), hash: uvs1nz} @ https://static.xx.fbcdn.net/rsrc.php/v4/yb/r/rnHa3YCp_r6.js:77
[33262462ms] [ERROR] ErrorUtils caught an error:

Could not find element "u_1_a_ub" [Caught in: Module "__elem_a588f507_1_2_S1"]

Subsequent non-fatal errors won't be logged; see https://fburl.com/debugjs. {column: 180, clientTime: 1778130933, extra: Object, guardList: Array(4), hash: uvs1nz} @ https://static.xx.fbcdn.net/rsrc.php/v4/yb/r/rnHa3YCp_r6.js:77
[33262462ms] [ERROR] ErrorUtils caught an error:

Could not find element "u_1_b_ia" [Caught in: Module "__elem_de92090e_1_0_Si"]

Subsequent non-fatal errors won't be logged; see https://fburl.com/debugjs. {column: 180, clientTime: 1778130933, extra: Object, guardList: Array(4), hash: uvs1nz} @ https://static.xx.fbcdn.net/rsrc.php/v4/yb/r/rnHa3YCp_r6.js:77
[33262462ms] [ERROR] ErrorUtils caught an error:

Could not find element "u_1_c_EL" [Caught in: Module "__elem_072b8e64_1_0_TY"]

Subsequent non-fatal errors won't be logged; see https://fburl.com/debugjs. {column: 180, clientTime: 1778130933, extra: Object, guardList: Array(4), hash: uvs1nz} @ https://static.xx.fbcdn.net/rsrc.php/v4/yb/r/rnHa3YCp_r6.js:77
[33262462ms] [ERROR] ErrorUtils caught an error:

Could not find element "u_1_d_E4" [Caught in: Module "__elem_a588f507_1_3_rk"]

Subsequent non-fatal errors won't be logged; see https://fburl.com/debugjs. {column: 180, clientTime: 1778130933, extra: Object, guardList: Array(4), hash: uvs1nz} @ https://static.xx.fbcdn.net/rsrc.php/v4/yb/r/rnHa3YCp_r6.js:77
[33262463ms] [ERROR] ErrorUtils caught an error:

Could not find element "u_1_e_0O" [Caught in: Module "__elem_de92090e_1_1_Cg"]

Subsequent non-fatal errors won't be logged; see https://fburl.com/debugjs. {column: 180, clientTime: 1778130933, extra: Object, guardList: Array(4), hash: uvs1nz} @ https://static.xx.fbcdn.net/rsrc.php/v4/yb/r/rnHa3YCp_r6.js:77
[33262463ms] [ERROR] ErrorUtils caught an error:

Could not find element "u_1_f_oM" [Caught in: Module "__elem_072b8e64_1_1_Jv"]

Subsequent non-fatal errors won't be logged; see https://fburl.com/debugjs. {column: 180, clientTime: 1778130933, extra: Object, guardList: Array(4), hash: uvs1nz} @ https://static.xx.fbcdn.net/rsrc.php/v4/yb/r/rnHa3YCp_r6.js:77
[33262464ms] [ERROR] ErrorUtils caught an error:

Could not find element "u_1_g_4K" [Caught in: Module "__elem_fc9f538f_1_0_6z"]

Subsequent non-fatal errors won't be logged; see https://fburl.com/debugjs. {column: 180, clientTime: 1778130933, extra: Object, guardList: Array(4), hash: 5afhib} @ https://static.xx.fbcdn.net/rsrc.php/v4/yb/r/rnHa3YCp_r6.js:77
[33262464ms] [ERROR] ErrorUtils caught an error:

Could not find element "u_1_t_a7" [Caught in: Module "__elem_fc9f538f_1_1_2A"]

Subsequent non-fatal errors won't be logged; see https://fburl.com/debugjs. {column: 180, clientTime: 1778130933, extra: Object, guardList: Array(4), hash: 5afhib} @ https://static.xx.fbcdn.net/rsrc.php/v4/yb/r/rnHa3YCp_r6.js:77
[33262464ms] [ERROR] ErrorUtils caught an error:

Could not find element "u_1_s_jf" [Caught in: Module "__elem_fc9f538f_1_2_c0"]

Subsequent non-fatal errors won't be logged; see https://fburl.com/debugjs. {column: 180, clientTime: 1778130933, extra: Object, guardList: Array(4), hash: 5afhib} @ https://static.xx.fbcdn.net/rsrc.php/v4/yb/r/rnHa3YCp_r6.js:77
[33262464ms] [ERROR] ErrorUtils caught an error:

Could not find element "u_1_r_SG" [Caught in: Module "__elem_fc9f538f_1_3_dE"]

Subsequent non-fatal errors won't be logged; see https://fburl.com/debugjs. {column: 180, clientTime: 1778130933, extra: Object, guardList: Array(4), hash: 5afhib} @ https://static.xx.fbcdn.net/rsrc.php/v4/yb/r/rnHa3YCp_r6.js:77
[33262465ms] [ERROR] ErrorUtils caught an error:

Could not find element "u_1_q_sD" [Caught in: Module "__elem_fc9f538f_1_4_2x"]

Subsequent non-fatal errors won't be logged; see https://fburl.com/debugjs. {column: 180, clientTime: 1778130933, extra: Object, guardList: Array(4), hash: 5afhib} @ https://static.xx.fbcdn.net/rsrc.php/v4/yb/r/rnHa3YCp_r6.js:77
[33262465ms] [ERROR] ErrorUtils caught an error:

Could not find element "u_1_h_T3" [Caught in: Module "__elem_a588f507_1_4_7e"]

Subsequent non-fatal errors won't be logged; see https://fburl.com/debugjs. {column: 180, clientTime: 1778130933, extra: Object, guardList: Array(4), hash: uvs1nz} @ https://static.xx.fbcdn.net/rsrc.php/v4/yb/r/rnHa3YCp_r6.js:77
[33262466ms] [ERROR] ErrorUtils caught an error:

Could not find element "u_1_i_gT" [Caught in: Module "__elem_de92090e_1_2_ju"]

Subsequent non-fatal errors won't be logged; see https://fburl.com/debugjs. {column: 180, clientTime: 1778130933, extra: Object, guardList: Array(4), hash: uvs1nz} @ https://static.xx.fbcdn.net/rsrc.php/v4/yb/r/rnHa3YCp_r6.js:77
[33262466ms] [ERROR] ErrorUtils caught an error:

Could not find element "u_1_j_xt" [Caught in: Module "__elem_072b8e64_1_2_SZ"]

Subsequent non-fatal errors won't be logged; see https://fburl.com/debugjs. {column: 180, clientTime: 1778130933, extra: Object, guardList: Array(4), hash: uvs1nz} @ https://static.xx.fbcdn.net/rsrc.php/v4/yb/r/rnHa3YCp_r6.js:77
[33262467ms] [ERROR] ErrorUtils caught an error:

Could not find element "u_1_k_6t" [Caught in: Module "__elem_a588f507_1_5_25"]

Subsequent non-fatal errors won't be logged; see https://fburl.com/debugjs. {column: 180, clientTime: 1778130933, extra: Object, guardList: Array(4), hash: uvs1nz} @ https://static.xx.fbcdn.net/rsrc.php/v4/yb/r/rnHa3YCp_r6.js:77
[33262467ms] [ERROR] ErrorUtils caught an error:

Could not find element "u_1_l_A+" [Caught in: Module "__elem_de92090e_1_3_uo"]

Subsequent non-fatal errors won't be logged; see https://fburl.com/debugjs. {column: 180, clientTime: 1778130933, extra: Object, guardList: Array(4), hash: uvs1nz} @ https://static.xx.fbcdn.net/rsrc.php/v4/yb/r/rnHa3YCp_r6.js:77
[33262467ms] [ERROR] ErrorUtils caught an error:

Could not find element "u_1_m_We" [Caught in: Module "__elem_072b8e64_1_3_mZ"]

Subsequent non-fatal errors won't be logged; see https://fburl.com/debugjs. {column: 180, clientTime: 1778130933, extra: Object, guardList: Array(4), hash: uvs1nz} @ https://static.xx.fbcdn.net/rsrc.php/v4/yb/r/rnHa3YCp_r6.js:77
[33262468ms] [ERROR] ErrorUtils caught an error:

Could not find element "u_1_n_pQ" [Caught in: Module "__elem_a588f507_1_6_6s"]

Subsequent non-fatal errors won't be logged; see https://fburl.com/debugjs. {column: 180, clientTime: 1778130933, extra: Object, guardList: Array(4), hash: uvs1nz} @ https://static.xx.fbcdn.net/rsrc.php/v4/yb/r/rnHa3YCp_r6.js:77
[33262468ms] [ERROR] ErrorUtils caught an error:

Could not find element "u_1_o_yt" [Caught in: Module "__elem_de92090e_1_4_Fd"]

Subsequent non-fatal errors won't be logged; see https://fburl.com/debugjs. {column: 180, clientTime: 1778130933, extra: Object, guardList: Array(4), hash: uvs1nz} @ https://static.xx.fbcdn.net/rsrc.php/v4/yb/r/rnHa3YCp_r6.js:77
[33262468ms] [ERROR] ErrorUtils caught an error:

Could not find element "u_1_p_aE" [Caught in: Module "__elem_072b8e64_1_4_Il"]

Subsequent non-fatal errors won't be logged; see https://fburl.com/debugjs. {column: 180, clientTime: 1778130933, extra: Object, guardList: Array(4), hash: uvs1nz} @ https://static.xx.fbcdn.net/rsrc.php/v4/yb/r/rnHa3YCp_r6.js:77
[33288795ms] [ERROR] ErrorUtils caught an error:

Could not find element "u_3_u_z+" [Caught in: Module "__elem_a588f507_3_0_e4"]

Subsequent non-fatal errors won't be logged; see https://fburl.com/debugjs. {column: 180, clientTime: 1778130959, extra: Object, guardList: Array(4), hash: uvs1nz} @ https://static.xx.fbcdn.net/rsrc.php/v4/yb/r/rnHa3YCp_r6.js:77
[33288796ms] [ERROR] ErrorUtils caught an error:

DataStore.get: namespace is required, got undefined

Subsequent non-fatal errors won't be logged; see https://fburl.com/debugjs. {column: 712, clientTime: 1778130959, extra: Object, guardList: Array(4), hash: vrgny0} @ https://static.xx.fbcdn.net/rsrc.php/v4/yb/r/rnHa3YCp_r6.js:77
[33288796ms] [ERROR] ErrorUtils caught an error:

Could not find element "u_3_1_/f" [Caught in: Module "__elem_9fc087ed_3_0_/p"]

Subsequent non-fatal errors won't be logged; see https://fburl.com/debugjs. {column: 180, clientTime: 1778130959, extra: Object, guardList: Array(4), hash: uvs1nz} @ https://static.xx.fbcdn.net/rsrc.php/v4/yb/r/rnHa3YCp_r6.js:77
[33288796ms] [ERROR] ErrorUtils caught an error:

Could not find element "u_3_1_/f" [Caught in: Module "__elem_9fc087ed_3_0_/p"] [Caught in: Requiring module "__elem_9fc087ed_3_0_/p" which threw an exception]

Subsequent non-fatal errors won't be logged; see https://fburl.com/debugjs. {column: 180, clientTime: 1778130959, extra: Object, guardList: Array(4), hash: uvs1nz} @ https://static.xx.fbcdn.net/rsrc.php/v4/yb/r/rnHa3YCp_r6.js:77
[33288796ms] [ERROR] ErrorUtils caught an error:

Could not find element "u_3_2_AH" [Caught in: Module "__elem_9fc087ed_3_1_yq"]

Subsequent non-fatal errors won't be logged; see https://fburl.com/debugjs. {column: 180, clientTime: 1778130959, extra: Object, guardList: Array(4), hash: uvs1nz} @ https://static.xx.fbcdn.net/rsrc.php/v4/yb/r/rnHa3YCp_r6.js:77
[33288797ms] [ERROR] ErrorUtils caught an error:

Could not find element "u_3_2_AH" [Caught in: Module "__elem_9fc087ed_3_1_yq"] [Caught in: Requiring module "__elem_9fc087ed_3_1_yq" which threw an exception]

Subsequent non-fatal errors won't be logged; see https://fburl.com/debugjs. {column: 180, clientTime: 1778130959, extra: Object, guardList: Array(4), hash: uvs1nz} @ https://static.xx.fbcdn.net/rsrc.php/v4/yb/r/rnHa3YCp_r6.js:77
[33288797ms] [ERROR] ErrorUtils caught an error:

Could not find element "u_3_3_gs" [Caught in: Module "__elem_9fc087ed_3_2_ai"]

Subsequent non-fatal errors won't be logged; see https://fburl.com/debugjs. {column: 180, clientTime: 1778130959, extra: Object, guardList: Array(4), hash: uvs1nz} @ https://static.xx.fbcdn.net/rsrc.php/v4/yb/r/rnHa3YCp_r6.js:77
[33288797ms] [ERROR] ErrorUtils caught an error:

Could not find element "u_3_3_gs" [Caught in: Module "__elem_9fc087ed_3_2_ai"] [Caught in: Requiring module "__elem_9fc087ed_3_2_ai" which threw an exception]

Subsequent non-fatal errors won't be logged; see https://fburl.com/debugjs. {column: 180, clientTime: 1778130959, extra: Object, guardList: Array(4), hash: uvs1nz} @ https://static.xx.fbcdn.net/rsrc.php/v4/yb/r/rnHa3YCp_r6.js:77
[33288797ms] [ERROR] ErrorUtils caught an error:

Could not find element "u_3_4_Tj" [Caught in: Module "__elem_9fc087ed_3_3_Li"]

Subsequent non-fatal errors won't be logged; see https://fburl.com/debugjs. {column: 180, clientTime: 1778130959, extra: Object, guardList: Array(4), hash: uvs1nz} @ https://static.xx.fbcdn.net/rsrc.php/v4/yb/r/rnHa3YCp_r6.js:77
[33288797ms] [ERROR] ErrorUtils caught an error:

Could not find element "u_3_4_Tj" [Caught in: Module "__elem_9fc087ed_3_3_Li"] [Caught in: Requiring module "__elem_9fc087ed_3_3_Li" which threw an exception]

Subsequent non-fatal errors won't be logged; see https://fburl.com/debugjs. {column: 180, clientTime: 1778130959, extra: Object, guardList: Array(4), hash: uvs1nz} @ https://static.xx.fbcdn.net/rsrc.php/v4/yb/r/rnHa3YCp_r6.js:77
[33288798ms] [ERROR] ErrorUtils caught an error:

Could not find element "u_3_0_Ir" [Caught in: Module "__elem_9fc087ed_3_4_oU"]

Subsequent non-fatal errors won't be logged; see https://fburl.com/debugjs. {column: 180, clientTime: 1778130959, extra: Object, guardList: Array(4), hash: uvs1nz} @ https://static.xx.fbcdn.net/rsrc.php/v4/yb/r/rnHa3YCp_r6.js:77
[33288798ms] [ERROR] ErrorUtils caught an error:

Could not find element "u_3_0_Ir" [Caught in: Module "__elem_9fc087ed_3_4_oU"] [Caught in: Requiring module "__elem_9fc087ed_3_4_oU" which threw an exception]

Subsequent non-fatal errors won't be logged; see https://fburl.com/debugjs. {column: 180, clientTime: 1778130959, extra: Object, guardList: Array(4), hash: uvs1nz} @ https://static.xx.fbcdn.net/rsrc.php/v4/yb/r/rnHa3YCp_r6.js:77
[33288798ms] [ERROR] ErrorUtils caught an error:

Could not find element "u_3_a_/4" [Caught in: Module "__elem_a588f507_3_2_8j"]

Subsequent non-fatal errors won't be logged; see https://fburl.com/debugjs. {column: 180, clientTime: 1778130959, extra: Object, guardList: Array(4), hash: uvs1nz} @ https://static.xx.fbcdn.net/rsrc.php/v4/yb/r/rnHa3YCp_r6.js:77
[33288798ms] [ERROR] ErrorUtils caught an error:

Could not find element "u_3_b_yd" [Caught in: Module "__elem_de92090e_3_0_WP"]

Subsequent non-fatal errors won't be logged; see https://fburl.com/debugjs. {column: 180, clientTime: 1778130959, extra: Object, guardList: Array(4), hash: uvs1nz} @ https://static.xx.fbcdn.net/rsrc.php/v4/yb/r/rnHa3YCp_r6.js:77
[33288798ms] [ERROR] ErrorUtils caught an error:

Could not find element "u_3_c_8a" [Caught in: Module "__elem_072b8e64_3_0_92"]

Subsequent non-fatal errors won't be logged; see https://fburl.com/debugjs. {column: 180, clientTime: 1778130959, extra: Object, guardList: Array(4), hash: uvs1nz} @ https://static.xx.fbcdn.net/rsrc.php/v4/yb/r/rnHa3YCp_r6.js:77
[33288799ms] [ERROR] ErrorUtils caught an error:

Could not find element "u_3_g_tB" [Caught in: Module "__elem_fc9f538f_3_0_S0"]

Subsequent non-fatal errors won't be logged; see https://fburl.com/debugjs. {column: 180, clientTime: 1778130959, extra: Object, guardList: Array(4), hash: 5afhib} @ https://static.xx.fbcdn.net/rsrc.php/v4/yb/r/rnHa3YCp_r6.js:77
[33288799ms] [ERROR] ErrorUtils caught an error:

Could not find element "u_3_p_dq" [Caught in: Module "__elem_fc9f538f_3_1_qs"]

Subsequent non-fatal errors won't be logged; see https://fburl.com/debugjs. {column: 180, clientTime: 1778130959, extra: Object, guardList: Array(4), hash: 5afhib} @ https://static.xx.fbcdn.net/rsrc.php/v4/yb/r/rnHa3YCp_r6.js:77
[33288799ms] [ERROR] ErrorUtils caught an error:

Could not find element "u_3_d_Lq" [Caught in: Module "__elem_a588f507_3_3_nw"]

Subsequent non-fatal errors won't be logged; see https://fburl.com/debugjs. {column: 180, clientTime: 1778130959, extra: Object, guardList: Array(4), hash: uvs1nz} @ https://static.xx.fbcdn.net/rsrc.php/v4/yb/r/rnHa3YCp_r6.js:77
[33288799ms] [ERROR] ErrorUtils caught an error:

Could not find element "u_3_e_5c" [Caught in: Module "__elem_de92090e_3_1_P9"]

Subsequent non-fatal errors won't be logged; see https://fburl.com/debugjs. {column: 180, clientTime: 1778130959, extra: Object, guardList: Array(4), hash: uvs1nz} @ https://static.xx.fbcdn.net/rsrc.php/v4/yb/r/rnHa3YCp_r6.js:77
[33288799ms] [ERROR] ErrorUtils caught an error:

Could not find element "u_3_f_Tv" [Caught in: Module "__elem_072b8e64_3_1_g1"]

Subsequent non-fatal errors won't be logged; see https://fburl.com/debugjs. {column: 180, clientTime: 1778130959, extra: Object, guardList: Array(4), hash: uvs1nz} @ https://static.xx.fbcdn.net/rsrc.php/v4/yb/r/rnHa3YCp_r6.js:77
[33288800ms] [ERROR] ErrorUtils caught an error:

Could not find element "u_3_o_NI" [Caught in: Module "__elem_fc9f538f_3_2_JT"]

Subsequent non-fatal errors won't be logged; see https://fburl.com/debugjs. {column: 180, clientTime: 1778130959, extra: Object, guardList: Array(4), hash: 5afhib} @ https://static.xx.fbcdn.net/rsrc.php/v4/yb/r/rnHa3YCp_r6.js:77
[33288800ms] [ERROR] ErrorUtils caught an error:

Could not find element "u_3_k_5e" [Caught in: Module "__elem_fc9f538f_3_3_vn"]

Subsequent non-fatal errors won't be logged; see https://fburl.com/debugjs. {column: 180, clientTime: 1778130959, extra: Object, guardList: Array(4), hash: 5afhib} @ https://static.xx.fbcdn.net/rsrc.php/v4/yb/r/rnHa3YCp_r6.js:77
[33288800ms] [ERROR] ErrorUtils caught an error:

Could not find element "u_3_t_hs" [Caught in: Module "__elem_fc9f538f_3_4_vr"]

Subsequent non-fatal errors won't be logged; see https://fburl.com/debugjs. {column: 180, clientTime: 1778130959, extra: Object, guardList: Array(4), hash: 5afhib} @ https://static.xx.fbcdn.net/rsrc.php/v4/yb/r/rnHa3YCp_r6.js:77
[33288800ms] [ERROR] ErrorUtils caught an error:

Could not find element "u_3_h_Ki" [Caught in: Module "__elem_a588f507_3_4_B+"]

Subsequent non-fatal errors won't be logged; see https://fburl.com/debugjs. {column: 180, clientTime: 1778130959, extra: Object, guardList: Array(4), hash: uvs1nz} @ https://static.xx.fbcdn.net/rsrc.php/v4/yb/r/rnHa3YCp_r6.js:77
[33288800ms] [ERROR] ErrorUtils caught an error:

Could not find element "u_3_i_LR" [Caught in: Module "__elem_de92090e_3_2_3v"]

Subsequent non-fatal errors won't be logged; see https://fburl.com/debugjs. {column: 180, clientTime: 1778130959, extra: Object, guardList: Array(4), hash: uvs1nz} @ https://static.xx.fbcdn.net/rsrc.php/v4/yb/r/rnHa3YCp_r6.js:77
[33288801ms] [ERROR] ErrorUtils caught an error:

Could not find element "u_3_j_qe" [Caught in: Module "__elem_072b8e64_3_2_B5"]

Subsequent non-fatal errors won't be logged; see https://fburl.com/debugjs. {column: 180, clientTime: 1778130959, extra: Object, guardList: Array(4), hash: uvs1nz} @ https://static.xx.fbcdn.net/rsrc.php/v4/yb/r/rnHa3YCp_r6.js:77
[33288801ms] [ERROR] ErrorUtils caught an error:

Could not find element "u_3_l_Q6" [Caught in: Module "__elem_a588f507_3_5_as"]

Subsequent non-fatal errors won't be logged; see https://fburl.com/debugjs. {column: 180, clientTime: 1778130959, extra: Object, guardList: Array(4), hash: uvs1nz} @ https://static.xx.fbcdn.net/rsrc.php/v4/yb/r/rnHa3YCp_r6.js:77
[33288801ms] [ERROR] ErrorUtils caught an error:

Could not find element "u_3_m_Mf" [Caught in: Module "__elem_de92090e_3_3_KN"]

Subsequent non-fatal errors won't be logged; see https://fburl.com/debugjs. {column: 180, clientTime: 1778130959, extra: Object, guardList: Array(4), hash: uvs1nz} @ https://static.xx.fbcdn.net/rsrc.php/v4/yb/r/rnHa3YCp_r6.js:77
[33288802ms] [ERROR] ErrorUtils caught an error:

Could not find element "u_3_n_KY" [Caught in: Module "__elem_072b8e64_3_3_9L"]

Subsequent non-fatal errors won't be logged; see https://fburl.com/debugjs. {column: 180, clientTime: 1778130959, extra: Object, guardList: Array(4), hash: uvs1nz} @ https://static.xx.fbcdn.net/rsrc.php/v4/yb/r/rnHa3YCp_r6.js:77
[33288802ms] [ERROR] ErrorUtils caught an error:

Could not find element "u_3_q_Ru" [Caught in: Module "__elem_a588f507_3_6_aG"]

Subsequent non-fatal errors won't be logged; see https://fburl.com/debugjs. {column: 180, clientTime: 1778130959, extra: Object, guardList: Array(4), hash: uvs1nz} @ https://static.xx.fbcdn.net/rsrc.php/v4/yb/r/rnHa3YCp_r6.js:77
[33288802ms] [ERROR] ErrorUtils caught an error:

Could not find element "u_3_r_cw" [Caught in: Module "__elem_de92090e_3_4_N/"]

Subsequent non-fatal errors won't be logged; see https://fburl.com/debugjs. {column: 180, clientTime: 1778130959, extra: Object, guardList: Array(4), hash: uvs1nz} @ https://static.xx.fbcdn.net/rsrc.php/v4/yb/r/rnHa3YCp_r6.js:77
[33288803ms] [ERROR] ErrorUtils caught an error:

Could not find element "u_3_s_1z" [Caught in: Module "__elem_072b8e64_3_4_5h"]

Subsequent non-fatal errors won't be logged; see https://fburl.com/debugjs. {column: 180, clientTime: 1778130959, extra: Object, guardList: Array(4), hash: uvs1nz} @ https://static.xx.fbcdn.net/rsrc.php/v4/yb/r/rnHa3YCp_r6.js:77
[33373952ms] [ERROR] ErrorUtils caught an error:

Could not find element "u_5_u_Fu" [Caught in: Module "__elem_a588f507_5_0_05"]

Subsequent non-fatal errors won't be logged; see https://fburl.com/debugjs. {column: 180, clientTime: 1778131044, extra: Object, guardList: Array(4), hash: uvs1nz} @ https://static.xx.fbcdn.net/rsrc.php/v4/yb/r/rnHa3YCp_r6.js:77
[33373953ms] [ERROR] ErrorUtils caught an error:

DataStore.get: namespace is required, got undefined

Subsequent non-fatal errors won't be logged; see https://fburl.com/debugjs. {column: 712, clientTime: 1778131044, extra: Object, guardList: Array(4), hash: vrgny0} @ https://static.xx.fbcdn.net/rsrc.php/v4/yb/r/rnHa3YCp_r6.js:77
[33373953ms] [ERROR] ErrorUtils caught an error:

Could not find element "u_5_1_lV" [Caught in: Module "__elem_9fc087ed_5_0_cx"]

Subsequent non-fatal errors won't be logged; see https://fburl.com/debugjs. {column: 180, clientTime: 1778131044, extra: Object, guardList: Array(4), hash: uvs1nz} @ https://static.xx.fbcdn.net/rsrc.php/v4/yb/r/rnHa3YCp_r6.js:77
[33373953ms] [ERROR] ErrorUtils caught an error:

Could not find element "u_5_1_lV" [Caught in: Module "__elem_9fc087ed_5_0_cx"] [Caught in: Requiring module "__elem_9fc087ed_5_0_cx" which threw an exception]

Subsequent non-fatal errors won't be logged; see https://fburl.com/debugjs. {column: 180, clientTime: 1778131044, extra: Object, guardList: Array(4), hash: uvs1nz} @ https://static.xx.fbcdn.net/rsrc.php/v4/yb/r/rnHa3YCp_r6.js:77
[33373954ms] [ERROR] ErrorUtils caught an error:

Could not find element "u_5_0_IN" [Caught in: Module "__elem_9fc087ed_5_1_O7"]

Subsequent non-fatal errors won't be logged; see https://fburl.com/debugjs. {column: 180, clientTime: 1778131044, extra: Object, guardList: Array(4), hash: uvs1nz} @ https://static.xx.fbcdn.net/rsrc.php/v4/yb/r/rnHa3YCp_r6.js:77
[33373955ms] [ERROR] ErrorUtils caught an error:

Could not find element "u_5_0_IN" [Caught in: Module "__elem_9fc087ed_5_1_O7"] [Caught in: Requiring module "__elem_9fc087ed_5_1_O7" which threw an exception]

Subsequent non-fatal errors won't be logged; see https://fburl.com/debugjs. {column: 180, clientTime: 1778131044, extra: Object, guardList: Array(4), hash: uvs1nz} @ https://static.xx.fbcdn.net/rsrc.php/v4/yb/r/rnHa3YCp_r6.js:77
[33373955ms] [ERROR] ErrorUtils caught an error:

Could not find element "u_5_3_VX" [Caught in: Module "__elem_9fc087ed_5_2_EB"]

Subsequent non-fatal errors won't be logged; see https://fburl.com/debugjs. {column: 180, clientTime: 1778131044, extra: Object, guardList: Array(4), hash: uvs1nz} @ https://static.xx.fbcdn.net/rsrc.php/v4/yb/r/rnHa3YCp_r6.js:77
[33373955ms] [ERROR] ErrorUtils caught an error:

Could not find element "u_5_3_VX" [Caught in: Module "__elem_9fc087ed_5_2_EB"] [Caught in: Requiring module "__elem_9fc087ed_5_2_EB" which threw an exception]

Subsequent non-fatal errors won't be logged; see https://fburl.com/debugjs. {column: 180, clientTime: 1778131044, extra: Object, guardList: Array(4), hash: uvs1nz} @ https://static.xx.fbcdn.net/rsrc.php/v4/yb/r/rnHa3YCp_r6.js:77
[33373956ms] [ERROR] ErrorUtils caught an error:

Could not find element "u_5_4_nw" [Caught in: Module "__elem_9fc087ed_5_3_pI"]

Subsequent non-fatal errors won't be logged; see https://fburl.com/debugjs. {column: 180, clientTime: 1778131044, extra: Object, guardList: Array(4), hash: uvs1nz} @ https://static.xx.fbcdn.net/rsrc.php/v4/yb/r/rnHa3YCp_r6.js:77
[33373956ms] [ERROR] ErrorUtils caught an error:

Could not find element "u_5_4_nw" [Caught in: Module "__elem_9fc087ed_5_3_pI"] [Caught in: Requiring module "__elem_9fc087ed_5_3_pI" which threw an exception]

Subsequent non-fatal errors won't be logged; see https://fburl.com/debugjs. {column: 180, clientTime: 1778131044, extra: Object, guardList: Array(4), hash: uvs1nz} @ https://static.xx.fbcdn.net/rsrc.php/v4/yb/r/rnHa3YCp_r6.js:77
[33373956ms] [ERROR] ErrorUtils caught an error:

Could not find element "u_5_2_0X" [Caught in: Module "__elem_9fc087ed_5_4_Hi"]

Subsequent non-fatal errors won't be logged; see https://fburl.com/debugjs. {column: 180, clientTime: 1778131044, extra: Object, guardList: Array(4), hash: uvs1nz} @ https://static.xx.fbcdn.net/rsrc.php/v4/yb/r/rnHa3YCp_r6.js:77
[33373956ms] [ERROR] ErrorUtils caught an error:

Could not find element "u_5_2_0X" [Caught in: Module "__elem_9fc087ed_5_4_Hi"] [Caught in: Requiring module "__elem_9fc087ed_5_4_Hi" which threw an exception]

Subsequent non-fatal errors won't be logged; see https://fburl.com/debugjs. {column: 180, clientTime: 1778131044, extra: Object, guardList: Array(4), hash: uvs1nz} @ https://static.xx.fbcdn.net/rsrc.php/v4/yb/r/rnHa3YCp_r6.js:77
[33373957ms] [ERROR] ErrorUtils caught an error:

Could not find element "u_5_7_8K" [Caught in: Module "__elem_a588f507_5_2_2f"]

Subsequent non-fatal errors won't be logged; see https://fburl.com/debugjs. {column: 180, clientTime: 1778131044, extra: Object, guardList: Array(4), hash: uvs1nz} @ https://static.xx.fbcdn.net/rsrc.php/v4/yb/r/rnHa3YCp_r6.js:77
[33373957ms] [ERROR] ErrorUtils caught an error:

Could not find element "u_5_8_W/" [Caught in: Module "__elem_de92090e_5_0_7l"]

Subsequent non-fatal errors won't be logged; see https://fburl.com/debugjs. {column: 180, clientTime: 1778131044, extra: Object, guardList: Array(4), hash: uvs1nz} @ https://static.xx.fbcdn.net/rsrc.php/v4/yb/r/rnHa3YCp_r6.js:77
[33373958ms] [ERROR] ErrorUtils caught an error:

Could not find element "u_5_9_Re" [Caught in: Module "__elem_072b8e64_5_0_Z3"]

Subsequent non-fatal errors won't be logged; see https://fburl.com/debugjs. {column: 180, clientTime: 1778131044, extra: Object, guardList: Array(4), hash: uvs1nz} @ https://static.xx.fbcdn.net/rsrc.php/v4/yb/r/rnHa3YCp_r6.js:77
[33373958ms] [ERROR] ErrorUtils caught an error:

Could not find element "u_5_a_jL" [Caught in: Module "__elem_a588f507_5_3_qj"]

Subsequent non-fatal errors won't be logged; see https://fburl.com/debugjs. {column: 180, clientTime: 1778131044, extra: Object, guardList: Array(4), hash: uvs1nz} @ https://static.xx.fbcdn.net/rsrc.php/v4/yb/r/rnHa3YCp_r6.js:77
[33373958ms] [ERROR] ErrorUtils caught an error:

Could not find element "u_5_b_qS" [Caught in: Module "__elem_de92090e_5_1_5F"]

Subsequent non-fatal errors won't be logged; see https://fburl.com/debugjs. {column: 180, clientTime: 1778131044, extra: Object, guardList: Array(4), hash: uvs1nz} @ https://static.xx.fbcdn.net/rsrc.php/v4/yb/r/rnHa3YCp_r6.js:77
[33373959ms] [ERROR] ErrorUtils caught an error:

Could not find element "u_5_c_RJ" [Caught in: Module "__elem_072b8e64_5_1_t/"]

Subsequent non-fatal errors won't be logged; see https://fburl.com/debugjs. {column: 180, clientTime: 1778131044, extra: Object, guardList: Array(4), hash: uvs1nz} @ https://static.xx.fbcdn.net/rsrc.php/v4/yb/r/rnHa3YCp_r6.js:77
[33373959ms] [ERROR] ErrorUtils caught an error:

Could not find element "u_5_d_3m" [Caught in: Module "__elem_fc9f538f_5_0_g8"]

Subsequent non-fatal errors won't be logged; see https://fburl.com/debugjs. {column: 180, clientTime: 1778131044, extra: Object, guardList: Array(4), hash: 5afhib} @ https://static.xx.fbcdn.net/rsrc.php/v4/yb/r/rnHa3YCp_r6.js:77
[33373959ms] [ERROR] ErrorUtils caught an error:

Could not find element "u_5_e_R3" [Caught in: Module "__elem_fc9f538f_5_1_U4"]

Subsequent non-fatal errors won't be logged; see https://fburl.com/debugjs. {column: 180, clientTime: 1778131044, extra: Object, guardList: Array(4), hash: 5afhib} @ https://static.xx.fbcdn.net/rsrc.php/v4/yb/r/rnHa3YCp_r6.js:77
[33373960ms] [ERROR] ErrorUtils caught an error:

Could not find element "u_5_t_u4" [Caught in: Module "__elem_fc9f538f_5_2_H1"]

Subsequent non-fatal errors won't be logged; see https://fburl.com/debugjs. {column: 180, clientTime: 1778131044, extra: Object, guardList: Array(4), hash: 5afhib} @ https://static.xx.fbcdn.net/rsrc.php/v4/yb/r/rnHa3YCp_r6.js:77
[33373960ms] [ERROR] ErrorUtils caught an error:

Could not find element "u_5_l_9h" [Caught in: Module "__elem_fc9f538f_5_3_MX"]

Subsequent non-fatal errors won't be logged; see https://fburl.com/debugjs. {column: 180, clientTime: 1778131044, extra: Object, guardList: Array(4), hash: 5afhib} @ https://static.xx.fbcdn.net/rsrc.php/v4/yb/r/rnHa3YCp_r6.js:77
[33373960ms] [ERROR] ErrorUtils caught an error:

Could not find element "u_5_p_tN" [Caught in: Module "__elem_fc9f538f_5_4_9Y"]

Subsequent non-fatal errors won't be logged; see https://fburl.com/debugjs. {column: 180, clientTime: 1778131044, extra: Object, guardList: Array(4), hash: 5afhib} @ https://static.xx.fbcdn.net/rsrc.php/v4/yb/r/rnHa3YCp_r6.js:77
[33373961ms] [ERROR] ErrorUtils caught an error:

Could not find element "u_5_i_iW" [Caught in: Module "__elem_a588f507_5_4_1+"]

Subsequent non-fatal errors won't be logged; see https://fburl.com/debugjs. {column: 180, clientTime: 1778131044, extra: Object, guardList: Array(4), hash: uvs1nz} @ https://static.xx.fbcdn.net/rsrc.php/v4/yb/r/rnHa3YCp_r6.js:77
[33373961ms] [ERROR] ErrorUtils caught an error:

Could not find element "u_5_j_96" [Caught in: Module "__elem_de92090e_5_2_m1"]

Subsequent non-fatal errors won't be logged; see https://fburl.com/debugjs. {column: 180, clientTime: 1778131044, extra: Object, guardList: Array(4), hash: uvs1nz} @ https://static.xx.fbcdn.net/rsrc.php/v4/yb/r/rnHa3YCp_r6.js:77
[33373962ms] [ERROR] ErrorUtils caught an error:

Could not find element "u_5_k_0Y" [Caught in: Module "__elem_072b8e64_5_2_Yu"]

Subsequent non-fatal errors won't be logged; see https://fburl.com/debugjs. {column: 180, clientTime: 1778131044, extra: Object, guardList: Array(4), hash: uvs1nz} @ https://static.xx.fbcdn.net/rsrc.php/v4/yb/r/rnHa3YCp_r6.js:77
[33373962ms] [ERROR] ErrorUtils caught an error:

Could not find element "u_5_m_KX" [Caught in: Module "__elem_a588f507_5_5_RW"]

Subsequent non-fatal errors won't be logged; see https://fburl.com/debugjs. {column: 180, clientTime: 1778131044, extra: Object, guardList: Array(4), hash: uvs1nz} @ https://static.xx.fbcdn.net/rsrc.php/v4/yb/r/rnHa3YCp_r6.js:77
[33373962ms] [ERROR] ErrorUtils caught an error:

Could not find element "u_5_n_vy" [Caught in: Module "__elem_de92090e_5_3_4e"]

Subsequent non-fatal errors won't be logged; see https://fburl.com/debugjs. {column: 180, clientTime: 1778131044, extra: Object, guardList: Array(4), hash: uvs1nz} @ https://static.xx.fbcdn.net/rsrc.php/v4/yb/r/rnHa3YCp_r6.js:77
[33373962ms] [ERROR] ErrorUtils caught an error:

Could not find element "u_5_o_vP" [Caught in: Module "__elem_072b8e64_5_3_sm"]

Subsequent non-fatal errors won't be logged; see https://fburl.com/debugjs. {column: 180, clientTime: 1778131044, extra: Object, guardList: Array(4), hash: uvs1nz} @ https://static.xx.fbcdn.net/rsrc.php/v4/yb/r/rnHa3YCp_r6.js:77
[33373963ms] [ERROR] ErrorUtils caught an error:

Could not find element "u_5_q_VN" [Caught in: Module "__elem_a588f507_5_6_0k"]

Subsequent non-fatal errors won't be logged; see https://fburl.com/debugjs. {column: 180, clientTime: 1778131044, extra: Object, guardList: Array(4), hash: uvs1nz} @ https://static.xx.fbcdn.net/rsrc.php/v4/yb/r/rnHa3YCp_r6.js:77
[33373964ms] [ERROR] ErrorUtils caught an error:

Could not find element "u_5_r_q2" [Caught in: Module "__elem_de92090e_5_4_8/"]

Subsequent non-fatal errors won't be logged; see https://fburl.com/debugjs. {column: 180, clientTime: 1778131044, extra: Object, guardList: Array(4), hash: uvs1nz} @ https://static.xx.fbcdn.net/rsrc.php/v4/yb/r/rnHa3YCp_r6.js:77
[33373965ms] [ERROR] ErrorUtils caught an error:

Could not find element "u_5_s_Qb" [Caught in: Module "__elem_072b8e64_5_4_+6"]

Subsequent non-fatal errors won't be logged; see https://fburl.com/debugjs. {column: 180, clientTime: 1778131044, extra: Object, guardList: Array(4), hash: uvs1nz} @ https://static.xx.fbcdn.net/rsrc.php/v4/yb/r/rnHa3YCp_r6.js:77
[33384625ms] [ERROR] ErrorUtils caught an error:

Could not find element "u_6_u_XZ" [Caught in: Module "__elem_a588f507_6_0_4E"]

Subsequent non-fatal errors won't be logged; see https://fburl.com/debugjs. {column: 180, clientTime: 1778131055, extra: Object, guardList: Array(4), hash: uvs1nz} @ https://static.xx.fbcdn.net/rsrc.php/v4/yb/r/rnHa3YCp_r6.js:77
[33384625ms] [ERROR] ErrorUtils caught an error:

DataStore.get: namespace is required, got undefined

Subsequent non-fatal errors won't be logged; see https://fburl.com/debugjs. {column: 712, clientTime: 1778131055, extra: Object, guardList: Array(4), hash: vrgny0} @ https://static.xx.fbcdn.net/rsrc.php/v4/yb/r/rnHa3YCp_r6.js:77
[33384626ms] [ERROR] ErrorUtils caught an error:

Could not find element "u_6_0_T0" [Caught in: Module "__elem_9fc087ed_6_0_jz"]

Subsequent non-fatal errors won't be logged; see https://fburl.com/debugjs. {column: 180, clientTime: 1778131055, extra: Object, guardList: Array(4), hash: uvs1nz} @ https://static.xx.fbcdn.net/rsrc.php/v4/yb/r/rnHa3YCp_r6.js:77
[33384626ms] [ERROR] ErrorUtils caught an error:

Could not find element "u_6_0_T0" [Caught in: Module "__elem_9fc087ed_6_0_jz"] [Caught in: Requiring module "__elem_9fc087ed_6_0_jz" which threw an exception]

Subsequent non-fatal errors won't be logged; see https://fburl.com/debugjs. {column: 180, clientTime: 1778131055, extra: Object, guardList: Array(4), hash: uvs1nz} @ https://static.xx.fbcdn.net/rsrc.php/v4/yb/r/rnHa3YCp_r6.js:77
[33384626ms] [ERROR] ErrorUtils caught an error:

Could not find element "u_6_1_EA" [Caught in: Module "__elem_9fc087ed_6_1_/D"]

Subsequent non-fatal errors won't be logged; see https://fburl.com/debugjs. {column: 180, clientTime: 1778131055, extra: Object, guardList: Array(4), hash: uvs1nz} @ https://static.xx.fbcdn.net/rsrc.php/v4/yb/r/rnHa3YCp_r6.js:77
[33384626ms] [ERROR] ErrorUtils caught an error:

Could not find element "u_6_1_EA" [Caught in: Module "__elem_9fc087ed_6_1_/D"] [Caught in: Requiring module "__elem_9fc087ed_6_1_/D" which threw an exception]

Subsequent non-fatal errors won't be logged; see https://fburl.com/debugjs. {column: 180, clientTime: 1778131055, extra: Object, guardList: Array(4), hash: uvs1nz} @ https://static.xx.fbcdn.net/rsrc.php/v4/yb/r/rnHa3YCp_r6.js:77
[33384627ms] [ERROR] ErrorUtils caught an error:

Could not find element "u_6_3_W3" [Caught in: Module "__elem_9fc087ed_6_2_o1"]

Subsequent non-fatal errors won't be logged; see https://fburl.com/debugjs. {column: 180, clientTime: 1778131055, extra: Object, guardList: Array(4), hash: uvs1nz} @ https://static.xx.fbcdn.net/rsrc.php/v4/yb/r/rnHa3YCp_r6.js:77
[33384627ms] [ERROR] ErrorUtils caught an error:

Could not find element "u_6_3_W3" [Caught in: Module "__elem_9fc087ed_6_2_o1"] [Caught in: Requiring module "__elem_9fc087ed_6_2_o1" which threw an exception]

Subsequent non-fatal errors won't be logged; see https://fburl.com/debugjs. {column: 180, clientTime: 1778131055, extra: Object, guardList: Array(4), hash: uvs1nz} @ https://static.xx.fbcdn.net/rsrc.php/v4/yb/r/rnHa3YCp_r6.js:77
[33384627ms] [ERROR] ErrorUtils caught an error:

Could not find element "u_6_4_EY" [Caught in: Module "__elem_9fc087ed_6_3_9A"]

Subsequent non-fatal errors won't be logged; see https://fburl.com/debugjs. {column: 180, clientTime: 1778131055, extra: Object, guardList: Array(4), hash: uvs1nz} @ https://static.xx.fbcdn.net/rsrc.php/v4/yb/r/rnHa3YCp_r6.js:77
[33384627ms] [ERROR] ErrorUtils caught an error:

Could not find element "u_6_4_EY" [Caught in: Module "__elem_9fc087ed_6_3_9A"] [Caught in: Requiring module "__elem_9fc087ed_6_3_9A" which threw an exception]

Subsequent non-fatal errors won't be logged; see https://fburl.com/debugjs. {column: 180, clientTime: 1778131055, extra: Object, guardList: Array(4), hash: uvs1nz} @ https://static.xx.fbcdn.net/rsrc.php/v4/yb/r/rnHa3YCp_r6.js:77
[33384628ms] [ERROR] ErrorUtils caught an error:

Could not find element "u_6_2_rw" [Caught in: Module "__elem_9fc087ed_6_4_dR"]

Subsequent non-fatal errors won't be logged; see https://fburl.com/debugjs. {column: 180, clientTime: 1778131055, extra: Object, guardList: Array(4), hash: uvs1nz} @ https://static.xx.fbcdn.net/rsrc.php/v4/yb/r/rnHa3YCp_r6.js:77
[33384628ms] [ERROR] ErrorUtils caught an error:

Could not find element "u_6_2_rw" [Caught in: Module "__elem_9fc087ed_6_4_dR"] [Caught in: Requiring module "__elem_9fc087ed_6_4_dR" which threw an exception]

Subsequent non-fatal errors won't be logged; see https://fburl.com/debugjs. {column: 180, clientTime: 1778131055, extra: Object, guardList: Array(4), hash: uvs1nz} @ https://static.xx.fbcdn.net/rsrc.php/v4/yb/r/rnHa3YCp_r6.js:77
[33384628ms] [ERROR] ErrorUtils caught an error:

Could not find element "u_6_7_92" [Caught in: Module "__elem_a588f507_6_2_No"]

Subsequent non-fatal errors won't be logged; see https://fburl.com/debugjs. {column: 180, clientTime: 1778131055, extra: Object, guardList: Array(4), hash: uvs1nz} @ https://static.xx.fbcdn.net/rsrc.php/v4/yb/r/rnHa3YCp_r6.js:77
[33384629ms] [ERROR] ErrorUtils caught an error:

Could not find element "u_6_8_ra" [Caught in: Module "__elem_de92090e_6_0_di"]

Subsequent non-fatal errors won't be logged; see https://fburl.com/debugjs. {column: 180, clientTime: 1778131055, extra: Object, guardList: Array(4), hash: uvs1nz} @ https://static.xx.fbcdn.net/rsrc.php/v4/yb/r/rnHa3YCp_r6.js:77
[33384629ms] [ERROR] ErrorUtils caught an error:

Could not find element "u_6_9_YY" [Caught in: Module "__elem_072b8e64_6_0_w/"]

Subsequent non-fatal errors won't be logged; see https://fburl.com/debugjs. {column: 180, clientTime: 1778131055, extra: Object, guardList: Array(4), hash: uvs1nz} @ https://static.xx.fbcdn.net/rsrc.php/v4/yb/r/rnHa3YCp_r6.js:77
[33384630ms] [ERROR] ErrorUtils caught an error:

Could not find element "u_6_g_H7" [Caught in: Module "__elem_fc9f538f_6_0_qT"]

Subsequent non-fatal errors won't be logged; see https://fburl.com/debugjs. {column: 180, clientTime: 1778131055, extra: Object, guardList: Array(4), hash: 5afhib} @ https://static.xx.fbcdn.net/rsrc.php/v4/yb/r/rnHa3YCp_r6.js:77
[33384630ms] [ERROR] ErrorUtils caught an error:

Could not find element "u_6_n_Vi" [Caught in: Module "__elem_fc9f538f_6_1_UW"]

Subsequent non-fatal errors won't be logged; see https://fburl.com/debugjs. {column: 180, clientTime: 1778131055, extra: Object, guardList: Array(4), hash: 5afhib} @ https://static.xx.fbcdn.net/rsrc.php/v4/yb/r/rnHa3YCp_r6.js:77
[33384630ms] [ERROR] ErrorUtils caught an error:

Could not find element "u_6_a_df" [Caught in: Module "__elem_a588f507_6_3_UW"]

Subsequent non-fatal errors won't be logged; see https://fburl.com/debugjs. {column: 180, clientTime: 1778131055, extra: Object, guardList: Array(4), hash: uvs1nz} @ https://static.xx.fbcdn.net/rsrc.php/v4/yb/r/rnHa3YCp_r6.js:77
[33384630ms] [ERROR] ErrorUtils caught an error:

Could not find element "u_6_b_ym" [Caught in: Module "__elem_de92090e_6_1_uX"]

Subsequent non-fatal errors won't be logged; see https://fburl.com/debugjs. {column: 180, clientTime: 1778131055, extra: Object, guardList: Array(4), hash: uvs1nz} @ https://static.xx.fbcdn.net/rsrc.php/v4/yb/r/rnHa3YCp_r6.js:77
[33384631ms] [ERROR] ErrorUtils caught an error:

Could not find element "u_6_c_as" [Caught in: Module "__elem_072b8e64_6_1_aU"]

Subsequent non-fatal errors won't be logged; see https://fburl.com/debugjs. {column: 180, clientTime: 1778131055, extra: Object, guardList: Array(4), hash: uvs1nz} @ https://static.xx.fbcdn.net/rsrc.php/v4/yb/r/rnHa3YCp_r6.js:77
[33384631ms] [ERROR] ErrorUtils caught an error:

Could not find element "u_6_p_g+" [Caught in: Module "__elem_fc9f538f_6_2_kw"]

Subsequent non-fatal errors won't be logged; see https://fburl.com/debugjs. {column: 180, clientTime: 1778131055, extra: Object, guardList: Array(4), hash: 5afhib} @ https://static.xx.fbcdn.net/rsrc.php/v4/yb/r/rnHa3YCp_r6.js:77
[33384631ms] [ERROR] ErrorUtils caught an error:

Could not find element "u_6_o_St" [Caught in: Module "__elem_fc9f538f_6_3_vk"]

Subsequent non-fatal errors won't be logged; see https://fburl.com/debugjs. {column: 180, clientTime: 1778131055, extra: Object, guardList: Array(4), hash: 5afhib} @ https://static.xx.fbcdn.net/rsrc.php/v4/yb/r/rnHa3YCp_r6.js:77
[33384631ms] [ERROR] ErrorUtils caught an error:

Could not find element "u_6_t_Tj" [Caught in: Module "__elem_fc9f538f_6_4_Yv"]

Subsequent non-fatal errors won't be logged; see https://fburl.com/debugjs. {column: 180, clientTime: 1778131055, extra: Object, guardList: Array(4), hash: 5afhib} @ https://static.xx.fbcdn.net/rsrc.php/v4/yb/r/rnHa3YCp_r6.js:77
[33384632ms] [ERROR] ErrorUtils caught an error:

Could not find element "u_6_h_WT" [Caught in: Module "__elem_a588f507_6_4_Vc"]

Subsequent non-fatal errors won't be logged; see https://fburl.com/debugjs. {column: 180, clientTime: 1778131055, extra: Object, guardList: Array(4), hash: uvs1nz} @ https://static.xx.fbcdn.net/rsrc.php/v4/yb/r/rnHa3YCp_r6.js:77
[33384632ms] [ERROR] ErrorUtils caught an error:

Could not find element "u_6_i_oe" [Caught in: Module "__elem_de92090e_6_2_3U"]

Subsequent non-fatal errors won't be logged; see https://fburl.com/debugjs. {column: 180, clientTime: 1778131055, extra: Object, guardList: Array(4), hash: uvs1nz} @ https://static.xx.fbcdn.net/rsrc.php/v4/yb/r/rnHa3YCp_r6.js:77
[33384632ms] [ERROR] ErrorUtils caught an error:

Could not find element "u_6_j_xD" [Caught in: Module "__elem_072b8e64_6_2_sx"]

Subsequent non-fatal errors won't be logged; see https://fburl.com/debugjs. {column: 180, clientTime: 1778131055, extra: Object, guardList: Array(4), hash: uvs1nz} @ https://static.xx.fbcdn.net/rsrc.php/v4/yb/r/rnHa3YCp_r6.js:77
[33384632ms] [ERROR] ErrorUtils caught an error:

Could not find element "u_6_k_SL" [Caught in: Module "__elem_a588f507_6_5_qa"]

Subsequent non-fatal errors won't be logged; see https://fburl.com/debugjs. {column: 180, clientTime: 1778131055, extra: Object, guardList: Array(4), hash: uvs1nz} @ https://static.xx.fbcdn.net/rsrc.php/v4/yb/r/rnHa3YCp_r6.js:77
[33384633ms] [ERROR] ErrorUtils caught an error:

Could not find element "u_6_l_fW" [Caught in: Module "__elem_de92090e_6_3_c1"]

Subsequent non-fatal errors won't be logged; see https://fburl.com/debugjs. {column: 180, clientTime: 1778131055, extra: Object, guardList: Array(4), hash: uvs1nz} @ https://static.xx.fbcdn.net/rsrc.php/v4/yb/r/rnHa3YCp_r6.js:77
[33384633ms] [ERROR] ErrorUtils caught an error:

Could not find element "u_6_m_S+" [Caught in: Module "__elem_072b8e64_6_3_Xm"]

Subsequent non-fatal errors won't be logged; see https://fburl.com/debugjs. {column: 180, clientTime: 1778131055, extra: Object, guardList: Array(4), hash: uvs1nz} @ https://static.xx.fbcdn.net/rsrc.php/v4/yb/r/rnHa3YCp_r6.js:77
[33384634ms] [ERROR] ErrorUtils caught an error:

Could not find element "u_6_q_Jw" [Caught in: Module "__elem_a588f507_6_6_TH"]

Subsequent non-fatal errors won't be logged; see https://fburl.com/debugjs. {column: 180, clientTime: 1778131055, extra: Object, guardList: Array(4), hash: uvs1nz} @ https://static.xx.fbcdn.net/rsrc.php/v4/yb/r/rnHa3YCp_r6.js:77
[33384634ms] [ERROR] ErrorUtils caught an error:

Could not find element "u_6_r_+B" [Caught in: Module "__elem_de92090e_6_4_D8"]

Subsequent non-fatal errors won't be logged; see https://fburl.com/debugjs. {column: 180, clientTime: 1778131055, extra: Object, guardList: Array(4), hash: uvs1nz} @ https://static.xx.fbcdn.net/rsrc.php/v4/yb/r/rnHa3YCp_r6.js:77
[33384634ms] [ERROR] ErrorUtils caught an error:

Could not find element "u_6_s_n7" [Caught in: Module "__elem_072b8e64_6_4_8G"]

Subsequent non-fatal errors won't be logged; see https://fburl.com/debugjs. {column: 180, clientTime: 1778131055, extra: Object, guardList: Array(4), hash: uvs1nz} @ https://static.xx.fbcdn.net/rsrc.php/v4/yb/r/rnHa3YCp_r6.js:77
[33387533ms] [ERROR] ErrorUtils caught an error:

Could not find element "u_7_u_u6" [Caught in: Module "__elem_a588f507_7_0_Pp"]

Subsequent non-fatal errors won't be logged; see https://fburl.com/debugjs. {column: 180, clientTime: 1778131058, extra: Object, guardList: Array(4), hash: uvs1nz} @ https://static.xx.fbcdn.net/rsrc.php/v4/yb/r/rnHa3YCp_r6.js:77
[33387533ms] [ERROR] ErrorUtils caught an error:

DataStore.get: namespace is required, got undefined

Subsequent non-fatal errors won't be logged; see https://fburl.com/debugjs. {column: 712, clientTime: 1778131058, extra: Object, guardList: Array(4), hash: vrgny0} @ https://static.xx.fbcdn.net/rsrc.php/v4/yb/r/rnHa3YCp_r6.js:77
[33387533ms] [ERROR] ErrorUtils caught an error:

Could not find element "u_7_1_1Q" [Caught in: Module "__elem_9fc087ed_7_0_nf"]

Subsequent non-fatal errors won't be logged; see https://fburl.com/debugjs. {column: 180, clientTime: 1778131058, extra: Object, guardList: Array(4), hash: uvs1nz} @ https://static.xx.fbcdn.net/rsrc.php/v4/yb/r/rnHa3YCp_r6.js:77
[33387533ms] [ERROR] ErrorUtils caught an error:

Could not find element "u_7_1_1Q" [Caught in: Module "__elem_9fc087ed_7_0_nf"] [Caught in: Requiring module "__elem_9fc087ed_7_0_nf" which threw an exception]

Subsequent non-fatal errors won't be logged; see https://fburl.com/debugjs. {column: 180, clientTime: 1778131058, extra: Object, guardList: Array(4), hash: uvs1nz} @ https://static.xx.fbcdn.net/rsrc.php/v4/yb/r/rnHa3YCp_r6.js:77
[33387533ms] [ERROR] ErrorUtils caught an error:

Could not find element "u_7_0_B0" [Caught in: Module "__elem_9fc087ed_7_1_rf"]

Subsequent non-fatal errors won't be logged; see https://fburl.com/debugjs. {column: 180, clientTime: 1778131058, extra: Object, guardList: Array(4), hash: uvs1nz} @ https://static.xx.fbcdn.net/rsrc.php/v4/yb/r/rnHa3YCp_r6.js:77
[33387534ms] [ERROR] ErrorUtils caught an error:

Could not find element "u_7_0_B0" [Caught in: Module "__elem_9fc087ed_7_1_rf"] [Caught in: Requiring module "__elem_9fc087ed_7_1_rf" which threw an exception]

Subsequent non-fatal errors won't be logged; see https://fburl.com/debugjs. {column: 180, clientTime: 1778131058, extra: Object, guardList: Array(4), hash: uvs1nz} @ https://static.xx.fbcdn.net/rsrc.php/v4/yb/r/rnHa3YCp_r6.js:77
[33387534ms] [ERROR] ErrorUtils caught an error:

Could not find element "u_7_3_7E" [Caught in: Module "__elem_9fc087ed_7_2_mJ"]

Subsequent non-fatal errors won't be logged; see https://fburl.com/debugjs. {column: 180, clientTime: 1778131058, extra: Object, guardList: Array(4), hash: uvs1nz} @ https://static.xx.fbcdn.net/rsrc.php/v4/yb/r/rnHa3YCp_r6.js:77
[33387534ms] [ERROR] ErrorUtils caught an error:

Could not find element "u_7_3_7E" [Caught in: Module "__elem_9fc087ed_7_2_mJ"] [Caught in: Requiring module "__elem_9fc087ed_7_2_mJ" which threw an exception]

Subsequent non-fatal errors won't be logged; see https://fburl.com/debugjs. {column: 180, clientTime: 1778131058, extra: Object, guardList: Array(4), hash: uvs1nz} @ https://static.xx.fbcdn.net/rsrc.php/v4/yb/r/rnHa3YCp_r6.js:77
[33387534ms] [ERROR] ErrorUtils caught an error:

Could not find element "u_7_4_Nl" [Caught in: Module "__elem_9fc087ed_7_3_tm"]

Subsequent non-fatal errors won't be logged; see https://fburl.com/debugjs. {column: 180, clientTime: 1778131058, extra: Object, guardList: Array(4), hash: uvs1nz} @ https://static.xx.fbcdn.net/rsrc.php/v4/yb/r/rnHa3YCp_r6.js:77
[33387534ms] [ERROR] ErrorUtils caught an error:

Could not find element "u_7_4_Nl" [Caught in: Module "__elem_9fc087ed_7_3_tm"] [Caught in: Requiring module "__elem_9fc087ed_7_3_tm" which threw an exception]

Subsequent non-fatal errors won't be logged; see https://fburl.com/debugjs. {column: 180, clientTime: 1778131058, extra: Object, guardList: Array(4), hash: uvs1nz} @ https://static.xx.fbcdn.net/rsrc.php/v4/yb/r/rnHa3YCp_r6.js:77
[33387535ms] [ERROR] ErrorUtils caught an error:

Could not find element "u_7_2_YO" [Caught in: Module "__elem_9fc087ed_7_4_HQ"]

Subsequent non-fatal errors won't be logged; see https://fburl.com/debugjs. {column: 180, clientTime: 1778131058, extra: Object, guardList: Array(4), hash: uvs1nz} @ https://static.xx.fbcdn.net/rsrc.php/v4/yb/r/rnHa3YCp_r6.js:77
[33387535ms] [ERROR] ErrorUtils caught an error:

Could not find element "u_7_2_YO" [Caught in: Module "__elem_9fc087ed_7_4_HQ"] [Caught in: Requiring module "__elem_9fc087ed_7_4_HQ" which threw an exception]

Subsequent non-fatal errors won't be logged; see https://fburl.com/debugjs. {column: 180, clientTime: 1778131058, extra: Object, guardList: Array(4), hash: uvs1nz} @ https://static.xx.fbcdn.net/rsrc.php/v4/yb/r/rnHa3YCp_r6.js:77
[33387535ms] [ERROR] ErrorUtils caught an error:

Could not find element "u_7_7_b7" [Caught in: Module "__elem_a588f507_7_2_Kf"]

Subsequent non-fatal errors won't be logged; see https://fburl.com/debugjs. {column: 180, clientTime: 1778131058, extra: Object, guardList: Array(4), hash: uvs1nz} @ https://static.xx.fbcdn.net/rsrc.php/v4/yb/r/rnHa3YCp_r6.js:77
[33387535ms] [ERROR] ErrorUtils caught an error:

Could not find element "u_7_8_xj" [Caught in: Module "__elem_de92090e_7_0_Kp"]

Subsequent non-fatal errors won't be logged; see https://fburl.com/debugjs. {column: 180, clientTime: 1778131058, extra: Object, guardList: Array(4), hash: uvs1nz} @ https://static.xx.fbcdn.net/rsrc.php/v4/yb/r/rnHa3YCp_r6.js:77
[33387535ms] [ERROR] ErrorUtils caught an error:

Could not find element "u_7_9_ri" [Caught in: Module "__elem_072b8e64_7_0_Pa"]

Subsequent non-fatal errors won't be logged; see https://fburl.com/debugjs. {column: 180, clientTime: 1778131058, extra: Object, guardList: Array(4), hash: uvs1nz} @ https://static.xx.fbcdn.net/rsrc.php/v4/yb/r/rnHa3YCp_r6.js:77
[33387536ms] [ERROR] ErrorUtils caught an error:

Could not find element "u_7_d_Oo" [Caught in: Module "__elem_fc9f538f_7_0_Rw"]

Subsequent non-fatal errors won't be logged; see https://fburl.com/debugjs. {column: 180, clientTime: 1778131058, extra: Object, guardList: Array(4), hash: 5afhib} @ https://static.xx.fbcdn.net/rsrc.php/v4/yb/r/rnHa3YCp_r6.js:77
[33387536ms] [ERROR] ErrorUtils caught an error:

Could not find element "u_7_t_Nv" [Caught in: Module "__elem_fc9f538f_7_1_X9"]

Subsequent non-fatal errors won't be logged; see https://fburl.com/debugjs. {column: 180, clientTime: 1778131058, extra: Object, guardList: Array(4), hash: 5afhib} @ https://static.xx.fbcdn.net/rsrc.php/v4/yb/r/rnHa3YCp_r6.js:77
[33387536ms] [ERROR] ErrorUtils caught an error:

Could not find element "u_7_a_wr" [Caught in: Module "__elem_a588f507_7_3_2k"]

Subsequent non-fatal errors won't be logged; see https://fburl.com/debugjs. {column: 180, clientTime: 1778131058, extra: Object, guardList: Array(4), hash: uvs1nz} @ https://static.xx.fbcdn.net/rsrc.php/v4/yb/r/rnHa3YCp_r6.js:77
[33387537ms] [ERROR] ErrorUtils caught an error:

Could not find element "u_7_b_YW" [Caught in: Module "__elem_de92090e_7_1_zF"]

Subsequent non-fatal errors won't be logged; see https://fburl.com/debugjs. {column: 180, clientTime: 1778131058, extra: Object, guardList: Array(4), hash: uvs1nz} @ https://static.xx.fbcdn.net/rsrc.php/v4/yb/r/rnHa3YCp_r6.js:77
[33387537ms] [ERROR] ErrorUtils caught an error:

Could not find element "u_7_c_i2" [Caught in: Module "__elem_072b8e64_7_1_Wx"]

Subsequent non-fatal errors won't be logged; see https://fburl.com/debugjs. {column: 180, clientTime: 1778131058, extra: Object, guardList: Array(4), hash: uvs1nz} @ https://static.xx.fbcdn.net/rsrc.php/v4/yb/r/rnHa3YCp_r6.js:77
[33387538ms] [ERROR] ErrorUtils caught an error:

Could not find element "u_7_n_dA" [Caught in: Module "__elem_fc9f538f_7_2_YQ"]

Subsequent non-fatal errors won't be logged; see https://fburl.com/debugjs. {column: 180, clientTime: 1778131058, extra: Object, guardList: Array(4), hash: 5afhib} @ https://static.xx.fbcdn.net/rsrc.php/v4/yb/r/rnHa3YCp_r6.js:77
[33387538ms] [ERROR] ErrorUtils caught an error:

Could not find element "u_7_r_GB" [Caught in: Module "__elem_fc9f538f_7_3_7l"]

Subsequent non-fatal errors won't be logged; see https://fburl.com/debugjs. {column: 180, clientTime: 1778131058, extra: Object, guardList: Array(4), hash: 5afhib} @ https://static.xx.fbcdn.net/rsrc.php/v4/yb/r/rnHa3YCp_r6.js:77
[33387538ms] [ERROR] ErrorUtils caught an error:

Could not find element "u_7_s_5f" [Caught in: Module "__elem_fc9f538f_7_4_8T"]

Subsequent non-fatal errors won't be logged; see https://fburl.com/debugjs. {column: 180, clientTime: 1778131058, extra: Object, guardList: Array(4), hash: 5afhib} @ https://static.xx.fbcdn.net/rsrc.php/v4/yb/r/rnHa3YCp_r6.js:77
[33387539ms] [ERROR] ErrorUtils caught an error:

Could not find element "u_7_h_RL" [Caught in: Module "__elem_a588f507_7_4_Uu"]

Subsequent non-fatal errors won't be logged; see https://fburl.com/debugjs. {column: 180, clientTime: 1778131058, extra: Object, guardList: Array(4), hash: uvs1nz} @ https://static.xx.fbcdn.net/rsrc.php/v4/yb/r/rnHa3YCp_r6.js:77
[33387539ms] [ERROR] ErrorUtils caught an error:

Could not find element "u_7_i_VO" [Caught in: Module "__elem_de92090e_7_2_k7"]

Subsequent non-fatal errors won't be logged; see https://fburl.com/debugjs. {column: 180, clientTime: 1778131058, extra: Object, guardList: Array(4), hash: uvs1nz} @ https://static.xx.fbcdn.net/rsrc.php/v4/yb/r/rnHa3YCp_r6.js:77
[33387539ms] [ERROR] ErrorUtils caught an error:

Could not find element "u_7_j_KV" [Caught in: Module "__elem_072b8e64_7_2_4E"]

Subsequent non-fatal errors won't be logged; see https://fburl.com/debugjs. {column: 180, clientTime: 1778131058, extra: Object, guardList: Array(4), hash: uvs1nz} @ https://static.xx.fbcdn.net/rsrc.php/v4/yb/r/rnHa3YCp_r6.js:77
[33387539ms] [ERROR] ErrorUtils caught an error:

Could not find element "u_7_k_Zi" [Caught in: Module "__elem_a588f507_7_5_wR"]

Subsequent non-fatal errors won't be logged; see https://fburl.com/debugjs. {column: 180, clientTime: 1778131058, extra: Object, guardList: Array(4), hash: uvs1nz} @ https://static.xx.fbcdn.net/rsrc.php/v4/yb/r/rnHa3YCp_r6.js:77
[33387540ms] [ERROR] ErrorUtils caught an error:

Could not find element "u_7_l_/C" [Caught in: Module "__elem_de92090e_7_3_AE"]

Subsequent non-fatal errors won't be logged; see https://fburl.com/debugjs. {column: 180, clientTime: 1778131058, extra: Object, guardList: Array(4), hash: uvs1nz} @ https://static.xx.fbcdn.net/rsrc.php/v4/yb/r/rnHa3YCp_r6.js:77
[33387540ms] [ERROR] ErrorUtils caught an error:

Could not find element "u_7_m_kt" [Caught in: Module "__elem_072b8e64_7_3_uK"]

Subsequent non-fatal errors won't be logged; see https://fburl.com/debugjs. {column: 180, clientTime: 1778131058, extra: Object, guardList: Array(4), hash: uvs1nz} @ https://static.xx.fbcdn.net/rsrc.php/v4/yb/r/rnHa3YCp_r6.js:77
[33387541ms] [ERROR] ErrorUtils caught an error:

Could not find element "u_7_o_Vt" [Caught in: Module "__elem_a588f507_7_6_ob"]

Subsequent non-fatal errors won't be logged; see https://fburl.com/debugjs. {column: 180, clientTime: 1778131058, extra: Object, guardList: Array(4), hash: uvs1nz} @ https://static.xx.fbcdn.net/rsrc.php/v4/yb/r/rnHa3YCp_r6.js:77
[33387541ms] [ERROR] ErrorUtils caught an error:

Could not find element "u_7_p_J1" [Caught in: Module "__elem_de92090e_7_4_Xp"]

Subsequent non-fatal errors won't be logged; see https://fburl.com/debugjs. {column: 180, clientTime: 1778131058, extra: Object, guardList: Array(4), hash: uvs1nz} @ https://static.xx.fbcdn.net/rsrc.php/v4/yb/r/rnHa3YCp_r6.js:77
[33387541ms] [ERROR] ErrorUtils caught an error:

Could not find element "u_7_q_e4" [Caught in: Module "__elem_072b8e64_7_4_pT"]

Subsequent non-fatal errors won't be logged; see https://fburl.com/debugjs. {column: 180, clientTime: 1778131058, extra: Object, guardList: Array(4), hash: uvs1nz} @ https://static.xx.fbcdn.net/rsrc.php/v4/yb/r/rnHa3YCp_r6.js:77
[33418945ms] [LOG] [Fast Refresh] rebuilding @ http://localhost:3000/_next/static/chunks/d6e4c_next_dist_f826b2eb._.js:2287
[33419041ms] [LOG] [Fast Refresh] done in 202ms @ http://localhost:3000/_next/static/chunks/d6e4c_next_dist_f826b2eb._.js:2287
[33420132ms] [LOG] %c[Vercel Web Analytics]%c [view] http://localhost:3000/memes color: rgb(120, 120, 120) color: inherit {o: http://localhost:3000/memes, sv: 0.1.3, sdkn: @vercel/analytics/next, sdkv: 1.3.1, ts: 1778131091037} /_vercel/insights/view @ http://localhost:3000/_next/static/chunks/d6e4c_next_dist_f826b2eb._.js:2287
[33421295ms] [ERROR] ErrorUtils caught an error:

Could not find element "u_1_u_o7" [Caught in: Module "__elem_a588f507_1_0_5M"]

Subsequent non-fatal errors won't be logged; see https://fburl.com/debugjs. {column: 180, clientTime: 1778131092, extra: Object, guardList: Array(4), hash: uvs1nz} @ https://static.xx.fbcdn.net/rsrc.php/v4/yb/r/rnHa3YCp_r6.js:77
[33421296ms] [ERROR] ErrorUtils caught an error:

DataStore.get: namespace is required, got undefined

Subsequent non-fatal errors won't be logged; see https://fburl.com/debugjs. {column: 712, clientTime: 1778131092, extra: Object, guardList: Array(4), hash: vrgny0} @ https://static.xx.fbcdn.net/rsrc.php/v4/yb/r/rnHa3YCp_r6.js:77
[33421297ms] [ERROR] ErrorUtils caught an error:

Could not find element "u_1_0_C/" [Caught in: Module "__elem_9fc087ed_1_0_xJ"]

Subsequent non-fatal errors won't be logged; see https://fburl.com/debugjs. {column: 180, clientTime: 1778131092, extra: Object, guardList: Array(4), hash: uvs1nz} @ https://static.xx.fbcdn.net/rsrc.php/v4/yb/r/rnHa3YCp_r6.js:77
[33421297ms] [ERROR] ErrorUtils caught an error:

Could not find element "u_1_0_C/" [Caught in: Module "__elem_9fc087ed_1_0_xJ"] [Caught in: Requiring module "__elem_9fc087ed_1_0_xJ" which threw an exception]

Subsequent non-fatal errors won't be logged; see https://fburl.com/debugjs. {column: 180, clientTime: 1778131092, extra: Object, guardList: Array(4), hash: uvs1nz} @ https://static.xx.fbcdn.net/rsrc.php/v4/yb/r/rnHa3YCp_r6.js:77
[33421298ms] [ERROR] ErrorUtils caught an error:

Could not find element "u_1_4_Ob" [Caught in: Module "__elem_9fc087ed_1_1_qE"]

Subsequent non-fatal errors won't be logged; see https://fburl.com/debugjs. {column: 180, clientTime: 1778131092, extra: Object, guardList: Array(4), hash: uvs1nz} @ https://static.xx.fbcdn.net/rsrc.php/v4/yb/r/rnHa3YCp_r6.js:77
[33421298ms] [ERROR] ErrorUtils caught an error:

Could not find element "u_1_4_Ob" [Caught in: Module "__elem_9fc087ed_1_1_qE"] [Caught in: Requiring module "__elem_9fc087ed_1_1_qE" which threw an exception]

Subsequent non-fatal errors won't be logged; see https://fburl.com/debugjs. {column: 180, clientTime: 1778131092, extra: Object, guardList: Array(4), hash: uvs1nz} @ https://static.xx.fbcdn.net/rsrc.php/v4/yb/r/rnHa3YCp_r6.js:77
[33421298ms] [ERROR] ErrorUtils caught an error:

Could not find element "u_1_3_8w" [Caught in: Module "__elem_9fc087ed_1_2_ou"]

Subsequent non-fatal errors won't be logged; see https://fburl.com/debugjs. {column: 180, clientTime: 1778131092, extra: Object, guardList: Array(4), hash: uvs1nz} @ https://static.xx.fbcdn.net/rsrc.php/v4/yb/r/rnHa3YCp_r6.js:77
[33421298ms] [ERROR] ErrorUtils caught an error:

Could not find element "u_1_3_8w" [Caught in: Module "__elem_9fc087ed_1_2_ou"] [Caught in: Requiring module "__elem_9fc087ed_1_2_ou" which threw an exception]

Subsequent non-fatal errors won't be logged; see https://fburl.com/debugjs. {column: 180, clientTime: 1778131092, extra: Object, guardList: Array(4), hash: uvs1nz} @ https://static.xx.fbcdn.net/rsrc.php/v4/yb/r/rnHa3YCp_r6.js:77
[33421299ms] [ERROR] ErrorUtils caught an error:

Could not find element "u_1_2_dx" [Caught in: Module "__elem_9fc087ed_1_3_BH"]

Subsequent non-fatal errors won't be logged; see https://fburl.com/debugjs. {column: 180, clientTime: 1778131092, extra: Object, guardList: Array(4), hash: uvs1nz} @ https://static.xx.fbcdn.net/rsrc.php/v4/yb/r/rnHa3YCp_r6.js:77
[33421299ms] [ERROR] ErrorUtils caught an error:

Could not find element "u_1_2_dx" [Caught in: Module "__elem_9fc087ed_1_3_BH"] [Caught in: Requiring module "__elem_9fc087ed_1_3_BH" which threw an exception]

Subsequent non-fatal errors won't be logged; see https://fburl.com/debugjs. {column: 180, clientTime: 1778131092, extra: Object, guardList: Array(4), hash: uvs1nz} @ https://static.xx.fbcdn.net/rsrc.php/v4/yb/r/rnHa3YCp_r6.js:77
[33421299ms] [ERROR] ErrorUtils caught an error:

Could not find element "u_1_1_al" [Caught in: Module "__elem_9fc087ed_1_4_Ev"]

Subsequent non-fatal errors won't be logged; see https://fburl.com/debugjs. {column: 180, clientTime: 1778131092, extra: Object, guardList: Array(4), hash: uvs1nz} @ https://static.xx.fbcdn.net/rsrc.php/v4/yb/r/rnHa3YCp_r6.js:77
[33421300ms] [ERROR] ErrorUtils caught an error:

Could not find element "u_1_1_al" [Caught in: Module "__elem_9fc087ed_1_4_Ev"] [Caught in: Requiring module "__elem_9fc087ed_1_4_Ev" which threw an exception]

Subsequent non-fatal errors won't be logged; see https://fburl.com/debugjs. {column: 180, clientTime: 1778131092, extra: Object, guardList: Array(4), hash: uvs1nz} @ https://static.xx.fbcdn.net/rsrc.php/v4/yb/r/rnHa3YCp_r6.js:77
[33421300ms] [ERROR] ErrorUtils caught an error:

Could not find element "u_1_a_qE" [Caught in: Module "__elem_fc9f538f_1_0_ia"]

Subsequent non-fatal errors won't be logged; see https://fburl.com/debugjs. {column: 180, clientTime: 1778131092, extra: Object, guardList: Array(4), hash: 5afhib} @ https://static.xx.fbcdn.net/rsrc.php/v4/yb/r/rnHa3YCp_r6.js:77
[33421300ms] [ERROR] ErrorUtils caught an error:

Could not find element "u_1_h_5v" [Caught in: Module "__elem_fc9f538f_1_1_b5"]

Subsequent non-fatal errors won't be logged; see https://fburl.com/debugjs. {column: 180, clientTime: 1778131092, extra: Object, guardList: Array(4), hash: 5afhib} @ https://static.xx.fbcdn.net/rsrc.php/v4/yb/r/rnHa3YCp_r6.js:77
[33421301ms] [ERROR] ErrorUtils caught an error:

Could not find element "u_1_7_8Z" [Caught in: Module "__elem_a588f507_1_2_H6"]

Subsequent non-fatal errors won't be logged; see https://fburl.com/debugjs. {column: 180, clientTime: 1778131092, extra: Object, guardList: Array(4), hash: uvs1nz} @ https://static.xx.fbcdn.net/rsrc.php/v4/yb/r/rnHa3YCp_r6.js:77
[33421301ms] [ERROR] ErrorUtils caught an error:

Could not find element "u_1_8_0E" [Caught in: Module "__elem_de92090e_1_0_J9"]

Subsequent non-fatal errors won't be logged; see https://fburl.com/debugjs. {column: 180, clientTime: 1778131092, extra: Object, guardList: Array(4), hash: uvs1nz} @ https://static.xx.fbcdn.net/rsrc.php/v4/yb/r/rnHa3YCp_r6.js:77
[33421302ms] [ERROR] ErrorUtils caught an error:

Could not find element "u_1_9_Bb" [Caught in: Module "__elem_072b8e64_1_0_kR"]

Subsequent non-fatal errors won't be logged; see https://fburl.com/debugjs. {column: 180, clientTime: 1778131092, extra: Object, guardList: Array(4), hash: uvs1nz} @ https://static.xx.fbcdn.net/rsrc.php/v4/yb/r/rnHa3YCp_r6.js:77
[33421302ms] [ERROR] ErrorUtils caught an error:

Could not find element "u_1_b_cm" [Caught in: Module "__elem_a588f507_1_3_Bg"]

Subsequent non-fatal errors won't be logged; see https://fburl.com/debugjs. {column: 180, clientTime: 1778131092, extra: Object, guardList: Array(4), hash: uvs1nz} @ https://static.xx.fbcdn.net/rsrc.php/v4/yb/r/rnHa3YCp_r6.js:77
[33421302ms] [ERROR] ErrorUtils caught an error:

Could not find element "u_1_c_F/" [Caught in: Module "__elem_de92090e_1_1_Zq"]

Subsequent non-fatal errors won't be logged; see https://fburl.com/debugjs. {column: 180, clientTime: 1778131092, extra: Object, guardList: Array(4), hash: uvs1nz} @ https://static.xx.fbcdn.net/rsrc.php/v4/yb/r/rnHa3YCp_r6.js:77
[33421303ms] [ERROR] ErrorUtils caught an error:

Could not find element "u_1_d_FS" [Caught in: Module "__elem_072b8e64_1_1_j9"]

Subsequent non-fatal errors won't be logged; see https://fburl.com/debugjs. {column: 180, clientTime: 1778131092, extra: Object, guardList: Array(4), hash: uvs1nz} @ https://static.xx.fbcdn.net/rsrc.php/v4/yb/r/rnHa3YCp_r6.js:77
[33421303ms] [ERROR] ErrorUtils caught an error:

Could not find element "u_1_t_aP" [Caught in: Module "__elem_fc9f538f_1_2_V9"]

Subsequent non-fatal errors won't be logged; see https://fburl.com/debugjs. {column: 180, clientTime: 1778131092, extra: Object, guardList: Array(4), hash: 5afhib} @ https://static.xx.fbcdn.net/rsrc.php/v4/yb/r/rnHa3YCp_r6.js:77
[33421303ms] [ERROR] ErrorUtils caught an error:

Could not find element "u_1_s_m1" [Caught in: Module "__elem_fc9f538f_1_3_Uw"]

Subsequent non-fatal errors won't be logged; see https://fburl.com/debugjs. {column: 180, clientTime: 1778131092, extra: Object, guardList: Array(4), hash: 5afhib} @ https://static.xx.fbcdn.net/rsrc.php/v4/yb/r/rnHa3YCp_r6.js:77
[33421304ms] [ERROR] ErrorUtils caught an error:

Could not find element "u_1_r_7z" [Caught in: Module "__elem_fc9f538f_1_4_k5"]

Subsequent non-fatal errors won't be logged; see https://fburl.com/debugjs. {column: 180, clientTime: 1778131092, extra: Object, guardList: Array(4), hash: 5afhib} @ https://static.xx.fbcdn.net/rsrc.php/v4/yb/r/rnHa3YCp_r6.js:77
[33421304ms] [ERROR] ErrorUtils caught an error:

Could not find element "u_1_i_b4" [Caught in: Module "__elem_a588f507_1_4_1C"]

Subsequent non-fatal errors won't be logged; see https://fburl.com/debugjs. {column: 180, clientTime: 1778131092, extra: Object, guardList: Array(4), hash: uvs1nz} @ https://static.xx.fbcdn.net/rsrc.php/v4/yb/r/rnHa3YCp_r6.js:77
[33421304ms] [ERROR] ErrorUtils caught an error:

Could not find element "u_1_j_iA" [Caught in: Module "__elem_de92090e_1_2_pg"]

Subsequent non-fatal errors won't be logged; see https://fburl.com/debugjs. {column: 180, clientTime: 1778131092, extra: Object, guardList: Array(4), hash: uvs1nz} @ https://static.xx.fbcdn.net/rsrc.php/v4/yb/r/rnHa3YCp_r6.js:77
[33421305ms] [ERROR] ErrorUtils caught an error:

Could not find element "u_1_k_Uf" [Caught in: Module "__elem_072b8e64_1_2_qx"]

Subsequent non-fatal errors won't be logged; see https://fburl.com/debugjs. {column: 180, clientTime: 1778131092, extra: Object, guardList: Array(4), hash: uvs1nz} @ https://static.xx.fbcdn.net/rsrc.php/v4/yb/r/rnHa3YCp_r6.js:77
[33421305ms] [ERROR] ErrorUtils caught an error:

Could not find element "u_1_l_9N" [Caught in: Module "__elem_a588f507_1_5_Fk"]

Subsequent non-fatal errors won't be logged; see https://fburl.com/debugjs. {column: 180, clientTime: 1778131092, extra: Object, guardList: Array(4), hash: uvs1nz} @ https://static.xx.fbcdn.net/rsrc.php/v4/yb/r/rnHa3YCp_r6.js:77
[33421306ms] [ERROR] ErrorUtils caught an error:

Could not find element "u_1_m_Xg" [Caught in: Module "__elem_de92090e_1_3_KF"]

Subsequent non-fatal errors won't be logged; see https://fburl.com/debugjs. {column: 180, clientTime: 1778131092, extra: Object, guardList: Array(4), hash: uvs1nz} @ https://static.xx.fbcdn.net/rsrc.php/v4/yb/r/rnHa3YCp_r6.js:77
[33421306ms] [ERROR] ErrorUtils caught an error:

Could not find element "u_1_n_//" [Caught in: Module "__elem_072b8e64_1_3_/C"]

Subsequent non-fatal errors won't be logged; see https://fburl.com/debugjs. {column: 180, clientTime: 1778131092, extra: Object, guardList: Array(4), hash: uvs1nz} @ https://static.xx.fbcdn.net/rsrc.php/v4/yb/r/rnHa3YCp_r6.js:77
[33421306ms] [ERROR] ErrorUtils caught an error:

Could not find element "u_1_o_0M" [Caught in: Module "__elem_a588f507_1_6_zK"]

Subsequent non-fatal errors won't be logged; see https://fburl.com/debugjs. {column: 180, clientTime: 1778131092, extra: Object, guardList: Array(4), hash: uvs1nz} @ https://static.xx.fbcdn.net/rsrc.php/v4/yb/r/rnHa3YCp_r6.js:77
[33421307ms] [ERROR] ErrorUtils caught an error:

Could not find element "u_1_p_Q3" [Caught in: Module "__elem_de92090e_1_4_3S"]

Subsequent non-fatal errors won't be logged; see https://fburl.com/debugjs. {column: 180, clientTime: 1778131092, extra: Object, guardList: Array(4), hash: uvs1nz} @ https://static.xx.fbcdn.net/rsrc.php/v4/yb/r/rnHa3YCp_r6.js:77
[33421307ms] [ERROR] ErrorUtils caught an error:

Could not find element "u_1_q_YW" [Caught in: Module "__elem_072b8e64_1_4_04"]

Subsequent non-fatal errors won't be logged; see https://fburl.com/debugjs. {column: 180, clientTime: 1778131092, extra: Object, guardList: Array(4), hash: uvs1nz} @ https://static.xx.fbcdn.net/rsrc.php/v4/yb/r/rnHa3YCp_r6.js:77
[33437128ms] [LOG] %c[Vercel Web Analytics]%c [view] http://localhost:3000/shop color: rgb(120, 120, 120) color: inherit {o: http://localhost:3000/shop, sv: 0.1.3, sdkn: @vercel/analytics/next, sdkv: 1.3.1, ts: 1778131108019} /_vercel/insights/view @ http://localhost:3000/_next/static/chunks/d6e4c_next_dist_f826b2eb._.js:2287
[33464015ms] [LOG] %c[Vercel Web Analytics]%c [view] http://localhost:3000/cart color: rgb(120, 120, 120) color: inherit {o: http://localhost:3000/cart, sv: 0.1.3, sdkn: @vercel/analytics/next, sdkv: 1.3.1, ts: 1778131134926} /_vercel/insights/view @ http://localhost:3000/_next/static/chunks/d6e4c_next_dist_f826b2eb._.js:2287
[33471257ms] [LOG] %c[Vercel Web Analytics]%c [view] http://localhost:3000/shop color: rgb(120, 120, 120) color: inherit {o: http://localhost:3000/shop, sv: 0.1.3, sdkn: @vercel/analytics/next, sdkv: 1.3.1, ts: 1778131142153} /_vercel/insights/view @ http://localhost:3000/_next/static/chunks/d6e4c_next_dist_f826b2eb._.js:2287
[33478674ms] [LOG] [Fast Refresh] rebuilding @ http://localhost:3000/_next/static/chunks/d6e4c_next_dist_f826b2eb._.js:2287
[33480062ms] [LOG] [Fast Refresh] done in 1493ms @ http://localhost:3000/_next/static/chunks/d6e4c_next_dist_f826b2eb._.js:2287
[33480126ms] [LOG] %c[Vercel Web Analytics]%c [view] http://localhost:3000/auth/login color: rgb(120, 120, 120) color: inherit {o: http://localhost:3000/auth/login, sv: 0.1.3, sdkn: @vercel/analytics/next, sdkv: 1.3.1, ts: 1778131151038} /_vercel/insights/view @ http://localhost:3000/_next/static/chunks/d6e4c_next_dist_f826b2eb._.js:2287
[33480189ms] [LOG] [Fast Refresh] rebuilding @ http://localhost:3000/_next/static/chunks/d6e4c_next_dist_f826b2eb._.js:2287
[33480198ms] [LOG] [Fast Refresh] done in 114ms @ http://localhost:3000/_next/static/chunks/d6e4c_next_dist_f826b2eb._.js:2287
[33480216ms] [VERBOSE] [DOM] Input elements should have autocomplete attributes (suggested: "current-password"): (More info: https://goo.gl/9p2vKq) %o @ http://localhost:3000/auth/login:0
