[     121ms] [LOG] [Fast Refresh] rebuilding @ http://localhost:3000/_next/static/chunks/d6e4c_next_dist_f826b2eb._.js:2287
[     633ms] [LOG] [Fast Refresh] done in 615ms @ http://localhost:3000/_next/static/chunks/d6e4c_next_dist_f826b2eb._.js:2287
[    1356ms] [INFO] %cDownload the React DevTools for a better development experience: https://react.dev/link/react-devtools font-weight:bold @ http://localhost:3000/_next/static/chunks/d6e4c_next_dist_f826b2eb._.js:2287
[    1395ms] [LOG] [HMR] connected @ http://localhost:3000/_next/static/chunks/d6e4c_next_dist_f826b2eb._.js:2287
[    1477ms] [ERROR] A tree hydrated but some attributes of the server rendered HTML didn't match the client properties. This won't be patched up. This can happen if a SSR-ed Client Component used:

- A server/client branch `if (typeof window !== 'undefined')`.
- Variable input such as `Date.now()` or `Math.random()` which changes each time it's called.
- Date formatting in a user's locale which doesn't match the server.
- External changing data without sending a snapshot of it along with the HTML.
- Invalid HTML tag nesting.

It can also happen if the client has a browser extension installed which messes with the HTML before React loaded.

%s%s https://react.dev/link/hydration-mismatch 

  ...
    <MarketingLayout>
      <div className="flex min-h...">
        ...
          <div className="mx-auto fl...">
            <div className="flex items...">
              <Sheet open={false} onOpenChange={function bound dispatchSetState}>
                <Dialog data-slot="sheet" open={false} onOpenChange={function bound dispatchSetState}>
                  <DialogProvider scope={undefined} triggerRef={{current:null}} contentRef={{current:null}} ...>
                    <SheetTrigger asChild={true} className="md:hidden">
                      <DialogTrigger data-slot="sheet-trigger" asChild={true} className="md:hidden">
                        <Primitive.button type="button" aria-haspopup="dialog" aria-expanded={false} ...>
                          <Slot type="button" aria-haspopup="dialog" aria-expanded={false} aria-controls="radix-_R_m..." ...>
                            <SlotClone type="button" aria-haspopup="dialog" aria-expanded={false} ...>
                              <Button variant="ghost" size="icon" aria-label="Open menu" type="button" ...>
                                <button
                                  data-slot="sheet-trigger"
                                  className={"inline-flex items-center justify-center gap-2 whitespace-nowrap rounded..."}
                                  aria-label="Open menu"
                                  type="button"
                                  aria-haspopup="dialog"
                                  aria-expanded={false}
+                                 aria-controls="radix-_R_mitmlb_"
-                                 aria-controls="radix-_R_2mitmlb_"
                                  data-state="closed"
                                  onClick={function handleEvent}
                                  ref={function}
                                >
                    ...
              ...
            ...
              <DropdownMenuTrigger data-slot="dropdown-m..." asChild={true}>
                <MenuAnchor asChild={true} __scopeMenu={{Menu:[...], ...}}>
                  <PopperAnchor __scopePopper={{Menu:[...], ...}} asChild={true} ref={null}>
                    <Primitive.div asChild={true} ref={function}>
                      <Slot ref={function}>
                        <SlotClone ref={function}>
                          <Primitive.button type="button" id="radix-_R_q..." aria-haspopup="menu" aria-expanded={false} ...>
                            <Slot type="button" id="radix-_R_q..." aria-haspopup="menu" aria-expanded={false} ...>
                              <SlotClone type="button" id="radix-_R_q..." aria-haspopup="menu" aria-expanded={false} ...>
                                <Button variant="ghost" size="icon" className="h-9 w-9" aria-label="Change lan..." ...>
                                  <button
                                    data-slot="dropdown-menu-trigger"
                                    className={"inline-flex items-center justify-center gap-2 whitespace-nowrap round..."}
                                    aria-label="Change language"
                                    type="button"
+                                   id="radix-_R_qitmlb_"
-                                   id="radix-_R_36itmlb_"
                                    aria-haspopup="menu"
                                    aria-expanded={false}
                                    aria-controls={undefined}
                                    data-state="closed"
                                    data-disabled={undefined}
                                    disabled={false}
                                    onPointerDown={function handleEvent}
                                    onKeyDown={function handleEvent}
                                    ref={function}
                                  >
        ...
 @ http://localhost:3000/_next/static/chunks/d6e4c_next_dist_f826b2eb._.js:3117
[    1529ms] [LOG] [Fast Refresh] rebuilding @ http://localhost:3000/_next/static/chunks/d6e4c_next_dist_f826b2eb._.js:2287
[    1564ms] [LOG] %c[Vercel Web Analytics]%c Debug mode is enabled by default in development. No requests will be sent to the server. color: rgb(120, 120, 120) color: inherit @ http://localhost:3000/_next/static/chunks/d6e4c_next_dist_f826b2eb._.js:2287
[    1564ms] [LOG] %c[Vercel Web Analytics]%c Running queued event color: rgb(120, 120, 120) color: inherit pageview {route: /memes, path: /memes} @ http://localhost:3000/_next/static/chunks/d6e4c_next_dist_f826b2eb._.js:2287
[    1565ms] [LOG] %c[Vercel Web Analytics]%c [view] http://localhost:3000/memes color: rgb(120, 120, 120) color: inherit {o: http://localhost:3000/memes, sv: 0.1.3, sdkn: @vercel/analytics/next, sdkv: 1.3.1, ts: 1778097283259} /_vercel/insights/view @ http://localhost:3000/_next/static/chunks/d6e4c_next_dist_f826b2eb._.js:2287
[    1609ms] [LOG] [Fast Refresh] done in 188ms @ http://localhost:3000/_next/static/chunks/d6e4c_next_dist_f826b2eb._.js:2287
[    2648ms] [ERROR] ErrorUtils caught an error:

Could not find element "u_1_u_oD" [Caught in: Module "__elem_a588f507_1_0_9Z"]

Subsequent non-fatal errors won't be logged; see https://fburl.com/debugjs. {column: 180, clientTime: 1778097284, extra: Object, guardList: Array(4), hash: uvs1nz} @ https://static.xx.fbcdn.net/rsrc.php/v4/yb/r/rnHa3YCp_r6.js:77
[    2649ms] [ERROR] ErrorUtils caught an error:

DataStore.get: namespace is required, got undefined

Subsequent non-fatal errors won't be logged; see https://fburl.com/debugjs. {column: 712, clientTime: 1778097284, extra: Object, guardList: Array(4), hash: vrgny0} @ https://static.xx.fbcdn.net/rsrc.php/v4/yb/r/rnHa3YCp_r6.js:77
[    2651ms] [ERROR] ErrorUtils caught an error:

Could not find element "u_1_0_/n" [Caught in: Module "__elem_9fc087ed_1_0_H9"]

Subsequent non-fatal errors won't be logged; see https://fburl.com/debugjs. {column: 180, clientTime: 1778097284, extra: Object, guardList: Array(4), hash: uvs1nz} @ https://static.xx.fbcdn.net/rsrc.php/v4/yb/r/rnHa3YCp_r6.js:77
[    2652ms] [ERROR] ErrorUtils caught an error:

Could not find element "u_1_0_/n" [Caught in: Module "__elem_9fc087ed_1_0_H9"] [Caught in: Requiring module "__elem_9fc087ed_1_0_H9" which threw an exception]

Subsequent non-fatal errors won't be logged; see https://fburl.com/debugjs. {column: 180, clientTime: 1778097284, extra: Object, guardList: Array(4), hash: uvs1nz} @ https://static.xx.fbcdn.net/rsrc.php/v4/yb/r/rnHa3YCp_r6.js:77
[    2652ms] [ERROR] ErrorUtils caught an error:

Could not find element "u_1_4_GZ" [Caught in: Module "__elem_9fc087ed_1_1_EY"]

Subsequent non-fatal errors won't be logged; see https://fburl.com/debugjs. {column: 180, clientTime: 1778097284, extra: Object, guardList: Array(4), hash: uvs1nz} @ https://static.xx.fbcdn.net/rsrc.php/v4/yb/r/rnHa3YCp_r6.js:77
[    2653ms] [ERROR] ErrorUtils caught an error:

Could not find element "u_1_4_GZ" [Caught in: Module "__elem_9fc087ed_1_1_EY"] [Caught in: Requiring module "__elem_9fc087ed_1_1_EY" which threw an exception]

Subsequent non-fatal errors won't be logged; see https://fburl.com/debugjs. {column: 180, clientTime: 1778097284, extra: Object, guardList: Array(4), hash: uvs1nz} @ https://static.xx.fbcdn.net/rsrc.php/v4/yb/r/rnHa3YCp_r6.js:77
[    2653ms] [ERROR] ErrorUtils caught an error:

Could not find element "u_1_1_uQ" [Caught in: Module "__elem_9fc087ed_1_2_8R"]

Subsequent non-fatal errors won't be logged; see https://fburl.com/debugjs. {column: 180, clientTime: 1778097284, extra: Object, guardList: Array(4), hash: uvs1nz} @ https://static.xx.fbcdn.net/rsrc.php/v4/yb/r/rnHa3YCp_r6.js:77
[    2653ms] [ERROR] ErrorUtils caught an error:

Could not find element "u_1_1_uQ" [Caught in: Module "__elem_9fc087ed_1_2_8R"] [Caught in: Requiring module "__elem_9fc087ed_1_2_8R" which threw an exception]

Subsequent non-fatal errors won't be logged; see https://fburl.com/debugjs. {column: 180, clientTime: 1778097284, extra: Object, guardList: Array(4), hash: uvs1nz} @ https://static.xx.fbcdn.net/rsrc.php/v4/yb/r/rnHa3YCp_r6.js:77
[    2654ms] [ERROR] ErrorUtils caught an error:

Could not find element "u_1_3_IM" [Caught in: Module "__elem_9fc087ed_1_3_T+"]

Subsequent non-fatal errors won't be logged; see https://fburl.com/debugjs. {column: 180, clientTime: 1778097284, extra: Object, guardList: Array(4), hash: uvs1nz} @ https://static.xx.fbcdn.net/rsrc.php/v4/yb/r/rnHa3YCp_r6.js:77
[    2654ms] [ERROR] ErrorUtils caught an error:

Could not find element "u_1_3_IM" [Caught in: Module "__elem_9fc087ed_1_3_T+"] [Caught in: Requiring module "__elem_9fc087ed_1_3_T+" which threw an exception]

Subsequent non-fatal errors won't be logged; see https://fburl.com/debugjs. {column: 180, clientTime: 1778097284, extra: Object, guardList: Array(4), hash: uvs1nz} @ https://static.xx.fbcdn.net/rsrc.php/v4/yb/r/rnHa3YCp_r6.js:77
[    2655ms] [ERROR] ErrorUtils caught an error:

Could not find element "u_1_2_WV" [Caught in: Module "__elem_9fc087ed_1_4_Rc"]

Subsequent non-fatal errors won't be logged; see https://fburl.com/debugjs. {column: 180, clientTime: 1778097284, extra: Object, guardList: Array(4), hash: uvs1nz} @ https://static.xx.fbcdn.net/rsrc.php/v4/yb/r/rnHa3YCp_r6.js:77
[    2655ms] [ERROR] ErrorUtils caught an error:

Could not find element "u_1_2_WV" [Caught in: Module "__elem_9fc087ed_1_4_Rc"] [Caught in: Requiring module "__elem_9fc087ed_1_4_Rc" which threw an exception]

Subsequent non-fatal errors won't be logged; see https://fburl.com/debugjs. {column: 180, clientTime: 1778097284, extra: Object, guardList: Array(4), hash: uvs1nz} @ https://static.xx.fbcdn.net/rsrc.php/v4/yb/r/rnHa3YCp_r6.js:77
[    2656ms] [ERROR] ErrorUtils caught an error:

Could not find element "u_1_d_J8" [Caught in: Module "__elem_fc9f538f_1_0_N1"]

Subsequent non-fatal errors won't be logged; see https://fburl.com/debugjs. {column: 180, clientTime: 1778097284, extra: Object, guardList: Array(4), hash: 5afhib} @ https://static.xx.fbcdn.net/rsrc.php/v4/yb/r/rnHa3YCp_r6.js:77
[    2657ms] [ERROR] ErrorUtils caught an error:

Could not find element "u_1_7_Ey" [Caught in: Module "__elem_a588f507_1_2_E1"]

Subsequent non-fatal errors won't be logged; see https://fburl.com/debugjs. {column: 180, clientTime: 1778097284, extra: Object, guardList: Array(4), hash: uvs1nz} @ https://static.xx.fbcdn.net/rsrc.php/v4/yb/r/rnHa3YCp_r6.js:77
[    2657ms] [ERROR] ErrorUtils caught an error:

Could not find element "u_1_8_o1" [Caught in: Module "__elem_de92090e_1_0_ox"]

Subsequent non-fatal errors won't be logged; see https://fburl.com/debugjs. {column: 180, clientTime: 1778097284, extra: Object, guardList: Array(4), hash: uvs1nz} @ https://static.xx.fbcdn.net/rsrc.php/v4/yb/r/rnHa3YCp_r6.js:77
[    2658ms] [ERROR] ErrorUtils caught an error:

Could not find element "u_1_9_o/" [Caught in: Module "__elem_072b8e64_1_0_of"]

Subsequent non-fatal errors won't be logged; see https://fburl.com/debugjs. {column: 180, clientTime: 1778097284, extra: Object, guardList: Array(4), hash: uvs1nz} @ https://static.xx.fbcdn.net/rsrc.php/v4/yb/r/rnHa3YCp_r6.js:77
[    2658ms] [ERROR] ErrorUtils caught an error:

Could not find element "u_1_h_Qj" [Caught in: Module "__elem_fc9f538f_1_1_Ht"]

Subsequent non-fatal errors won't be logged; see https://fburl.com/debugjs. {column: 180, clientTime: 1778097284, extra: Object, guardList: Array(4), hash: 5afhib} @ https://static.xx.fbcdn.net/rsrc.php/v4/yb/r/rnHa3YCp_r6.js:77
[    2659ms] [ERROR] ErrorUtils caught an error:

Could not find element "u_1_a_FY" [Caught in: Module "__elem_a588f507_1_3_Cu"]

Subsequent non-fatal errors won't be logged; see https://fburl.com/debugjs. {column: 180, clientTime: 1778097284, extra: Object, guardList: Array(4), hash: uvs1nz} @ https://static.xx.fbcdn.net/rsrc.php/v4/yb/r/rnHa3YCp_r6.js:77
[    2659ms] [ERROR] ErrorUtils caught an error:

Could not find element "u_1_b_e/" [Caught in: Module "__elem_de92090e_1_1_Y7"]

Subsequent non-fatal errors won't be logged; see https://fburl.com/debugjs. {column: 180, clientTime: 1778097284, extra: Object, guardList: Array(4), hash: uvs1nz} @ https://static.xx.fbcdn.net/rsrc.php/v4/yb/r/rnHa3YCp_r6.js:77
[    2659ms] [ERROR] ErrorUtils caught an error:

Could not find element "u_1_c_LG" [Caught in: Module "__elem_072b8e64_1_1_5E"]

Subsequent non-fatal errors won't be logged; see https://fburl.com/debugjs. {column: 180, clientTime: 1778097284, extra: Object, guardList: Array(4), hash: uvs1nz} @ https://static.xx.fbcdn.net/rsrc.php/v4/yb/r/rnHa3YCp_r6.js:77
[    2660ms] [ERROR] ErrorUtils caught an error:

Could not find element "u_1_l_dM" [Caught in: Module "__elem_fc9f538f_1_2_7g"]

Subsequent non-fatal errors won't be logged; see https://fburl.com/debugjs. {column: 180, clientTime: 1778097284, extra: Object, guardList: Array(4), hash: 5afhib} @ https://static.xx.fbcdn.net/rsrc.php/v4/yb/r/rnHa3YCp_r6.js:77
[    2660ms] [ERROR] ErrorUtils caught an error:

Could not find element "u_1_p_8a" [Caught in: Module "__elem_fc9f538f_1_3_Oe"]

Subsequent non-fatal errors won't be logged; see https://fburl.com/debugjs. {column: 180, clientTime: 1778097284, extra: Object, guardList: Array(4), hash: 5afhib} @ https://static.xx.fbcdn.net/rsrc.php/v4/yb/r/rnHa3YCp_r6.js:77
[    2660ms] [ERROR] ErrorUtils caught an error:

Could not find element "u_1_t_tc" [Caught in: Module "__elem_fc9f538f_1_4_WC"]

Subsequent non-fatal errors won't be logged; see https://fburl.com/debugjs. {column: 180, clientTime: 1778097284, extra: Object, guardList: Array(4), hash: 5afhib} @ https://static.xx.fbcdn.net/rsrc.php/v4/yb/r/rnHa3YCp_r6.js:77
[    2661ms] [ERROR] ErrorUtils caught an error:

Could not find element "u_1_i_ke" [Caught in: Module "__elem_a588f507_1_4_ZP"]

Subsequent non-fatal errors won't be logged; see https://fburl.com/debugjs. {column: 180, clientTime: 1778097284, extra: Object, guardList: Array(4), hash: uvs1nz} @ https://static.xx.fbcdn.net/rsrc.php/v4/yb/r/rnHa3YCp_r6.js:77
[    2661ms] [ERROR] ErrorUtils caught an error:

Could not find element "u_1_j_bE" [Caught in: Module "__elem_de92090e_1_2_rx"]

Subsequent non-fatal errors won't be logged; see https://fburl.com/debugjs. {column: 180, clientTime: 1778097284, extra: Object, guardList: Array(4), hash: uvs1nz} @ https://static.xx.fbcdn.net/rsrc.php/v4/yb/r/rnHa3YCp_r6.js:77
[    2661ms] [ERROR] ErrorUtils caught an error:

Could not find element "u_1_k_h/" [Caught in: Module "__elem_072b8e64_1_2_MG"]

Subsequent non-fatal errors won't be logged; see https://fburl.com/debugjs. {column: 180, clientTime: 1778097284, extra: Object, guardList: Array(4), hash: uvs1nz} @ https://static.xx.fbcdn.net/rsrc.php/v4/yb/r/rnHa3YCp_r6.js:77
[    2662ms] [ERROR] ErrorUtils caught an error:

Could not find element "u_1_m_Oc" [Caught in: Module "__elem_a588f507_1_5_e6"]

Subsequent non-fatal errors won't be logged; see https://fburl.com/debugjs. {column: 180, clientTime: 1778097284, extra: Object, guardList: Array(4), hash: uvs1nz} @ https://static.xx.fbcdn.net/rsrc.php/v4/yb/r/rnHa3YCp_r6.js:77
[    2663ms] [ERROR] ErrorUtils caught an error:

Could not find element "u_1_n_ZJ" [Caught in: Module "__elem_de92090e_1_3_W/"]

Subsequent non-fatal errors won't be logged; see https://fburl.com/debugjs. {column: 180, clientTime: 1778097284, extra: Object, guardList: Array(4), hash: uvs1nz} @ https://static.xx.fbcdn.net/rsrc.php/v4/yb/r/rnHa3YCp_r6.js:77
[    2663ms] [ERROR] ErrorUtils caught an error:

Could not find element "u_1_o_qI" [Caught in: Module "__elem_072b8e64_1_3_tZ"]

Subsequent non-fatal errors won't be logged; see https://fburl.com/debugjs. {column: 180, clientTime: 1778097284, extra: Object, guardList: Array(4), hash: uvs1nz} @ https://static.xx.fbcdn.net/rsrc.php/v4/yb/r/rnHa3YCp_r6.js:77
[    2663ms] [ERROR] ErrorUtils caught an error:

Could not find element "u_1_q_AQ" [Caught in: Module "__elem_a588f507_1_6_/Q"]

Subsequent non-fatal errors won't be logged; see https://fburl.com/debugjs. {column: 180, clientTime: 1778097284, extra: Object, guardList: Array(4), hash: uvs1nz} @ https://static.xx.fbcdn.net/rsrc.php/v4/yb/r/rnHa3YCp_r6.js:77
[    2664ms] [ERROR] ErrorUtils caught an error:

Could not find element "u_1_r_1I" [Caught in: Module "__elem_de92090e_1_4_34"]

Subsequent non-fatal errors won't be logged; see https://fburl.com/debugjs. {column: 180, clientTime: 1778097284, extra: Object, guardList: Array(4), hash: uvs1nz} @ https://static.xx.fbcdn.net/rsrc.php/v4/yb/r/rnHa3YCp_r6.js:77
[    2664ms] [ERROR] ErrorUtils caught an error:

Could not find element "u_1_s_wt" [Caught in: Module "__elem_072b8e64_1_4_rP"]

Subsequent non-fatal errors won't be logged; see https://fburl.com/debugjs. {column: 180, clientTime: 1778097284, extra: Object, guardList: Array(4), hash: uvs1nz} @ https://static.xx.fbcdn.net/rsrc.php/v4/yb/r/rnHa3YCp_r6.js:77
