[     680ms] [INFO] %cDownload the React DevTools for a better development experience: https://react.dev/link/react-devtools font-weight:bold @ http://localhost:3000/_next/static/chunks/d6e4c_next_dist_f826b2eb._.js:2287
[     728ms] [LOG] [HMR] connected @ http://localhost:3000/_next/static/chunks/d6e4c_next_dist_f826b2eb._.js:2287
[     881ms] [LOG] %c[Vercel Web Analytics]%c Debug mode is enabled by default in development. No requests will be sent to the server. color: rgb(120, 120, 120) color: inherit @ http://localhost:3000/_next/static/chunks/d6e4c_next_dist_f826b2eb._.js:2287
[     881ms] [LOG] %c[Vercel Web Analytics]%c Running queued event color: rgb(120, 120, 120) color: inherit pageview {route: /, path: /} @ http://localhost:3000/_next/static/chunks/d6e4c_next_dist_f826b2eb._.js:2287
[     881ms] [LOG] %c[Vercel Web Analytics]%c [view] http://localhost:3000/ color: rgb(120, 120, 120) color: inherit {o: http://localhost:3000/, sv: 0.1.3, sdkn: @vercel/analytics/next, sdkv: 1.3.1, ts: 1778097413721} /_vercel/insights/view @ http://localhost:3000/_next/static/chunks/d6e4c_next_dist_f826b2eb._.js:2287
[    1991ms] [ERROR] ErrorUtils caught an error:

Could not find element "u_1_u_Zi" [Caught in: Module "__elem_a588f507_1_0_n3"]

Subsequent non-fatal errors won't be logged; see https://fburl.com/debugjs. {column: 180, clientTime: 1778097414, extra: Object, guardList: Array(4), hash: uvs1nz} @ https://static.xx.fbcdn.net/rsrc.php/v4/yb/r/rnHa3YCp_r6.js:77
[    1992ms] [ERROR] ErrorUtils caught an error:

DataStore.get: namespace is required, got undefined

Subsequent non-fatal errors won't be logged; see https://fburl.com/debugjs. {column: 712, clientTime: 1778097414, extra: Object, guardList: Array(4), hash: vrgny0} @ https://static.xx.fbcdn.net/rsrc.php/v4/yb/r/rnHa3YCp_r6.js:77
[    1992ms] [ERROR] ErrorUtils caught an error:

Could not find element "u_1_3_s9" [Caught in: Module "__elem_9fc087ed_1_0_hM"]

Subsequent non-fatal errors won't be logged; see https://fburl.com/debugjs. {column: 180, clientTime: 1778097414, extra: Object, guardList: Array(4), hash: uvs1nz} @ https://static.xx.fbcdn.net/rsrc.php/v4/yb/r/rnHa3YCp_r6.js:77
[    1993ms] [ERROR] ErrorUtils caught an error:

Could not find element "u_1_3_s9" [Caught in: Module "__elem_9fc087ed_1_0_hM"] [Caught in: Requiring module "__elem_9fc087ed_1_0_hM" which threw an exception]

Subsequent non-fatal errors won't be logged; see https://fburl.com/debugjs. {column: 180, clientTime: 1778097414, extra: Object, guardList: Array(4), hash: uvs1nz} @ https://static.xx.fbcdn.net/rsrc.php/v4/yb/r/rnHa3YCp_r6.js:77
[    1994ms] [ERROR] ErrorUtils caught an error:

Could not find element "u_1_2_Dv" [Caught in: Module "__elem_9fc087ed_1_1_nH"]

Subsequent non-fatal errors won't be logged; see https://fburl.com/debugjs. {column: 180, clientTime: 1778097414, extra: Object, guardList: Array(4), hash: uvs1nz} @ https://static.xx.fbcdn.net/rsrc.php/v4/yb/r/rnHa3YCp_r6.js:77
[    1995ms] [ERROR] ErrorUtils caught an error:

Could not find element "u_1_2_Dv" [Caught in: Module "__elem_9fc087ed_1_1_nH"] [Caught in: Requiring module "__elem_9fc087ed_1_1_nH" which threw an exception]

Subsequent non-fatal errors won't be logged; see https://fburl.com/debugjs. {column: 180, clientTime: 1778097414, extra: Object, guardList: Array(4), hash: uvs1nz} @ https://static.xx.fbcdn.net/rsrc.php/v4/yb/r/rnHa3YCp_r6.js:77
[    1995ms] [ERROR] ErrorUtils caught an error:

Could not find element "u_1_4_37" [Caught in: Module "__elem_9fc087ed_1_2_cQ"]

Subsequent non-fatal errors won't be logged; see https://fburl.com/debugjs. {column: 180, clientTime: 1778097414, extra: Object, guardList: Array(4), hash: uvs1nz} @ https://static.xx.fbcdn.net/rsrc.php/v4/yb/r/rnHa3YCp_r6.js:77
[    1996ms] [ERROR] ErrorUtils caught an error:

Could not find element "u_1_4_37" [Caught in: Module "__elem_9fc087ed_1_2_cQ"] [Caught in: Requiring module "__elem_9fc087ed_1_2_cQ" which threw an exception]

Subsequent non-fatal errors won't be logged; see https://fburl.com/debugjs. {column: 180, clientTime: 1778097414, extra: Object, guardList: Array(4), hash: uvs1nz} @ https://static.xx.fbcdn.net/rsrc.php/v4/yb/r/rnHa3YCp_r6.js:77
[    1997ms] [ERROR] ErrorUtils caught an error:

Could not find element "u_1_1_IR" [Caught in: Module "__elem_9fc087ed_1_3_KG"]

Subsequent non-fatal errors won't be logged; see https://fburl.com/debugjs. {column: 180, clientTime: 1778097414, extra: Object, guardList: Array(4), hash: uvs1nz} @ https://static.xx.fbcdn.net/rsrc.php/v4/yb/r/rnHa3YCp_r6.js:77
[    1997ms] [ERROR] ErrorUtils caught an error:

Could not find element "u_1_1_IR" [Caught in: Module "__elem_9fc087ed_1_3_KG"] [Caught in: Requiring module "__elem_9fc087ed_1_3_KG" which threw an exception]

Subsequent non-fatal errors won't be logged; see https://fburl.com/debugjs. {column: 180, clientTime: 1778097414, extra: Object, guardList: Array(4), hash: uvs1nz} @ https://static.xx.fbcdn.net/rsrc.php/v4/yb/r/rnHa3YCp_r6.js:77
[    1998ms] [ERROR] ErrorUtils caught an error:

Could not find element "u_1_0_ar" [Caught in: Module "__elem_9fc087ed_1_4_Cj"]

Subsequent non-fatal errors won't be logged; see https://fburl.com/debugjs. {column: 180, clientTime: 1778097414, extra: Object, guardList: Array(4), hash: uvs1nz} @ https://static.xx.fbcdn.net/rsrc.php/v4/yb/r/rnHa3YCp_r6.js:77
[    1998ms] [ERROR] ErrorUtils caught an error:

Could not find element "u_1_0_ar" [Caught in: Module "__elem_9fc087ed_1_4_Cj"] [Caught in: Requiring module "__elem_9fc087ed_1_4_Cj" which threw an exception]

Subsequent non-fatal errors won't be logged; see https://fburl.com/debugjs. {column: 180, clientTime: 1778097414, extra: Object, guardList: Array(4), hash: uvs1nz} @ https://static.xx.fbcdn.net/rsrc.php/v4/yb/r/rnHa3YCp_r6.js:77
[    1999ms] [ERROR] ErrorUtils caught an error:

Could not find element "u_1_h_N7" [Caught in: Module "__elem_fc9f538f_1_0_l/"]

Subsequent non-fatal errors won't be logged; see https://fburl.com/debugjs. {column: 180, clientTime: 1778097414, extra: Object, guardList: Array(4), hash: 5afhib} @ https://static.xx.fbcdn.net/rsrc.php/v4/yb/r/rnHa3YCp_r6.js:77
[    1999ms] [ERROR] ErrorUtils caught an error:

Could not find element "u_1_g_ti" [Caught in: Module "__elem_fc9f538f_1_1_Qd"]

Subsequent non-fatal errors won't be logged; see https://fburl.com/debugjs. {column: 180, clientTime: 1778097414, extra: Object, guardList: Array(4), hash: 5afhib} @ https://static.xx.fbcdn.net/rsrc.php/v4/yb/r/rnHa3YCp_r6.js:77
[    1999ms] [ERROR] ErrorUtils caught an error:

Could not find element "u_1_7_k3" [Caught in: Module "__elem_a588f507_1_2_6M"]

Subsequent non-fatal errors won't be logged; see https://fburl.com/debugjs. {column: 180, clientTime: 1778097414, extra: Object, guardList: Array(4), hash: uvs1nz} @ https://static.xx.fbcdn.net/rsrc.php/v4/yb/r/rnHa3YCp_r6.js:77
[    2000ms] [ERROR] ErrorUtils caught an error:

Could not find element "u_1_8_af" [Caught in: Module "__elem_de92090e_1_0_D1"]

Subsequent non-fatal errors won't be logged; see https://fburl.com/debugjs. {column: 180, clientTime: 1778097414, extra: Object, guardList: Array(4), hash: uvs1nz} @ https://static.xx.fbcdn.net/rsrc.php/v4/yb/r/rnHa3YCp_r6.js:77
[    2000ms] [ERROR] ErrorUtils caught an error:

Could not find element "u_1_9_W1" [Caught in: Module "__elem_072b8e64_1_0_Vn"]

Subsequent non-fatal errors won't be logged; see https://fburl.com/debugjs. {column: 180, clientTime: 1778097414, extra: Object, guardList: Array(4), hash: uvs1nz} @ https://static.xx.fbcdn.net/rsrc.php/v4/yb/r/rnHa3YCp_r6.js:77
[    2001ms] [ERROR] ErrorUtils caught an error:

Could not find element "u_1_a_n4" [Caught in: Module "__elem_a588f507_1_3_x5"]

Subsequent non-fatal errors won't be logged; see https://fburl.com/debugjs. {column: 180, clientTime: 1778097414, extra: Object, guardList: Array(4), hash: uvs1nz} @ https://static.xx.fbcdn.net/rsrc.php/v4/yb/r/rnHa3YCp_r6.js:77
[    2001ms] [ERROR] ErrorUtils caught an error:

Could not find element "u_1_b_eM" [Caught in: Module "__elem_de92090e_1_1_Zp"]

Subsequent non-fatal errors won't be logged; see https://fburl.com/debugjs. {column: 180, clientTime: 1778097414, extra: Object, guardList: Array(4), hash: uvs1nz} @ https://static.xx.fbcdn.net/rsrc.php/v4/yb/r/rnHa3YCp_r6.js:77
[    2001ms] [ERROR] ErrorUtils caught an error:

Could not find element "u_1_c_Bv" [Caught in: Module "__elem_072b8e64_1_1_ra"]

Subsequent non-fatal errors won't be logged; see https://fburl.com/debugjs. {column: 180, clientTime: 1778097414, extra: Object, guardList: Array(4), hash: uvs1nz} @ https://static.xx.fbcdn.net/rsrc.php/v4/yb/r/rnHa3YCp_r6.js:77
[    2001ms] [ERROR] ErrorUtils caught an error:

Could not find element "u_1_s_hG" [Caught in: Module "__elem_fc9f538f_1_2_np"]

Subsequent non-fatal errors won't be logged; see https://fburl.com/debugjs. {column: 180, clientTime: 1778097414, extra: Object, guardList: Array(4), hash: 5afhib} @ https://static.xx.fbcdn.net/rsrc.php/v4/yb/r/rnHa3YCp_r6.js:77
[    2002ms] [ERROR] ErrorUtils caught an error:

Could not find element "u_1_r_NP" [Caught in: Module "__elem_fc9f538f_1_3_JO"]

Subsequent non-fatal errors won't be logged; see https://fburl.com/debugjs. {column: 180, clientTime: 1778097414, extra: Object, guardList: Array(4), hash: 5afhib} @ https://static.xx.fbcdn.net/rsrc.php/v4/yb/r/rnHa3YCp_r6.js:77
[    2002ms] [ERROR] ErrorUtils caught an error:

Could not find element "u_1_t_3z" [Caught in: Module "__elem_fc9f538f_1_4_J7"]

Subsequent non-fatal errors won't be logged; see https://fburl.com/debugjs. {column: 180, clientTime: 1778097414, extra: Object, guardList: Array(4), hash: 5afhib} @ https://static.xx.fbcdn.net/rsrc.php/v4/yb/r/rnHa3YCp_r6.js:77
[    2002ms] [ERROR] ErrorUtils caught an error:

Could not find element "u_1_i_dW" [Caught in: Module "__elem_a588f507_1_4_Pz"]

Subsequent non-fatal errors won't be logged; see https://fburl.com/debugjs. {column: 180, clientTime: 1778097414, extra: Object, guardList: Array(4), hash: uvs1nz} @ https://static.xx.fbcdn.net/rsrc.php/v4/yb/r/rnHa3YCp_r6.js:77
[    2002ms] [ERROR] ErrorUtils caught an error:

Could not find element "u_1_j_jh" [Caught in: Module "__elem_de92090e_1_2_3z"]

Subsequent non-fatal errors won't be logged; see https://fburl.com/debugjs. {column: 180, clientTime: 1778097414, extra: Object, guardList: Array(4), hash: uvs1nz} @ https://static.xx.fbcdn.net/rsrc.php/v4/yb/r/rnHa3YCp_r6.js:77
[    2003ms] [ERROR] ErrorUtils caught an error:

Could not find element "u_1_k_jT" [Caught in: Module "__elem_072b8e64_1_2_Uc"]

Subsequent non-fatal errors won't be logged; see https://fburl.com/debugjs. {column: 180, clientTime: 1778097414, extra: Object, guardList: Array(4), hash: uvs1nz} @ https://static.xx.fbcdn.net/rsrc.php/v4/yb/r/rnHa3YCp_r6.js:77
[    2003ms] [ERROR] ErrorUtils caught an error:

Could not find element "u_1_l_eH" [Caught in: Module "__elem_a588f507_1_5_ep"]

Subsequent non-fatal errors won't be logged; see https://fburl.com/debugjs. {column: 180, clientTime: 1778097414, extra: Object, guardList: Array(4), hash: uvs1nz} @ https://static.xx.fbcdn.net/rsrc.php/v4/yb/r/rnHa3YCp_r6.js:77
[    2003ms] [ERROR] ErrorUtils caught an error:

Could not find element "u_1_m_em" [Caught in: Module "__elem_de92090e_1_3_wQ"]

Subsequent non-fatal errors won't be logged; see https://fburl.com/debugjs. {column: 180, clientTime: 1778097414, extra: Object, guardList: Array(4), hash: uvs1nz} @ https://static.xx.fbcdn.net/rsrc.php/v4/yb/r/rnHa3YCp_r6.js:77
[    2003ms] [ERROR] ErrorUtils caught an error:

Could not find element "u_1_n_WB" [Caught in: Module "__elem_072b8e64_1_3_IU"]

Subsequent non-fatal errors won't be logged; see https://fburl.com/debugjs. {column: 180, clientTime: 1778097414, extra: Object, guardList: Array(4), hash: uvs1nz} @ https://static.xx.fbcdn.net/rsrc.php/v4/yb/r/rnHa3YCp_r6.js:77
[    2004ms] [ERROR] ErrorUtils caught an error:

Could not find element "u_1_o_Mf" [Caught in: Module "__elem_a588f507_1_6_U3"]

Subsequent non-fatal errors won't be logged; see https://fburl.com/debugjs. {column: 180, clientTime: 1778097414, extra: Object, guardList: Array(4), hash: uvs1nz} @ https://static.xx.fbcdn.net/rsrc.php/v4/yb/r/rnHa3YCp_r6.js:77
[    2004ms] [ERROR] ErrorUtils caught an error:

Could not find element "u_1_p_Rg" [Caught in: Module "__elem_de92090e_1_4_lj"]

Subsequent non-fatal errors won't be logged; see https://fburl.com/debugjs. {column: 180, clientTime: 1778097414, extra: Object, guardList: Array(4), hash: uvs1nz} @ https://static.xx.fbcdn.net/rsrc.php/v4/yb/r/rnHa3YCp_r6.js:77
[    2005ms] [ERROR] ErrorUtils caught an error:

Could not find element "u_1_q_5Z" [Caught in: Module "__elem_072b8e64_1_4_t1"]

Subsequent non-fatal errors won't be logged; see https://fburl.com/debugjs. {column: 180, clientTime: 1778097414, extra: Object, guardList: Array(4), hash: uvs1nz} @ https://static.xx.fbcdn.net/rsrc.php/v4/yb/r/rnHa3YCp_r6.js:77
[    3977ms] [LOG] [Fast Refresh] rebuilding @ http://localhost:3000/_next/static/chunks/d6e4c_next_dist_f826b2eb._.js:2287
[    4176ms] [LOG] [Fast Refresh] done in 302ms @ http://localhost:3000/_next/static/chunks/d6e4c_next_dist_f826b2eb._.js:2287
