[     125ms] [LOG] [Fast Refresh] rebuilding @ http://localhost:3000/_next/static/chunks/d6e4c_next_dist_f826b2eb._.js:2287
[     412ms] [LOG] [Fast Refresh] done in 398ms @ http://localhost:3000/_next/static/chunks/d6e4c_next_dist_f826b2eb._.js:2287
[    1353ms] [INFO] %cDownload the React DevTools for a better development experience: https://react.dev/link/react-devtools font-weight:bold @ http://localhost:3000/_next/static/chunks/d6e4c_next_dist_f826b2eb._.js:2287
[    1402ms] [LOG] [HMR] connected @ http://localhost:3000/_next/static/chunks/d6e4c_next_dist_f826b2eb._.js:2287
[    1534ms] [LOG] %c[Vercel Web Analytics]%c Debug mode is enabled by default in development. No requests will be sent to the server. color: rgb(120, 120, 120) color: inherit @ http://localhost:3000/_next/static/chunks/d6e4c_next_dist_f826b2eb._.js:2287
[    1535ms] [LOG] %c[Vercel Web Analytics]%c Running queued event color: rgb(120, 120, 120) color: inherit pageview {route: /, path: /} @ http://localhost:3000/_next/static/chunks/d6e4c_next_dist_f826b2eb._.js:2287
[    1535ms] [LOG] %c[Vercel Web Analytics]%c [view] http://localhost:3000/ color: rgb(120, 120, 120) color: inherit {o: http://localhost:3000/, sv: 0.1.3, sdkn: @vercel/analytics/next, sdkv: 1.3.1, ts: 1778097561892} /_vercel/insights/view @ http://localhost:3000/_next/static/chunks/d6e4c_next_dist_f826b2eb._.js:2287
[    3043ms] [ERROR] ErrorUtils caught an error:

Could not find element "u_1_u_9z" [Caught in: Module "__elem_a588f507_1_0_Da"]

Subsequent non-fatal errors won't be logged; see https://fburl.com/debugjs. {column: 180, clientTime: 1778097563, extra: Object, guardList: Array(4), hash: uvs1nz} @ https://static.xx.fbcdn.net/rsrc.php/v4/yb/r/rnHa3YCp_r6.js:77
[    3043ms] [ERROR] ErrorUtils caught an error:

DataStore.get: namespace is required, got undefined

Subsequent non-fatal errors won't be logged; see https://fburl.com/debugjs. {column: 712, clientTime: 1778097563, extra: Object, guardList: Array(4), hash: vrgny0} @ https://static.xx.fbcdn.net/rsrc.php/v4/yb/r/rnHa3YCp_r6.js:77
[    3046ms] [ERROR] ErrorUtils caught an error:

Could not find element "u_1_1_ts" [Caught in: Module "__elem_9fc087ed_1_0_Ir"]

Subsequent non-fatal errors won't be logged; see https://fburl.com/debugjs. {column: 180, clientTime: 1778097563, extra: Object, guardList: Array(4), hash: uvs1nz} @ https://static.xx.fbcdn.net/rsrc.php/v4/yb/r/rnHa3YCp_r6.js:77
[    3046ms] [ERROR] ErrorUtils caught an error:

Could not find element "u_1_1_ts" [Caught in: Module "__elem_9fc087ed_1_0_Ir"] [Caught in: Requiring module "__elem_9fc087ed_1_0_Ir" which threw an exception]

Subsequent non-fatal errors won't be logged; see https://fburl.com/debugjs. {column: 180, clientTime: 1778097563, extra: Object, guardList: Array(4), hash: uvs1nz} @ https://static.xx.fbcdn.net/rsrc.php/v4/yb/r/rnHa3YCp_r6.js:77
[    3047ms] [ERROR] ErrorUtils caught an error:

Could not find element "u_1_0_6s" [Caught in: Module "__elem_9fc087ed_1_1_z1"]

Subsequent non-fatal errors won't be logged; see https://fburl.com/debugjs. {column: 180, clientTime: 1778097563, extra: Object, guardList: Array(4), hash: uvs1nz} @ https://static.xx.fbcdn.net/rsrc.php/v4/yb/r/rnHa3YCp_r6.js:77
[    3047ms] [ERROR] ErrorUtils caught an error:

Could not find element "u_1_0_6s" [Caught in: Module "__elem_9fc087ed_1_1_z1"] [Caught in: Requiring module "__elem_9fc087ed_1_1_z1" which threw an exception]

Subsequent non-fatal errors won't be logged; see https://fburl.com/debugjs. {column: 180, clientTime: 1778097563, extra: Object, guardList: Array(4), hash: uvs1nz} @ https://static.xx.fbcdn.net/rsrc.php/v4/yb/r/rnHa3YCp_r6.js:77
[    3048ms] [ERROR] ErrorUtils caught an error:

Could not find element "u_1_d_u3" [Caught in: Module "__elem_fc9f538f_1_0_DR"]

Subsequent non-fatal errors won't be logged; see https://fburl.com/debugjs. {column: 180, clientTime: 1778097563, extra: Object, guardList: Array(4), hash: 5afhib} @ https://static.xx.fbcdn.net/rsrc.php/v4/yb/r/rnHa3YCp_r6.js:77
[    3049ms] [ERROR] ErrorUtils caught an error:

Could not find element "u_1_7_k0" [Caught in: Module "__elem_a588f507_1_2_Ew"]

Subsequent non-fatal errors won't be logged; see https://fburl.com/debugjs. {column: 180, clientTime: 1778097563, extra: Object, guardList: Array(4), hash: uvs1nz} @ https://static.xx.fbcdn.net/rsrc.php/v4/yb/r/rnHa3YCp_r6.js:77
[    3050ms] [ERROR] ErrorUtils caught an error:

Could not find element "u_1_8_6q" [Caught in: Module "__elem_de92090e_1_0_st"]

Subsequent non-fatal errors won't be logged; see https://fburl.com/debugjs. {column: 180, clientTime: 1778097563, extra: Object, guardList: Array(4), hash: uvs1nz} @ https://static.xx.fbcdn.net/rsrc.php/v4/yb/r/rnHa3YCp_r6.js:77
[    3051ms] [ERROR] ErrorUtils caught an error:

Could not find element "u_1_9_/x" [Caught in: Module "__elem_072b8e64_1_0_v9"]

Subsequent non-fatal errors won't be logged; see https://fburl.com/debugjs. {column: 180, clientTime: 1778097563, extra: Object, guardList: Array(4), hash: uvs1nz} @ https://static.xx.fbcdn.net/rsrc.php/v4/yb/r/rnHa3YCp_r6.js:77
[    3052ms] [ERROR] ErrorUtils caught an error:

Could not find element "u_1_e_eM" [Caught in: Module "__elem_fc9f538f_1_1_Lo"]

Subsequent non-fatal errors won't be logged; see https://fburl.com/debugjs. {column: 180, clientTime: 1778097563, extra: Object, guardList: Array(4), hash: 5afhib} @ https://static.xx.fbcdn.net/rsrc.php/v4/yb/r/rnHa3YCp_r6.js:77
[    3052ms] [ERROR] ErrorUtils caught an error:

Could not find element "u_1_a_RV" [Caught in: Module "__elem_a588f507_1_3_7m"]

Subsequent non-fatal errors won't be logged; see https://fburl.com/debugjs. {column: 180, clientTime: 1778097563, extra: Object, guardList: Array(4), hash: uvs1nz} @ https://static.xx.fbcdn.net/rsrc.php/v4/yb/r/rnHa3YCp_r6.js:77
[    3052ms] [ERROR] ErrorUtils caught an error:

Could not find element "u_1_b_kF" [Caught in: Module "__elem_de92090e_1_1_yg"]

Subsequent non-fatal errors won't be logged; see https://fburl.com/debugjs. {column: 180, clientTime: 1778097563, extra: Object, guardList: Array(4), hash: uvs1nz} @ https://static.xx.fbcdn.net/rsrc.php/v4/yb/r/rnHa3YCp_r6.js:77
[    3053ms] [ERROR] ErrorUtils caught an error:

Could not find element "u_1_c_BH" [Caught in: Module "__elem_072b8e64_1_1_g0"]

Subsequent non-fatal errors won't be logged; see https://fburl.com/debugjs. {column: 180, clientTime: 1778097563, extra: Object, guardList: Array(4), hash: uvs1nz} @ https://static.xx.fbcdn.net/rsrc.php/v4/yb/r/rnHa3YCp_r6.js:77
[    3053ms] [ERROR] ErrorUtils caught an error:

Could not find element "u_1_2_qJ" [Caught in: Module "__elem_9fc087ed_1_2_wT"]

Subsequent non-fatal errors won't be logged; see https://fburl.com/debugjs. {column: 180, clientTime: 1778097563, extra: Object, guardList: Array(4), hash: uvs1nz} @ https://static.xx.fbcdn.net/rsrc.php/v4/yb/r/rnHa3YCp_r6.js:77
[    3054ms] [ERROR] ErrorUtils caught an error:

Could not find element "u_1_2_qJ" [Caught in: Module "__elem_9fc087ed_1_2_wT"] [Caught in: Requiring module "__elem_9fc087ed_1_2_wT" which threw an exception]

Subsequent non-fatal errors won't be logged; see https://fburl.com/debugjs. {column: 180, clientTime: 1778097563, extra: Object, guardList: Array(4), hash: uvs1nz} @ https://static.xx.fbcdn.net/rsrc.php/v4/yb/r/rnHa3YCp_r6.js:77
[    3054ms] [ERROR] ErrorUtils caught an error:

Could not find element "u_1_4_fd" [Caught in: Module "__elem_9fc087ed_1_3_8V"]

Subsequent non-fatal errors won't be logged; see https://fburl.com/debugjs. {column: 180, clientTime: 1778097563, extra: Object, guardList: Array(4), hash: uvs1nz} @ https://static.xx.fbcdn.net/rsrc.php/v4/yb/r/rnHa3YCp_r6.js:77
[    3055ms] [ERROR] ErrorUtils caught an error:

Could not find element "u_1_4_fd" [Caught in: Module "__elem_9fc087ed_1_3_8V"] [Caught in: Requiring module "__elem_9fc087ed_1_3_8V" which threw an exception]

Subsequent non-fatal errors won't be logged; see https://fburl.com/debugjs. {column: 180, clientTime: 1778097563, extra: Object, guardList: Array(4), hash: uvs1nz} @ https://static.xx.fbcdn.net/rsrc.php/v4/yb/r/rnHa3YCp_r6.js:77
[    3056ms] [ERROR] ErrorUtils caught an error:

Could not find element "u_1_3_fc" [Caught in: Module "__elem_9fc087ed_1_4_PI"]

Subsequent non-fatal errors won't be logged; see https://fburl.com/debugjs. {column: 180, clientTime: 1778097563, extra: Object, guardList: Array(4), hash: uvs1nz} @ https://static.xx.fbcdn.net/rsrc.php/v4/yb/r/rnHa3YCp_r6.js:77
[    3057ms] [ERROR] ErrorUtils caught an error:

Could not find element "u_1_3_fc" [Caught in: Module "__elem_9fc087ed_1_4_PI"] [Caught in: Requiring module "__elem_9fc087ed_1_4_PI" which threw an exception]

Subsequent non-fatal errors won't be logged; see https://fburl.com/debugjs. {column: 180, clientTime: 1778097563, extra: Object, guardList: Array(4), hash: uvs1nz} @ https://static.xx.fbcdn.net/rsrc.php/v4/yb/r/rnHa3YCp_r6.js:77
[    3058ms] [ERROR] ErrorUtils caught an error:

Could not find element "u_1_o_s7" [Caught in: Module "__elem_fc9f538f_1_2_+k"]

Subsequent non-fatal errors won't be logged; see https://fburl.com/debugjs. {column: 180, clientTime: 1778097563, extra: Object, guardList: Array(4), hash: 5afhib} @ https://static.xx.fbcdn.net/rsrc.php/v4/yb/r/rnHa3YCp_r6.js:77
[    3058ms] [ERROR] ErrorUtils caught an error:

Could not find element "u_1_p_Cd" [Caught in: Module "__elem_fc9f538f_1_3_eh"]

Subsequent non-fatal errors won't be logged; see https://fburl.com/debugjs. {column: 180, clientTime: 1778097563, extra: Object, guardList: Array(4), hash: 5afhib} @ https://static.xx.fbcdn.net/rsrc.php/v4/yb/r/rnHa3YCp_r6.js:77
[    3058ms] [ERROR] ErrorUtils caught an error:

Could not find element "u_1_t_NM" [Caught in: Module "__elem_fc9f538f_1_4_BW"]

Subsequent non-fatal errors won't be logged; see https://fburl.com/debugjs. {column: 180, clientTime: 1778097563, extra: Object, guardList: Array(4), hash: 5afhib} @ https://static.xx.fbcdn.net/rsrc.php/v4/yb/r/rnHa3YCp_r6.js:77
[    3059ms] [ERROR] ErrorUtils caught an error:

Could not find element "u_1_i_Qd" [Caught in: Module "__elem_a588f507_1_4_GP"]

Subsequent non-fatal errors won't be logged; see https://fburl.com/debugjs. {column: 180, clientTime: 1778097563, extra: Object, guardList: Array(4), hash: uvs1nz} @ https://static.xx.fbcdn.net/rsrc.php/v4/yb/r/rnHa3YCp_r6.js:77
[    3059ms] [ERROR] ErrorUtils caught an error:

Could not find element "u_1_j_0r" [Caught in: Module "__elem_de92090e_1_2_JP"]

Subsequent non-fatal errors won't be logged; see https://fburl.com/debugjs. {column: 180, clientTime: 1778097563, extra: Object, guardList: Array(4), hash: uvs1nz} @ https://static.xx.fbcdn.net/rsrc.php/v4/yb/r/rnHa3YCp_r6.js:77
[    3060ms] [ERROR] ErrorUtils caught an error:

Could not find element "u_1_k_OH" [Caught in: Module "__elem_072b8e64_1_2_dH"]

Subsequent non-fatal errors won't be logged; see https://fburl.com/debugjs. {column: 180, clientTime: 1778097563, extra: Object, guardList: Array(4), hash: uvs1nz} @ https://static.xx.fbcdn.net/rsrc.php/v4/yb/r/rnHa3YCp_r6.js:77
[    3060ms] [ERROR] ErrorUtils caught an error:

Could not find element "u_1_l_xR" [Caught in: Module "__elem_a588f507_1_5_mj"]

Subsequent non-fatal errors won't be logged; see https://fburl.com/debugjs. {column: 180, clientTime: 1778097563, extra: Object, guardList: Array(4), hash: uvs1nz} @ https://static.xx.fbcdn.net/rsrc.php/v4/yb/r/rnHa3YCp_r6.js:77
[    3060ms] [ERROR] ErrorUtils caught an error:

Could not find element "u_1_m_Jt" [Caught in: Module "__elem_de92090e_1_3_m7"]

Subsequent non-fatal errors won't be logged; see https://fburl.com/debugjs. {column: 180, clientTime: 1778097563, extra: Object, guardList: Array(4), hash: uvs1nz} @ https://static.xx.fbcdn.net/rsrc.php/v4/yb/r/rnHa3YCp_r6.js:77
[    3061ms] [ERROR] ErrorUtils caught an error:

Could not find element "u_1_n_3A" [Caught in: Module "__elem_072b8e64_1_3_Mz"]

Subsequent non-fatal errors won't be logged; see https://fburl.com/debugjs. {column: 180, clientTime: 1778097563, extra: Object, guardList: Array(4), hash: uvs1nz} @ https://static.xx.fbcdn.net/rsrc.php/v4/yb/r/rnHa3YCp_r6.js:77
[    3061ms] [ERROR] ErrorUtils caught an error:

Could not find element "u_1_q_3f" [Caught in: Module "__elem_a588f507_1_6_xY"]

Subsequent non-fatal errors won't be logged; see https://fburl.com/debugjs. {column: 180, clientTime: 1778097563, extra: Object, guardList: Array(4), hash: uvs1nz} @ https://static.xx.fbcdn.net/rsrc.php/v4/yb/r/rnHa3YCp_r6.js:77
[    3061ms] [ERROR] ErrorUtils caught an error:

Could not find element "u_1_r_nh" [Caught in: Module "__elem_de92090e_1_4_4E"]

Subsequent non-fatal errors won't be logged; see https://fburl.com/debugjs. {column: 180, clientTime: 1778097563, extra: Object, guardList: Array(4), hash: uvs1nz} @ https://static.xx.fbcdn.net/rsrc.php/v4/yb/r/rnHa3YCp_r6.js:77
[    3061ms] [ERROR] ErrorUtils caught an error:

Could not find element "u_1_s_MM" [Caught in: Module "__elem_072b8e64_1_4_7/"]

Subsequent non-fatal errors won't be logged; see https://fburl.com/debugjs. {column: 180, clientTime: 1778097563, extra: Object, guardList: Array(4), hash: uvs1nz} @ https://static.xx.fbcdn.net/rsrc.php/v4/yb/r/rnHa3YCp_r6.js:77
[    4446ms] [LOG] [Fast Refresh] rebuilding @ http://localhost:3000/_next/static/chunks/d6e4c_next_dist_f826b2eb._.js:2287
[    4626ms] [LOG] [Fast Refresh] done in 280ms @ http://localhost:3000/_next/static/chunks/d6e4c_next_dist_f826b2eb._.js:2287
[   15443ms] [LOG] [Fast Refresh] rebuilding @ http://localhost:3000/_next/static/chunks/d6e4c_next_dist_f826b2eb._.js:2287
[   15604ms] [LOG] [Fast Refresh] done in 266ms @ http://localhost:3000/_next/static/chunks/d6e4c_next_dist_f826b2eb._.js:2287
