[     840ms] [INFO] %cDownload the React DevTools for a better development experience: https://react.dev/link/react-devtools font-weight:bold @ http://localhost:3000/_next/static/chunks/d6e4c_next_dist_f826b2eb._.js:2287
[     882ms] [LOG] [HMR] connected @ http://localhost:3000/_next/static/chunks/d6e4c_next_dist_f826b2eb._.js:2287
[     953ms] [ERROR] A tree hydrated but some attributes of the server rendered HTML didn't match the client properties. This won't be patched up. This can happen if a SSR-ed Client Component used:

- A server/client branch `if (typeof window !== 'undefined')`.
- Variable input such as `Date.now()` or `Math.random()` which changes each time it's called.
- Date formatting in a user's locale which doesn't match the server.
- External changing data without sending a snapshot of it along with the HTML.
- Invalid HTML tag nesting.

It can also happen if the client has a browser extension installed which messes with the HTML before React loaded.

%s%s https://react.dev/link/hydration-mismatch 

  ...
    <MarketingLayout>
      <div className="flex min-h...">
        ...
          <div className="mx-auto fl...">
            <div className="flex items...">
              <Sheet open={false} onOpenChange={function bound dispatchSetState}>
                <Dialog data-slot="sheet" open={false} onOpenChange={function bound dispatchSetState}>
                  <DialogProvider scope={undefined} triggerRef={{current:null}} contentRef={{current:null}} ...>
                    <SheetTrigger asChild={true} className="md:hidden">
                      <DialogTrigger data-slot="sheet-trigger" asChild={true} className="md:hidden">
                        <Primitive.button type="button" aria-haspopup="dialog" aria-expanded={false} ...>
                          <Slot type="button" aria-haspopup="dialog" aria-expanded={false} aria-controls="radix-_R_m..." ...>
                            <SlotClone type="button" aria-haspopup="dialog" aria-expanded={false} ...>
                              <Button variant="ghost" size="icon" aria-label="Open menu" type="button" ...>
                                <button
                                  data-slot="sheet-trigger"
                                  className={"inline-flex items-center justify-center gap-2 whitespace-nowrap rounded..."}
                                  aria-label="Open menu"
                                  type="button"
                                  aria-haspopup="dialog"
                                  aria-expanded={false}
+                                 aria-controls="radix-_R_mitmlb_"
-                                 aria-controls="radix-_R_2mitmlb_"
                                  data-state="closed"
                                  onClick={function handleEvent}
                                  ref={function}
                                >
                    ...
              ...
            ...
              <DropdownMenuTrigger data-slot="dropdown-m..." asChild={true}>
                <MenuAnchor asChild={true} __scopeMenu={{Menu:[...], ...}}>
                  <PopperAnchor __scopePopper={{Menu:[...], ...}} asChild={true} ref={null}>
                    <Primitive.div asChild={true} ref={function}>
                      <Slot ref={function}>
                        <SlotClone ref={function}>
                          <Primitive.button type="button" id="radix-_R_q..." aria-haspopup="menu" aria-expanded={false} ...>
                            <Slot type="button" id="radix-_R_q..." aria-haspopup="menu" aria-expanded={false} ...>
                              <SlotClone type="button" id="radix-_R_q..." aria-haspopup="menu" aria-expanded={false} ...>
                                <Button variant="ghost" size="icon" className="h-9 w-9" aria-label="Change lan..." ...>
                                  <button
                                    data-slot="dropdown-menu-trigger"
                                    className={"inline-flex items-center justify-center gap-2 whitespace-nowrap round..."}
                                    aria-label="Change language"
                                    type="button"
+                                   id="radix-_R_qitmlb_"
-                                   id="radix-_R_36itmlb_"
                                    aria-haspopup="menu"
                                    aria-expanded={false}
                                    aria-controls={undefined}
                                    data-state="closed"
                                    data-disabled={undefined}
                                    disabled={false}
                                    onPointerDown={function handleEvent}
                                    onKeyDown={function handleEvent}
                                    ref={function}
                                  >
        ...
 @ http://localhost:3000/_next/static/chunks/d6e4c_next_dist_f826b2eb._.js:3117
[    1040ms] [LOG] %c[Vercel Web Analytics]%c Debug mode is enabled by default in development. No requests will be sent to the server. color: rgb(120, 120, 120) color: inherit @ http://localhost:3000/_next/static/chunks/d6e4c_next_dist_f826b2eb._.js:2287
[    1040ms] [LOG] %c[Vercel Web Analytics]%c Running queued event color: rgb(120, 120, 120) color: inherit pageview {route: /shop, path: /shop} @ http://localhost:3000/_next/static/chunks/d6e4c_next_dist_f826b2eb._.js:2287
[    1041ms] [LOG] %c[Vercel Web Analytics]%c [view] http://localhost:3000/shop color: rgb(120, 120, 120) color: inherit {o: http://localhost:3000/shop, sv: 0.1.3, sdkn: @vercel/analytics/next, sdkv: 1.3.1, ts: 1778097434869} /_vercel/insights/view @ http://localhost:3000/_next/static/chunks/d6e4c_next_dist_f826b2eb._.js:2287
