[    6239ms] [INFO] %cDownload the React DevTools for a better development experience: https://react.dev/link/react-devtools font-weight:bold @ http://localhost:3000/_next/static/chunks/d6e4c_next_dist_f826b2eb._.js:2287
[    6795ms] [LOG] [HMR] connected @ http://localhost:3000/_next/static/chunks/d6e4c_next_dist_f826b2eb._.js:2287
[    6839ms] [WARNING] Image with src "/images/screenshot-202026-02-02-20183618.png" has "fill" but is missing "sizes" prop. Please add it to improve page performance. Read more: https://nextjs.org/docs/api-reference/next/image#sizes @ http://localhost:3000/_next/static/chunks/d6e4c_next_dist_f826b2eb._.js:2287
[    6849ms] [LOG] %c[Vercel Web Analytics]%c Debug mode is enabled by default in development. No requests will be sent to the server. color: rgb(120, 120, 120) color: inherit @ http://localhost:3000/_next/static/chunks/d6e4c_next_dist_f826b2eb._.js:2287
[    6850ms] [LOG] %c[Vercel Web Analytics]%c Running queued event color: rgb(120, 120, 120) color: inherit pageview {route: /, path: /} @ http://localhost:3000/_next/static/chunks/d6e4c_next_dist_f826b2eb._.js:2287
[    6853ms] [LOG] %c[Vercel Web Analytics]%c [view] http://localhost:3000/ color: rgb(120, 120, 120) color: inherit {o: http://localhost:3000/, sv: 0.1.3, sdkn: @vercel/analytics/next, sdkv: 1.3.1, ts: 1778097236701} /_vercel/insights/view @ http://localhost:3000/_next/static/chunks/d6e4c_next_dist_f826b2eb._.js:2287
[    6935ms] [LOG] [Fast Refresh] rebuilding @ http://localhost:3000/_next/static/chunks/d6e4c_next_dist_f826b2eb._.js:2287
[    6937ms] [LOG] [Fast Refresh] done in 116ms @ http://localhost:3000/_next/static/chunks/d6e4c_next_dist_f826b2eb._.js:2287
[    7948ms] [WARNING] Image with src "/images/JyAlweerGrapBlad.svg" was detected as the Largest Contentful Paint (LCP). Please add the `loading="eager"` property if this image is above the fold.
Read more: https://nextjs.org/docs/app/api-reference/components/image#loading @ http://localhost:3000/_next/static/chunks/d6e4c_next_dist_f826b2eb._.js:2287
[    8254ms] [ERROR] Failed to load resource: the server responded with a status of 404 (Not Found) @ http://localhost:3000/favicon.ico:0
[    8949ms] [ERROR] ErrorUtils caught an error:

Could not find element "u_1_u_ZD" [Caught in: Module "__elem_a588f507_1_0_0n"]

Subsequent non-fatal errors won't be logged; see https://fburl.com/debugjs. {column: 180, clientTime: 1778097238, extra: Object, guardList: Array(4), hash: uvs1nz} @ https://static.xx.fbcdn.net/rsrc.php/v4/yb/r/rnHa3YCp_r6.js:77
[    8950ms] [ERROR] ErrorUtils caught an error:

DataStore.get: namespace is required, got undefined

Subsequent non-fatal errors won't be logged; see https://fburl.com/debugjs. {column: 712, clientTime: 1778097238, extra: Object, guardList: Array(4), hash: vrgny0} @ https://static.xx.fbcdn.net/rsrc.php/v4/yb/r/rnHa3YCp_r6.js:77
[    8952ms] [ERROR] ErrorUtils caught an error:

Could not find element "u_1_4_h1" [Caught in: Module "__elem_9fc087ed_1_0_Ds"]

Subsequent non-fatal errors won't be logged; see https://fburl.com/debugjs. {column: 180, clientTime: 1778097238, extra: Object, guardList: Array(4), hash: uvs1nz} @ https://static.xx.fbcdn.net/rsrc.php/v4/yb/r/rnHa3YCp_r6.js:77
[    8955ms] [ERROR] ErrorUtils caught an error:

Could not find element "u_1_4_h1" [Caught in: Module "__elem_9fc087ed_1_0_Ds"] [Caught in: Requiring module "__elem_9fc087ed_1_0_Ds" which threw an exception]

Subsequent non-fatal errors won't be logged; see https://fburl.com/debugjs. {column: 180, clientTime: 1778097238, extra: Object, guardList: Array(4), hash: uvs1nz} @ https://static.xx.fbcdn.net/rsrc.php/v4/yb/r/rnHa3YCp_r6.js:77
[    8955ms] [ERROR] ErrorUtils caught an error:

Could not find element "u_1_2_nZ" [Caught in: Module "__elem_9fc087ed_1_1_Dp"]

Subsequent non-fatal errors won't be logged; see https://fburl.com/debugjs. {column: 180, clientTime: 1778097238, extra: Object, guardList: Array(4), hash: uvs1nz} @ https://static.xx.fbcdn.net/rsrc.php/v4/yb/r/rnHa3YCp_r6.js:77
[    8956ms] [ERROR] ErrorUtils caught an error:

Could not find element "u_1_2_nZ" [Caught in: Module "__elem_9fc087ed_1_1_Dp"] [Caught in: Requiring module "__elem_9fc087ed_1_1_Dp" which threw an exception]

Subsequent non-fatal errors won't be logged; see https://fburl.com/debugjs. {column: 180, clientTime: 1778097238, extra: Object, guardList: Array(4), hash: uvs1nz} @ https://static.xx.fbcdn.net/rsrc.php/v4/yb/r/rnHa3YCp_r6.js:77
[    8956ms] [ERROR] ErrorUtils caught an error:

Could not find element "u_1_3_pu" [Caught in: Module "__elem_9fc087ed_1_2_hM"]

Subsequent non-fatal errors won't be logged; see https://fburl.com/debugjs. {column: 180, clientTime: 1778097238, extra: Object, guardList: Array(4), hash: uvs1nz} @ https://static.xx.fbcdn.net/rsrc.php/v4/yb/r/rnHa3YCp_r6.js:77
[    8956ms] [ERROR] ErrorUtils caught an error:

Could not find element "u_1_3_pu" [Caught in: Module "__elem_9fc087ed_1_2_hM"] [Caught in: Requiring module "__elem_9fc087ed_1_2_hM" which threw an exception]

Subsequent non-fatal errors won't be logged; see https://fburl.com/debugjs. {column: 180, clientTime: 1778097238, extra: Object, guardList: Array(4), hash: uvs1nz} @ https://static.xx.fbcdn.net/rsrc.php/v4/yb/r/rnHa3YCp_r6.js:77
[    8959ms] [ERROR] ErrorUtils caught an error:

Could not find element "u_1_1_7X" [Caught in: Module "__elem_9fc087ed_1_3_O1"]

Subsequent non-fatal errors won't be logged; see https://fburl.com/debugjs. {column: 180, clientTime: 1778097238, extra: Object, guardList: Array(4), hash: uvs1nz} @ https://static.xx.fbcdn.net/rsrc.php/v4/yb/r/rnHa3YCp_r6.js:77
[    8960ms] [ERROR] ErrorUtils caught an error:

Could not find element "u_1_1_7X" [Caught in: Module "__elem_9fc087ed_1_3_O1"] [Caught in: Requiring module "__elem_9fc087ed_1_3_O1" which threw an exception]

Subsequent non-fatal errors won't be logged; see https://fburl.com/debugjs. {column: 180, clientTime: 1778097238, extra: Object, guardList: Array(4), hash: uvs1nz} @ https://static.xx.fbcdn.net/rsrc.php/v4/yb/r/rnHa3YCp_r6.js:77
[    8960ms] [ERROR] ErrorUtils caught an error:

Could not find element "u_1_0_Hs" [Caught in: Module "__elem_9fc087ed_1_4_0O"]

Subsequent non-fatal errors won't be logged; see https://fburl.com/debugjs. {column: 180, clientTime: 1778097238, extra: Object, guardList: Array(4), hash: uvs1nz} @ https://static.xx.fbcdn.net/rsrc.php/v4/yb/r/rnHa3YCp_r6.js:77
[    8960ms] [ERROR] ErrorUtils caught an error:

Could not find element "u_1_0_Hs" [Caught in: Module "__elem_9fc087ed_1_4_0O"] [Caught in: Requiring module "__elem_9fc087ed_1_4_0O" which threw an exception]

Subsequent non-fatal errors won't be logged; see https://fburl.com/debugjs. {column: 180, clientTime: 1778097238, extra: Object, guardList: Array(4), hash: uvs1nz} @ https://static.xx.fbcdn.net/rsrc.php/v4/yb/r/rnHa3YCp_r6.js:77
[    8961ms] [ERROR] ErrorUtils caught an error:

Could not find element "u_1_p_Zz" [Caught in: Module "__elem_fc9f538f_1_0_Vr"]

Subsequent non-fatal errors won't be logged; see https://fburl.com/debugjs. {column: 180, clientTime: 1778097238, extra: Object, guardList: Array(4), hash: 5afhib} @ https://static.xx.fbcdn.net/rsrc.php/v4/yb/r/rnHa3YCp_r6.js:77
[    8961ms] [ERROR] ErrorUtils caught an error:

Could not find element "u_1_g_mJ" [Caught in: Module "__elem_fc9f538f_1_1_1E"]

Subsequent non-fatal errors won't be logged; see https://fburl.com/debugjs. {column: 180, clientTime: 1778097238, extra: Object, guardList: Array(4), hash: 5afhib} @ https://static.xx.fbcdn.net/rsrc.php/v4/yb/r/rnHa3YCp_r6.js:77
[    8962ms] [ERROR] ErrorUtils caught an error:

Could not find element "u_1_7_2h" [Caught in: Module "__elem_a588f507_1_2_Ik"]

Subsequent non-fatal errors won't be logged; see https://fburl.com/debugjs. {column: 180, clientTime: 1778097238, extra: Object, guardList: Array(4), hash: uvs1nz} @ https://static.xx.fbcdn.net/rsrc.php/v4/yb/r/rnHa3YCp_r6.js:77
[    8962ms] [ERROR] ErrorUtils caught an error:

Could not find element "u_1_8_wB" [Caught in: Module "__elem_de92090e_1_0_JE"]

Subsequent non-fatal errors won't be logged; see https://fburl.com/debugjs. {column: 180, clientTime: 1778097238, extra: Object, guardList: Array(4), hash: uvs1nz} @ https://static.xx.fbcdn.net/rsrc.php/v4/yb/r/rnHa3YCp_r6.js:77
[    8963ms] [ERROR] ErrorUtils caught an error:

Could not find element "u_1_9_us" [Caught in: Module "__elem_072b8e64_1_0_MZ"]

Subsequent non-fatal errors won't be logged; see https://fburl.com/debugjs. {column: 180, clientTime: 1778097238, extra: Object, guardList: Array(4), hash: uvs1nz} @ https://static.xx.fbcdn.net/rsrc.php/v4/yb/r/rnHa3YCp_r6.js:77
[    8963ms] [ERROR] ErrorUtils caught an error:

Could not find element "u_1_a_Et" [Caught in: Module "__elem_a588f507_1_3_Cf"]

Subsequent non-fatal errors won't be logged; see https://fburl.com/debugjs. {column: 180, clientTime: 1778097238, extra: Object, guardList: Array(4), hash: uvs1nz} @ https://static.xx.fbcdn.net/rsrc.php/v4/yb/r/rnHa3YCp_r6.js:77
[    8963ms] [ERROR] ErrorUtils caught an error:

Could not find element "u_1_b_eN" [Caught in: Module "__elem_de92090e_1_1_7O"]

Subsequent non-fatal errors won't be logged; see https://fburl.com/debugjs. {column: 180, clientTime: 1778097238, extra: Object, guardList: Array(4), hash: uvs1nz} @ https://static.xx.fbcdn.net/rsrc.php/v4/yb/r/rnHa3YCp_r6.js:77
[    8964ms] [ERROR] ErrorUtils caught an error:

Could not find element "u_1_c_m9" [Caught in: Module "__elem_072b8e64_1_1_En"]

Subsequent non-fatal errors won't be logged; see https://fburl.com/debugjs. {column: 180, clientTime: 1778097238, extra: Object, guardList: Array(4), hash: uvs1nz} @ https://static.xx.fbcdn.net/rsrc.php/v4/yb/r/rnHa3YCp_r6.js:77
[    8964ms] [ERROR] ErrorUtils caught an error:

Could not find element "u_1_o_qR" [Caught in: Module "__elem_fc9f538f_1_2_Il"]

Subsequent non-fatal errors won't be logged; see https://fburl.com/debugjs. {column: 180, clientTime: 1778097238, extra: Object, guardList: Array(4), hash: 5afhib} @ https://static.xx.fbcdn.net/rsrc.php/v4/yb/r/rnHa3YCp_r6.js:77
[    8964ms] [ERROR] ErrorUtils caught an error:

Could not find element "u_1_k_qp" [Caught in: Module "__elem_fc9f538f_1_3_KH"]

Subsequent non-fatal errors won't be logged; see https://fburl.com/debugjs. {column: 180, clientTime: 1778097238, extra: Object, guardList: Array(4), hash: 5afhib} @ https://static.xx.fbcdn.net/rsrc.php/v4/yb/r/rnHa3YCp_r6.js:77
[    8965ms] [ERROR] ErrorUtils caught an error:

Could not find element "u_1_t_iU" [Caught in: Module "__elem_fc9f538f_1_4_wX"]

Subsequent non-fatal errors won't be logged; see https://fburl.com/debugjs. {column: 180, clientTime: 1778097238, extra: Object, guardList: Array(4), hash: 5afhib} @ https://static.xx.fbcdn.net/rsrc.php/v4/yb/r/rnHa3YCp_r6.js:77
[    8965ms] [ERROR] ErrorUtils caught an error:

Could not find element "u_1_h_an" [Caught in: Module "__elem_a588f507_1_4_0E"]

Subsequent non-fatal errors won't be logged; see https://fburl.com/debugjs. {column: 180, clientTime: 1778097238, extra: Object, guardList: Array(4), hash: uvs1nz} @ https://static.xx.fbcdn.net/rsrc.php/v4/yb/r/rnHa3YCp_r6.js:77
[    8966ms] [ERROR] ErrorUtils caught an error:

Could not find element "u_1_i_WC" [Caught in: Module "__elem_de92090e_1_2_Rt"]

Subsequent non-fatal errors won't be logged; see https://fburl.com/debugjs. {column: 180, clientTime: 1778097238, extra: Object, guardList: Array(4), hash: uvs1nz} @ https://static.xx.fbcdn.net/rsrc.php/v4/yb/r/rnHa3YCp_r6.js:77
[    8967ms] [ERROR] ErrorUtils caught an error:

Could not find element "u_1_j_/g" [Caught in: Module "__elem_072b8e64_1_2_9O"]

Subsequent non-fatal errors won't be logged; see https://fburl.com/debugjs. {column: 180, clientTime: 1778097238, extra: Object, guardList: Array(4), hash: uvs1nz} @ https://static.xx.fbcdn.net/rsrc.php/v4/yb/r/rnHa3YCp_r6.js:77
[    8968ms] [ERROR] ErrorUtils caught an error:

Could not find element "u_1_l_56" [Caught in: Module "__elem_a588f507_1_5_bi"]

Subsequent non-fatal errors won't be logged; see https://fburl.com/debugjs. {column: 180, clientTime: 1778097238, extra: Object, guardList: Array(4), hash: uvs1nz} @ https://static.xx.fbcdn.net/rsrc.php/v4/yb/r/rnHa3YCp_r6.js:77
[    8968ms] [ERROR] ErrorUtils caught an error:

Could not find element "u_1_m_MX" [Caught in: Module "__elem_de92090e_1_3_1x"]

Subsequent non-fatal errors won't be logged; see https://fburl.com/debugjs. {column: 180, clientTime: 1778097238, extra: Object, guardList: Array(4), hash: uvs1nz} @ https://static.xx.fbcdn.net/rsrc.php/v4/yb/r/rnHa3YCp_r6.js:77
[    8968ms] [ERROR] ErrorUtils caught an error:

Could not find element "u_1_n_Jb" [Caught in: Module "__elem_072b8e64_1_3_Nx"]

Subsequent non-fatal errors won't be logged; see https://fburl.com/debugjs. {column: 180, clientTime: 1778097238, extra: Object, guardList: Array(4), hash: uvs1nz} @ https://static.xx.fbcdn.net/rsrc.php/v4/yb/r/rnHa3YCp_r6.js:77
[    8969ms] [ERROR] ErrorUtils caught an error:

Could not find element "u_1_q_hd" [Caught in: Module "__elem_a588f507_1_6_3p"]

Subsequent non-fatal errors won't be logged; see https://fburl.com/debugjs. {column: 180, clientTime: 1778097238, extra: Object, guardList: Array(4), hash: uvs1nz} @ https://static.xx.fbcdn.net/rsrc.php/v4/yb/r/rnHa3YCp_r6.js:77
[    8969ms] [ERROR] ErrorUtils caught an error:

Could not find element "u_1_r_s4" [Caught in: Module "__elem_de92090e_1_4_/v"]

Subsequent non-fatal errors won't be logged; see https://fburl.com/debugjs. {column: 180, clientTime: 1778097238, extra: Object, guardList: Array(4), hash: uvs1nz} @ https://static.xx.fbcdn.net/rsrc.php/v4/yb/r/rnHa3YCp_r6.js:77
[    8969ms] [ERROR] ErrorUtils caught an error:

Could not find element "u_1_s_q/" [Caught in: Module "__elem_072b8e64_1_4_BC"]

Subsequent non-fatal errors won't be logged; see https://fburl.com/debugjs. {column: 180, clientTime: 1778097238, extra: Object, guardList: Array(4), hash: uvs1nz} @ https://static.xx.fbcdn.net/rsrc.php/v4/yb/r/rnHa3YCp_r6.js:77
[   16282ms] [LOG] [Fast Refresh] rebuilding @ http://localhost:3000/_next/static/chunks/d6e4c_next_dist_f826b2eb._.js:2287
[   16458ms] [LOG] [Fast Refresh] done in 281ms @ http://localhost:3000/_next/static/chunks/d6e4c_next_dist_f826b2eb._.js:2287
